Component: Arm Compiler for Embedded 6.19 Tool: armlink [5e73cb00]

==============================================================================

Section Cross References

    startup_stm32f446xx.o(STACK) refers (Special) to heapauxi.o(.text) for __use_two_region_memory
    startup_stm32f446xx.o(HEAP) refers (Special) to heapauxi.o(.text) for __use_two_region_memory
    startup_stm32f446xx.o(RESET) refers (Special) to heapauxi.o(.text) for __use_two_region_memory
    startup_stm32f446xx.o(RESET) refers to startup_stm32f446xx.o(STACK) for __initial_sp
    startup_stm32f446xx.o(RESET) refers to startup_stm32f446xx.o(.text) for Reset_Handler
    startup_stm32f446xx.o(RESET) refers to stm32f4xx_it.o(.text.NMI_Handler) for NMI_Handler
    startup_stm32f446xx.o(RESET) refers to stm32f4xx_it.o(.text.HardFault_Handler) for HardFault_Handler
    startup_stm32f446xx.o(RESET) refers to stm32f4xx_it.o(.text.MemManage_Handler) for MemManage_Handler
    startup_stm32f446xx.o(RESET) refers to stm32f4xx_it.o(.text.BusFault_Handler) for BusFault_Handler
    startup_stm32f446xx.o(RESET) refers to stm32f4xx_it.o(.text.UsageFault_Handler) for UsageFault_Handler
    startup_stm32f446xx.o(RESET) refers to stm32f4xx_it.o(.text.SVC_Handler) for SVC_Handler
    startup_stm32f446xx.o(RESET) refers to stm32f4xx_it.o(.text.DebugMon_Handler) for DebugMon_Handler
    startup_stm32f446xx.o(RESET) refers to stm32f4xx_it.o(.text.PendSV_Handler) for PendSV_Handler
    startup_stm32f446xx.o(RESET) refers to stm32f4xx_it.o(.text.SysTick_Handler) for SysTick_Handler
    startup_stm32f446xx.o(RESET) refers to stm32f4xx_it.o(.text.RCC_IRQHandler) for RCC_IRQHandler
    startup_stm32f446xx.o(RESET) refers to stm32f4xx_it.o(.text.CAN1_RX0_IRQHandler) for CAN1_RX0_IRQHandler
    startup_stm32f446xx.o(RESET) refers to stm32f4xx_it.o(.text.TIM2_IRQHandler) for TIM2_IRQHandler
    startup_stm32f446xx.o(RESET) refers to stm32f4xx_it.o(.text.TIM4_IRQHandler) for TIM4_IRQHandler
    startup_stm32f446xx.o(RESET) refers to stm32f4xx_it.o(.text.TIM8_BRK_TIM12_IRQHandler) for TIM8_BRK_TIM12_IRQHandler
    startup_stm32f446xx.o(RESET) refers to stm32f4xx_it.o(.text.TIM5_IRQHandler) for TIM5_IRQHandler
    startup_stm32f446xx.o(RESET) refers to stm32f4xx_it.o(.text.TIM7_IRQHandler) for TIM7_IRQHandler
    startup_stm32f446xx.o(RESET) refers to stm32f4xx_it.o(.text.DMA2_Stream0_IRQHandler) for DMA2_Stream0_IRQHandler
    startup_stm32f446xx.o(.text) refers (Special) to heapauxi.o(.text) for __use_two_region_memory
    startup_stm32f446xx.o(.text) refers to system_stm32f4xx.o(.text.SystemInit) for SystemInit
    startup_stm32f446xx.o(.text) refers to __main.o(!!!main) for __main
    startup_stm32f446xx.o(.text) refers to startup_stm32f446xx.o(HEAP) for Heap_Mem
    startup_stm32f446xx.o(.text) refers to startup_stm32f446xx.o(STACK) for Stack_Mem
    main.o(.text.main) refers to stm32f4xx_hal.o(.text.HAL_Init) for HAL_Init
    main.o(.text.main) refers to main.o(.text.SystemClock_Config) for SystemClock_Config
    main.o(.text.main) refers to stm32f4xx_hal_gpio.o(.text.HAL_GPIO_WritePin) for HAL_GPIO_WritePin
    main.o(.text.main) refers to stm32f4xx_hal_gpio.o(.text.HAL_GPIO_Init) for HAL_GPIO_Init
    main.o(.text.main) refers to main.o(.bss.htim1) for htim1
    main.o(.text.main) refers to stm32f4xx_hal_tim.o(.text.HAL_TIM_Base_Init) for HAL_TIM_Base_Init
    main.o(.text.main) refers to main.o(.text.Error_Handler) for Error_Handler
    main.o(.text.main) refers to stm32f4xx_hal_tim.o(.text.HAL_TIM_ConfigClockSource) for HAL_TIM_ConfigClockSource
    main.o(.text.main) refers to stm32f4xx_hal_tim.o(.text.HAL_TIM_PWM_Init) for HAL_TIM_PWM_Init
    main.o(.text.main) refers to stm32f4xx_hal_tim_ex.o(.text.HAL_TIMEx_MasterConfigSynchronization) for HAL_TIMEx_MasterConfigSynchronization
    main.o(.text.main) refers to stm32f4xx_hal_tim.o(.text.HAL_TIM_PWM_ConfigChannel) for HAL_TIM_PWM_ConfigChannel
    main.o(.text.main) refers to stm32f4xx_hal_tim_ex.o(.text.HAL_TIMEx_ConfigBreakDeadTime) for HAL_TIMEx_ConfigBreakDeadTime
    main.o(.text.main) refers to stm32f4xx_hal_msp.o(.text.HAL_TIM_MspPostInit) for HAL_TIM_MspPostInit
    main.o(.text.main) refers to main.o(.bss.htim5) for htim5
    main.o(.text.main) refers to main.o(.bss.htim3) for htim3
    main.o(.text.main) refers to main.o(.bss..L_MergedGlobals.1) for .L_MergedGlobals.1
    main.o(.text.main) refers to stm32f4xx_hal_can.o(.text.HAL_CAN_Init) for HAL_CAN_Init
    main.o(.text.main) refers to main.o(.bss.htim2) for htim2
    main.o(.text.main) refers to main.o(.bss.htim4) for htim4
    main.o(.text.main) refers to main.o(.bss.htim7) for htim7
    main.o(.text.main) refers to main.o(.bss.htim12) for htim12
    main.o(.text.main) refers to stm32f4xx_hal_cortex.o(.text.HAL_NVIC_SetPriority) for HAL_NVIC_SetPriority
    main.o(.text.main) refers to stm32f4xx_hal_cortex.o(.text.HAL_NVIC_EnableIRQ) for HAL_NVIC_EnableIRQ
[...]
    .ARM.Collect$$rtentry$$0000000A          0x0800024a   Section        4  __rtentry2.o(.ARM.Collect$$rtentry$$0000000A)
    .ARM.Collect$$rtentry$$0000000C          0x0800024e   Section        0  __rtentry2.o(.ARM.Collect$$rtentry$$0000000C)
    .ARM.Collect$$rtentry$$0000000D          0x0800024e   Section        8  __rtentry2.o(.ARM.Collect$$rtentry$$0000000D)
    .ARM.Collect$$rtexit$$00000000           0x08000256   Section        2  rtexit.o(.ARM.Collect$$rtexit$$00000000)
    .ARM.Collect$$rtexit$$00000002           0x08000258   Section        0  rtexit2.o(.ARM.Collect$$rtexit$$00000002)
    .ARM.Collect$$rtexit$$00000003           0x08000258   Section        4  rtexit2.o(.ARM.Collect$$rtexit$$00000003)
    .ARM.Collect$$rtexit$$00000004           0x0800025c   Section        6  rtexit2.o(.ARM.Collect$$rtexit$$00000004)
    $v0                                      0x08000264   Number         0  startup_stm32f446xx.o(.text)
    .text                                    0x08000264   Section       64  startup_stm32f446xx.o(.text)
    .text                                    0x080002a4   Section      240  lludivv7m.o(.text)
    .text                                    0x08000394   Section        0  heapauxi.o(.text)
    .text                                    0x0800039a   Section       74  sys_stackheap_outer.o(.text)
    .text                                    0x080003e4   Section        0  exit.o(.text)
    .text                                    0x080003f8   Section        8  libspace.o(.text)
    .text                                    0x08000400   Section        0  sys_exit.o(.text)
    .text                                    0x0800040c   Section        2  use_no_semi.o(.text)
    .text                                    0x0800040e   Section        0  indicate_semi.o(.text)
    ADC_DMAConvCplt                          0x08000411   Thumb Code   110  stm32f4xx_hal_adc.o(.text.ADC_DMAConvCplt)
    [Anonymous Symbol]                       0x08000410   Section        0  stm32f4xx_hal_adc.o(.text.ADC_DMAConvCplt)
    ADC_DMAError                             0x08000481   Thumb Code    18  stm32f4xx_hal_adc.o(.text.ADC_DMAError)
    [Anonymous Symbol]                       0x08000480   Section        0  stm32f4xx_hal_adc.o(.text.ADC_DMAError)
    ADC_DMAHalfConvCplt                      0x08000495   Thumb Code     6  stm32f4xx_hal_adc.o(.text.ADC_DMAHalfConvCplt)
    [Anonymous Symbol]                       0x08000494   Section        0  stm32f4xx_hal_adc.o(.text.ADC_DMAHalfConvCplt)
    [Anonymous Symbol]                       0x0800049c   Section        0  stm32f4xx_it.o(.text.BusFault_Handler)
    [Anonymous Symbol]                       0x080004a0   Section        0  stm32f4xx_it.o(.text.CAN1_RX0_IRQHandler)
    [Anonymous Symbol]                       0x080004ac   Section        0  stm32f4xx_it.o(.text.DMA2_Stream0_IRQHandler)
    [Anonymous Symbol]                       0x080004b8   Section        0  stm32f4xx_it.o(.text.DebugMon_Handler)
    [Anonymous Symbol]                       0x080004bc   Section        0  main.o(.text.Error_Handler)
    [Anonymous Symbol]                       0x08000818   Section        0  stm32f4xx_hal_adc.o(.text.HAL_ADC_ConfigChannel)
    [Anonymous Symbol]                       0x08000990   Section        0  main.o(.text.HAL_ADC_ConvCpltCallback)
    [Anonymous Symbol]                       0x08000a28   Section        0  stm32f4xx_hal_adc.o(.text.HAL_ADC_ConvHalfCpltCallback)
    [Anonymous Symbol]                       0x08000a2c   Section        0  stm32f4xx_hal_adc.o(.text.HAL_ADC_ErrorCallback)
    [Anonymous Symbol]                       0x08000a30   Section        0  stm32f4xx_hal_adc.o(.text.HAL_ADC_Init)
    [Anonymous Symbol]                       0x08000b90   Section        0  stm32f4xx_hal_msp.o(.text.HAL_ADC_MspInit)
    [Anonymous Symbol]                       0x08000c40   Section        0  stm32f4xx_hal_adc.o(.text.HAL_ADC_Start_DMA)
    [Anonymous Symbol]                       0x08000de0   Section        0  stm32f4xx_hal_can.o(.text.HAL_CAN_ActivateNotification)
    [Anonymous Symbol]                       0x08000e10   Section        0  stm32f4xx_hal_can.o(.text.HAL_CAN_AddTxMessage)
    [Anonymous Symbol]                       0x08000ed0   Section        0  stm32f4xx_hal_can.o(.text.HAL_CAN_ConfigFilter)
    [Anonymous Symbol]                       0x08000fb0   Section        0  stm32f4xx_hal_can.o(.text.HAL_CAN_ErrorCallback)
    [Anonymous Symbol]                       0x08000fb4   Section        0  stm32f4xx_hal_can.o(.text.HAL_CAN_GetRxMessage)
    [Anonymous Symbol]                       0x080010d4   Section        0  stm32f4xx_hal_can.o(.text.HAL_CAN_GetTxMailboxesFreeLevel)
    [Anonymous Symbol]                       0x080010fc   Section        0  stm32f4xx_hal_can.o(.text.HAL_CAN_IRQHandler)
    [Anonymous Symbol]                       0x0800135c   Section        0  stm32f4xx_hal_can.o(.text.HAL_CAN_Init)
    [Anonymous Symbol]                       0x08001450   Section        0  stm32f4xx_hal_msp.o(.text.HAL_CAN_MspInit)
    [Anonymous Symbol]                       0x080014cc   Section        0  stm32f4xx_hal_can.o(.text.HAL_CAN_RxFifo0FullCallback)
    [Anonymous Symbol]                       0x080014d0   Section        0  main.o(.text.HAL_CAN_RxFifo0MsgPendingCallback)
    [Anonymous Symbol]                       0x080015a0   Section        0  stm32f4xx_hal_can.o(.text.HAL_CAN_RxFifo1FullCallback)
    [Anonymous Symbol]                       0x080015a4   Section        0  stm32f4xx_hal_can.o(.text.HAL_CAN_RxFifo1MsgPendingCallback)
    [Anonymous Symbol]                       0x080015a8   Section        0  stm32f4xx_hal_can.o(.text.HAL_CAN_SleepCallback)
    [Anonymous Symbol]                       0x080015ac   Section        0  stm32f4xx_hal_can.o(.text.HAL_CAN_Start)
    [Anonymous Symbol]                       0x08001608   Section        0  stm32f4xx_hal_can.o(.text.HAL_CAN_TxMailbox0AbortCallback)
    [Anonymous Symbol]                       0x0800160c   Section        0  stm32f4xx_hal_can.o(.text.HAL_CAN_TxMailbox0CompleteCallback)
    [Anonymous Symbol]                       0x08001610   Section        0  stm32f4xx_hal_can.o(.text.HAL_CAN_TxMailbox1AbortCallback)
    [Anonymous Symbol]                       0x08001614   Section        0  stm32f4xx_hal_can.o(.text.HAL_CAN_TxMailbox1CompleteCallback)
    [Anonymous Symbol]                       0x08001618   Section        0  stm32f4xx_hal_can.o(.text.HAL_CAN_TxMailbox2AbortCallback)
    [Anonymous Symbol]                       0x0800161c   Section        0  stm32f4xx_hal_can.o(.text.HAL_CAN_TxMailbox2CompleteCallback)
    [Anonymous Symbol]                       0x08001620   Section        0  stm32f4xx_hal_can.o(.text.HAL_CAN_WakeUpFromRxMsgCallback)
    [Anonymous Symbol]                       0x08001624   Section        0  stm32f4xx_hal_dma.o(.text.HAL_DMA_IRQHandler)
    [Anonymous Symbol]                       0x080017e4   Section        0  stm32f4xx_hal_dma.o(.text.HAL_DMA_Init)
    [Anonymous Symbol]                       0x08001948   Section        0  stm32f4xx_hal_dma.o(.text.HAL_DMA_Start_IT)
    [Anonymous Symbol]                       0x080019e8   Section        0  stm32f4xx_hal_gpio.o(.text.HAL_GPIO_Init)
    [Anonymous Symbol]                       0x08001b8c   Section        0  stm32f4xx_hal_gpio.o(.text.HAL_GPIO_ReadPin)
    [Anonymous Symbol]                       0x08001b98   Section        0  stm32f4xx_hal_gpio.o(.text.HAL_GPIO_WritePin)
    [Anonymous Symbol]                       0x08001ba4   Section        0  stm32f4xx_hal.o(.text.HAL_GetTick)
    [Anonymous Symbol]                       0x08001bb0   Section        0  stm32f4xx_hal.o(.text.HAL_IncTick)
    [Anonymous Symbol]                       0x08001bcc   Section        0  stm32f4xx_hal.o(.text.HAL_Init)
    [Anonymous Symbol]                       0x08001c04   Section        0  stm32f4xx_hal.o(.text.HAL_InitTick)
    [Anonymous Symbol]                       0x08001c4c   Section        0  stm32f4xx_hal_msp.o(.text.HAL_MspInit)
    [Anonymous Symbol]                       0x08001c98   Section        0  stm32f4xx_hal_cortex.o(.text.HAL_NVIC_EnableIRQ)
    [Anonymous Symbol]                       0x08001cc0   Section        0  stm32f4xx_hal_cortex.o(.text.HAL_NVIC_SetPriority)
    [Anonymous Symbol]                       0x08001d18   Section        0  stm32f4xx_hal_cortex.o(.text.HAL_NVIC_SetPriorityGrouping)
    [Anonymous Symbol]                       0x08001d38   Section        0  stm32f4xx_hal_pwr_ex.o(.text.HAL_PWREx_EnableOverDrive)
    [Anonymous Symbol]                       0x08001db4   Section        0  stm32f4xx_hal_rcc.o(.text.HAL_RCC_ClockConfig)
    [Anonymous Symbol]                       0x08001f14   Section        0  stm32f4xx_hal_rcc.o(.text.HAL_RCC_GetPCLK1Freq)
    [Anonymous Symbol]                       0x08001f3c   Section        0  stm32f4xx_hal_rcc_ex.o(.text.HAL_RCC_GetSysClockFreq)
    [Anonymous Symbol]                       0x08001fe4   Section        0  stm32f4xx_hal_rcc_ex.o(.text.HAL_RCC_OscConfig)
    [Anonymous Symbol]                       0x0800238c   Section        0  stm32f4xx_hal_cortex.o(.text.HAL_SYSTICK_Config)
    [Anonymous Symbol]                       0x080023b8   Section        0  stm32f4xx_hal_tim_ex.o(.text.HAL_TIMEx_BreakCallback)
    [Anonymous Symbol]                       0x080023bc   Section        0  stm32f4xx_hal_tim_ex.o(.text.HAL_TIMEx_CommutCallback)
    [Anonymous Symbol]                       0x080023c0   Section        0  stm32f4xx_hal_tim_ex.o(.text.HAL_TIMEx_ConfigBreakDeadTime)
    [Anonymous Symbol]                       0x0800240c   Section        0  stm32f4xx_hal_tim_ex.o(.text.HAL_TIMEx_MasterConfigSynchronization)
    [Anonymous Symbol]                       0x080024c4   Section        0  stm32f4xx_hal_tim.o(.text.HAL_TIM_Base_Init)
    [Anonymous Symbol]                       0x08002520   Section        0  stm32f4xx_hal_msp.o(.text.HAL_TIM_Base_MspInit)
    [Anonymous Symbol]                       0x08002708   Section        0  stm32f4xx_hal_tim.o(.text.HAL_TIM_Base_Start)
    [Anonymous Symbol]                       0x080027ac   Section        0  stm32f4xx_hal_tim.o(.text.HAL_TIM_Base_Start_IT)
    [Anonymous Symbol]                       0x08002858   Section        0  stm32f4xx_hal_tim.o(.text.HAL_TIM_Base_Stop_IT)
    [Anonymous Symbol]                       0x08002894   Section        0  stm32f4xx_hal_tim.o(.text.HAL_TIM_ConfigClockSource)
    [Anonymous Symbol]                       0x08002a28   Section        0  stm32f4xx_hal_tim.o(.text.HAL_TIM_IC_CaptureCallback)
    [Anonymous Symbol]                       0x08002a2c   Section        0  stm32f4xx_hal_tim.o(.text.HAL_TIM_IRQHandler)
    [Anonymous Symbol]                       0x08002b9c   Section        0  stm32f4xx_hal_msp.o(.text.HAL_TIM_MspPostInit)
    [Anonymous Symbol]                       0x08002c2c   Section        0  stm32f4xx_hal_tim.o(.text.HAL_TIM_OC_DelayElapsedCallback)
    [Anonymous Symbol]                       0x08002c30   Section        0  stm32f4xx_hal_tim.o(.text.HAL_TIM_PWM_ConfigChannel)
    [Anonymous Symbol]                       0x08002e44   Section        0  stm32f4xx_hal_tim.o(.text.HAL_TIM_PWM_Init)
    [Anonymous Symbol]                       0x08002ea0   Section        0  stm32f4xx_hal_tim.o(.text.HAL_TIM_PWM_MspInit)
    [Anonymous Symbol]                       0x08002ea4   Section        0  stm32f4xx_hal_tim.o(.text.HAL_TIM_PWM_PulseFinishedCallback)
    [Anonymous Symbol]                       0x08002ea8   Section        0  stm32f4xx_hal_tim.o(.text.HAL_TIM_PWM_Start)
    [Anonymous Symbol]                       0x08002fbc   Section        0  stm32f4xx_hal_tim.o(.text.HAL_TIM_PWM_Stop)
    [Anonymous Symbol]                       0x08003068   Section        0  main.o(.text.HAL_TIM_PeriodElapsedCallback)
    [Anonymous Symbol]                       0x080034a4   Section        0  stm32f4xx_hal_tim.o(.text.HAL_TIM_TriggerCallback)
    [Anonymous Symbol]                       0x080034a8   Section        0  stm32f4xx_it.o(.text.HardFault_Handler)
    [Anonymous Symbol]                       0x080034ac   Section        0  stm32f4xx_it.o(.text.MemManage_Handler)
    [Anonymous Symbol]                       0x080034b0   Section        0  stm32f4xx_it.o(.text.NMI_Handler)
    [Anonymous Symbol]                       0x080034b4   Section        0  stm32f4xx_it.o(.text.PendSV_Handler)
    [Anonymous Symbol]                       0x080034b8   Section        0  stm32f4xx_it.o(.text.RCC_IRQHandler)
    [Anonymous Symbol]                       0x080034bc   Section        0  stm32f4xx_it.o(.text.SVC_Handler)
    [Anonymous Symbol]                       0x080034c0   Section        0  stm32f4xx_it.o(.text.SysTick_Handler)
    [Anonymous Symbol]                       0x080034c4   Section        0  main.o(.text.SystemClock_Config)
    [Anonymous Symbol]                       0x0800357c   Section        0  system_stm32f4xx.o(.text.SystemInit)
    [Anonymous Symbol]                       0x08003590   Section        0  stm32f4xx_it.o(.text.TIM2_IRQHandler)
    [Anonymous Symbol]                       0x0800359c   Section        0  stm32f4xx_it.o(.text.TIM4_IRQHandler)
    [Anonymous Symbol]                       0x080035a8   Section        0  stm32f4xx_it.o(.text.TIM5_IRQHandler)
    [Anonymous Symbol]                       0x080035b4   Section        0  stm32f4xx_it.o(.text.TIM7_IRQHandler)
    [Anonymous Symbol]                       0x080035c0   Section        0  stm32f4xx_it.o(.text.TIM8_BRK_TIM12_IRQHandler)
    [Anonymous Symbol]                       0x080035e0   Section        0  stm32f4xx_hal_tim.o(.text.TIM_Base_SetConfig)
    [Anonymous Symbol]                       0x0800371c   Section        0  stm32f4xx_it.o(.text.UsageFault_Handler)
    [Anonymous Symbol]                       0x08003720   Section        0  main.o(.text.asInitialCheck)
    [Anonymous Symbol]                       0x08003c80   Section        0  can_mcu.o(.text.can_mcu_apu_state_mission_unpack)
    [Anonymous Symbol]                       0x08003ca0   Section        0  can_mcu.o(.text.can_mcu_asb_pack)
    [Anonymous Symbol]                       0x08003d10   Section        0  can_mcu.o(.text.can_mcu_dash_brake_unpack)
    [Anonymous Symbol]                       0x08003d50   Section        0  can_mcu.o(.text.can_mcu_ecu_bools_unpack)
    [Anonymous Symbol]                       0x08003db4   Section        0  main.o(.text.delay_ms)
    [Anonymous Symbol]                       0x08003e10   Section        0  main.o(.text.main)
    [Anonymous Symbol]                       0x0800466c   Section        0  main.o(.text.manualInitialCheck)
    [Anonymous Symbol]                       0x080047a4   Section        0  main.o(.text.supervisorInit)
    [Anonymous Symbol]                       0x08004870   Section        0  main.o(.text.variablesInit)
    $v0                                      0x08004954   Number         0  d2f.o(x$fpl$d2f)
    x$fpl$d2f                                0x08004954   Section       98  d2f.o(x$fpl$d2f)
    $v0                                      0x080049b6   Number         0  dcmpi.o(x$fpl$dcmpinf)
    x$fpl$dcmpinf                            0x080049b6   Section       24  dcmpi.o(x$fpl$dcmpinf)
    $v0                                      0x080049d0   Number         0  ddiv.o(x$fpl$ddiv)
    x$fpl$ddiv                               0x080049d0   Section      692  ddiv.o(x$fpl$ddiv)
    ddiv_entry                               0x080049d7   Thumb Code     0  ddiv.o(x$fpl$ddiv)
    $v0                                      0x08004c84   Number         0  deqf.o(x$fpl$deqf)
    x$fpl$deqf                               0x08004c84   Section      120  deqf.o(x$fpl$deqf)
    $v0                                      0x08004cfc   Number         0  dfix.o(x$fpl$dfix)
    x$fpl$dfix                               0x08004cfc   Section       94  dfix.o(x$fpl$dfix)
    $v0                                      0x08004d5a   Number         0  dflt_clz.o(x$fpl$dfltu)
    x$fpl$dfltu                              0x08004d5a   Section       38  dflt_clz.o(x$fpl$dfltu)
    $v0                                      0x08004d80   Number         0  dgeqf.o(x$fpl$dgeqf)
    x$fpl$dgeqf                              0x08004d80   Section      120  dgeqf.o(x$fpl$dgeqf)
    $v0                                      0x08004df8   Number         0  dleqf.o(x$fpl$dleqf)
    x$fpl$dleqf                              0x08004df8   Section      120  dleqf.o(x$fpl$dleqf)
    $v0                                      0x08004e70   Number         0  dmul.o(x$fpl$dmul)
    x$fpl$dmul                               0x08004e70   Section      340  dmul.o(x$fpl$dmul)
    $v0                                      0x08004fc4   Number         0  dnaninf.o(x$fpl$dnaninf)
    x$fpl$dnaninf                            0x08004fc4   Section      156  dnaninf.o(x$fpl$dnaninf)
    $v0                                      0x08005060   Number         0  dretinf.o(x$fpl$dretinf)
    x$fpl$dretinf                            0x08005060   Section       12  dretinf.o(x$fpl$dretinf)
    $v0                                      0x0800506c   Number         0  f2d.o(x$fpl$f2d)
    x$fpl$f2d                                0x0800506c   Section       86  f2d.o(x$fpl$f2d)
    $v0                                      0x080050c2   Number         0  dcmp.o(x$fpl$fcmp)
    x$fpl$fcmp                               0x080050c2   Section       84  dcmp.o(x$fpl$fcmp)
    $v0                                      0x08005116   Number         0  fnaninf.o(x$fpl$fnaninf)
    x$fpl$fnaninf                            0x08005116   Section      140  fnaninf.o(x$fpl$fnaninf)
    $v0                                      0x080051a2   Number         0  fpinit.o(x$fpl$fpinit)
    x$fpl$fpinit                             0x080051a2   Section       26  fpinit.o(x$fpl$fpinit)
    $v0                                      0x080051bc   Number         0  fretinf.o(x$fpl$fretinf)
    x$fpl$fretinf                            0x080051bc   Section       10  fretinf.o(x$fpl$fretinf)
    x$fpl$usenofp                            0x080051c6   Section        0  usenofp.o(x$fpl$usenofp)
    DMA_CalcBaseAndBitshift.flagBitshiftOffset 0x080051de   Data           8  stm32f4xx_hal_dma.o(.rodata.cst8)
    [Anonymous Symbol]                       0x080051de   Section        0  stm32f4xx_hal_dma.o(.rodata.cst8)
    .L_MergedGlobals                         0x20000000   Data           8  stm32f4xx_hal.o(.data..L_MergedGlobals)
    [Anonymous Symbol]                       0x20000000   Section        0  stm32f4xx_hal.o(.data..L_MergedGlobals)
    .bss                                     0x20000010   Section       96  libspace.o(.bss)
    .L_MergedGlobals                         0x20000070   Data         106  main.o(.bss..L_MergedGlobals)
    [Anonymous Symbol]                       0x20000070   Section        0  main.o(.bss..L_MergedGlobals)
    watchdog_running                         0x20000084   Data           1  main.o(.bss..L_MergedGlobals)
    .L_MergedGlobals.1                       0x200000dc   Data          92  main.o(.bss..L_MergedGlobals.1)
    [Anonymous Symbol]                       0x200000dc   Section        0  main.o(.bss..L_MergedGlobals.1)
    .L_MergedGlobals.2                       0x20000138   Data         124  main.o(.bss..L_MergedGlobals.2)
    [Anonymous Symbol]                       0x20000138   Section        0  main.o(.bss..L_MergedGlobals.2)
    Heap_Mem                                 0x20000458   Data         512  startup_stm32f446xx.o(HEAP)
    HEAP                                     0x20000458   Section      512  startup_stm32f446xx.o(HEAP)
    Stack_Mem                                0x20000658   Data        1024  startup_stm32f446xx.o(STACK)
    STACK                                    0x20000658   Section     1024  startup_stm32f446xx.o(STACK)
    __initial_sp                             0x20000a58   Data           0  startup_stm32f446xx.o(STACK)

    Global Symbols

    Symbol Name                              Value     Ov Type        Size  Object(Section)

    BuildAttributes$$THM_ISAv4$E$P$D$K$B$S$7EM$VFPi3$EXTD16$VFPS$VFMA$PE$A:L22UL41UL21$X:L11$S22US41US21$IEEE1$IW$~IW$USESV6$~STKCKD$USESV7$~SHL$OTIME$ROPI$EBA8$UX$STANDARDLIB$REQ8$PRES8$EABIv2 0x00000000   Number         0  anon$$obj.o ABSOLUTE
    __ARM_exceptions_init                     - Undefined Weak Reference
    __alloca_initialize                       - Undefined Weak Reference
    __arm_preinit_                            - Undefined Weak Reference
    __arm_relocate_pie_                       - Undefined Weak Reference
    __cpp_initialize__aeabi_                  - Undefined Weak Reference
    __cxa_finalize                            - Undefined Weak Reference
    __rt_locale                               - Undefined Weak Reference
    __sigvec_lookup                           - Undefined Weak Reference
    _atexit_init                              - Undefined Weak Reference
    _call_atexit_fns                          - Undefined Weak Reference
    _clock_init                               - Undefined Weak Reference
    _fp_trap_init                             - Undefined Weak Reference
    _fp_trap_shutdown                         - Undefined Weak Reference
    _get_lc_collate                           - Undefined Weak Reference
    _get_lc_ctype                             - Undefined Weak Reference
    _get_lc_monetary                          - Undefined Weak Reference
    _get_lc_numeric                           - Undefined Weak Reference
    _get_lc_time                              - Undefined Weak Reference
    _getenv_init                              - Undefined Weak Reference
    _handle_redirection                       - Undefined Weak Reference
    _init_alloc                               - Undefined Weak Reference
    _init_user_alloc                          - Undefined Weak Reference
    _initio                                   - Undefined Weak Reference
    _rand_init                                - Undefined Weak Reference
    _signal_finish                            - Undefined Weak Reference
    _signal_init                              - Undefined Weak Reference
    _terminate_alloc                          - Undefined Weak Reference
    _terminate_user_alloc                     - Undefined Weak Reference
    _terminateio                              - Undefined Weak Reference
    __Vectors_Size                           0x000001c4   Number         0  startup_stm32f446xx.o ABSOLUTE
    __Vectors                                0x08000000   Data           4  startup_stm32f446xx.o(RESET)
    __Vectors_End                            0x080001c4   Data           0  startup_stm32f446xx.o(RESET)
    __main                                   0x080001c5   Thumb Code     8  __main.o(!!!main)
    __scatterload                            0x080001cd   Thumb Code     0  __scatter.o(!!!scatter)
    __scatterload_rt2                        0x080001cd   Thumb Code    44  __scatter.o(!!!scatter)
    __scatterload_rt2_thumb_only             0x080001cd   Thumb Code     0  __scatter.o(!!!scatter)
    __scatterload_null                       0x080001db   Thumb Code     0  __scatter.o(!!!scatter)
    __scatterload_copy                       0x08000201   Thumb Code    26  __scatter_copy.o(!!handler_copy)
    __scatterload_zeroinit                   0x0800021d   Thumb Code    28  __scatter_zi.o(!!handler_zi)
    __rt_lib_init                            0x08000239   Thumb Code     0  libinit.o(.ARM.Collect$$libinit$$00000000)
    __rt_lib_init_fp_1                       0x0800023b   Thumb Code     0  libinit2.o(.ARM.Collect$$libinit$$00000001)
    __rt_lib_init_alloca_1                   0x0800023f   Thumb Code     0  libinit2.o(.ARM.Collect$$libinit$$00000030)
    __rt_lib_init_argv_1                     0x0800023f   Thumb Code     0  libinit2.o(.ARM.Collect$$libinit$$0000002E)
    __rt_lib_init_atexit_1                   0x0800023f   Thumb Code     0  libinit2.o(.ARM.Collect$$libinit$$0000001D)
    __rt_lib_init_clock_1                    0x0800023f   Thumb Code     0  libinit2.o(.ARM.Collect$$libinit$$00000023)
    __rt_lib_init_cpp_1                      0x0800023f   Thumb Code     0  libinit2.o(.ARM.Collect$$libinit$$00000034)
    __rt_lib_init_exceptions_1               0x0800023f   Thumb Code     0  libinit2.o(.ARM.Collect$$libinit$$00000032)
    __rt_lib_init_fp_trap_1                  0x0800023f   Thumb Code     0  libinit2.o(.ARM.Collect$$libinit$$00000021)
    __rt_lib_init_getenv_1                   0x0800023f   Thumb Code     0  libinit2.o(.ARM.Collect$$libinit$$00000025)
    __rt_lib_init_heap_1                     0x0800023f   Thumb Code     0  libinit2.o(.ARM.Collect$$libinit$$0000000C)
    __rt_lib_init_lc_collate_1               0x0800023f   Thumb Code     0  libinit2.o(.ARM.Collect$$libinit$$00000013)
    __rt_lib_init_lc_ctype_1                 0x0800023f   Thumb Code     0  libinit2.o(.ARM.Collect$$libinit$$00000015)
    __rt_lib_init_lc_monetary_1              0x0800023f   Thumb Code     0  libinit2.o(.ARM.Collect$$libinit$$00000017)
    __rt_lib_init_lc_numeric_1               0x0800023f   Thumb Code     0  libinit2.o(.ARM.Collect$$libinit$$00000019)
    __rt_lib_init_lc_time_1                  0x0800023f   Thumb Code     0  libinit2.o(.ARM.Collect$$libinit$$0000001B)
    __rt_lib_init_preinit_1                  0x0800023f   Thumb Code     0  libinit2.o(.ARM.Collect$$libinit$$00000006)
    __rt_lib_init_rand_1                     0x0800023f   Thumb Code     0  libinit2.o(.ARM.Collect$$libinit$$00000010)
    __rt_lib_init_relocate_pie_1             0x0800023f   Thumb Code     0  libinit2.o(.ARM.Collect$$libinit$$00000004)
    __rt_lib_init_return                     0x0800023f   Thumb Code     0  libinit2.o(.ARM.Collect$$libinit$$00000035)
    __rt_lib_init_signal_1                   0x0800023f   Thumb Code     0  libinit2.o(.ARM.Collect$$libinit$$0000001F)
    __rt_lib_init_stdio_1                    0x0800023f   Thumb Code     0  libinit2.o(.ARM.Collect$$libinit$$00000027)
    __rt_lib_init_user_alloc_1               0x0800023f   Thumb Code     0  libinit2.o(.ARM.Collect$$libinit$$0000000E)
    __rt_lib_shutdown                        0x08000241   Thumb Code     0  libshutdown.o(.ARM.Collect$$libshutdown$$00000000)
    __rt_lib_shutdown_cpp_1                  0x08000243   Thumb Code     0  libshutdown2.o(.ARM.Collect$$libshutdown$$00000002)
    __rt_lib_shutdown_fp_trap_1              0x08000243   Thumb Code     0  libshutdown2.o(.ARM.Collect$$libshutdown$$00000007)
    __rt_lib_shutdown_heap_1                 0x08000243   Thumb Code     0  libshutdown2.o(.ARM.Collect$$libshutdown$$0000000F)
    __rt_lib_shutdown_return                 0x08000243   Thumb Code     0  libshutdown2.o(.ARM.Collect$$libshutdown$$00000010)
    __rt_lib_shutdown_signal_1               0x08000243   Thumb Code     0  libshutdown2.o(.ARM.Collect$$libshutdown$$0000000A)
    __rt_lib_shutdown_stdio_1                0x08000243   Thumb Code     0  libshutdown2.o(.ARM.Collect$$libshutdown$$00000004)
    __rt_lib_shutdown_user_alloc_1           0x08000243   Thumb Code     0  libshutdown2.o(.ARM.Collect$$libshutdown$$0000000C)
    __rt_entry                               0x08000245   Thumb Code     0  __rtentry.o(.ARM.Collect$$rtentry$$00000000)
    __rt_entry_presh_1                       0x08000245   Thumb Code     0  __rtentry2.o(.ARM.Collect$$rtentry$$00000002)
    __rt_entry_sh                            0x08000245   Thumb Code     0  __rtentry4.o(.ARM.Collect$$rtentry$$00000004)
    __rt_entry_li                            0x0800024b   Thumb Code     0  __rtentry2.o(.ARM.Collect$$rtentry$$0000000A)
    __rt_entry_postsh_1                      0x0800024b   Thumb Code     0  __rtentry2.o(.ARM.Collect$$rtentry$$00000009)
    __rt_entry_main                          0x0800024f   Thumb Code     0  __rtentry2.o(.ARM.Collect$$rtentry$$0000000D)
    __rt_entry_postli_1                      0x0800024f   Thumb Code     0  __rtentry2.o(.ARM.Collect$$rtentry$$0000000C)
    __rt_exit                                0x08000257   Thumb Code     0  rtexit.o(.ARM.Collect$$rtexit$$00000000)
    __rt_exit_ls                             0x08000259   Thumb Code     0  rtexit2.o(.ARM.Collect$$rtexit$$00000003)
    __rt_exit_prels_1                        0x08000259   Thumb Code     0  rtexit2.o(.ARM.Collect$$rtexit$$00000002)
    __rt_exit_exit                           0x0800025d   Thumb Code     0  rtexit2.o(.ARM.Collect$$rtexit$$00000004)
    Reset_Handler                            0x08000265   Thumb Code     8  startup_stm32f446xx.o(.text)
    ADC_IRQHandler                           0x0800027f   Thumb Code     0  startup_stm32f446xx.o(.text)
    CAN1_RX1_IRQHandler                      0x0800027f   Thumb Code     0  startup_stm32f446xx.o(.text)
    CAN1_SCE_IRQHandler                      0x0800027f   Thumb Code     0  startup_stm32f446xx.o(.text)
    CAN1_TX_IRQHandler                       0x0800027f   Thumb Code     0  startup_stm32f446xx.o(.text)
    CAN2_RX0_IRQHandler                      0x0800027f   Thumb Code     0  startup_stm32f446xx.o(.text)
    CAN2_RX1_IRQHandler                      0x0800027f   Thumb Code     0  startup_stm32f446xx.o(.text)
    CAN2_SCE_IRQHandler                      0x0800027f   Thumb Code     0  startup_stm32f446xx.o(.text)
    CAN2_TX_IRQHandler                       0x0800027f   Thumb Code     0  startup_stm32f446xx.o(.text)
    CEC_IRQHandler                           0x0800027f   Thumb Code     0  startup_stm32f446xx.o(.text)
    DCMI_IRQHandler                          0x0800027f   Thumb Code     0  startup_stm32f446xx.o(.text)
    DMA1_Stream0_IRQHandler                  0x0800027f   Thumb Code     0  startup_stm32f446xx.o(.text)
    DMA1_Stream1_IRQHandler                  0x0800027f   Thumb Code     0  startup_stm32f446xx.o(.text)
    DMA1_Stream2_IRQHandler                  0x0800027f   Thumb Code     0  startup_stm32f446xx.o(.text)
    DMA1_Stream3_IRQHandler                  0x0800027f   Thumb Code     0  startup_stm32f446xx.o(.text)
    DMA1_Stream4_IRQHandler                  0x0800027f   Thumb Code     0  startup_stm32f446xx.o(.text)
    DMA1_Stream5_IRQHandler                  0x0800027f   Thumb Code     0  startup_stm32f446xx.o(.text)
    DMA1_Stream6_IRQHandler                  0x0800027f   Thumb Code     0  startup_stm32f446xx.o(.text)
    DMA1_Stream7_IRQHandler                  0x0800027f   Thumb Code     0  startup_stm32f446xx.o(.text)
    DMA2_Stream1_IRQHandler                  0x0800027f   Thumb Code     0  startup_stm32f446xx.o(.text)
    DMA2_Stream2_IRQHandler                  0x0800027f   Thumb Code     0  startup_stm32f446xx.o(.text)
    DMA2_Stream3_IRQHandler                  0x0800027f   Thumb Code     0  startup_stm32f446xx.o(.text)
    DMA2_Stream4_IRQHandler                  0x0800027f   Thumb Code     0  startup_stm32f446xx.o(.text)
    DMA2_Stream5_IRQHandler                  0x0800027f   Thumb Code     0  startup_stm32f446xx.o(.text)
    DMA2_Stream6_IRQHandler                  0x0800027f   Thumb Code     0  startup_stm32f446xx.o(.text)
    DMA2_Stream7_IRQHandler                  0x0800027f   Thumb Code     0  startup_stm32f446xx.o(.text)
    EXTI0_IRQHandler                         0x0800027f   Thumb Code     0  startup_stm32f446xx.o(.text)
    EXTI15_10_IRQHandler                     0x0800027f   Thumb Code     0  startup_stm32f446xx.o(.text)
    EXTI1_IRQHandler                         0x0800027f   Thumb Code     0  startup_stm32f446xx.o(.text)
    EXTI2_IRQHandler                         0x0800027f   Thumb Code     0  startup_stm32f446xx.o(.text)
    EXTI3_IRQHandler                         0x0800027f   Thumb Code     0  startup_stm32f446xx.o(.text)
    EXTI4_IRQHandler                         0x0800027f   Thumb Code     0  startup_stm32f446xx.o(.text)
    EXTI9_5_IRQHandler                       0x0800027f   Thumb Code     0  startup_stm32f446xx.o(.text)
    FLASH_IRQHandler                         0x0800027f   Thumb Code     0  startup_stm32f446xx.o(.text)
    FMC_IRQHandler                           0x0800027f   Thumb Code     0  startup_stm32f446xx.o(.text)
    FMPI2C1_ER_IRQHandler                    0x0800027f   Thumb Code     0  startup_stm32f446xx.o(.text)
    FMPI2C1_EV_IRQHandler                    0x0800027f   Thumb Code     0  startup_stm32f446xx.o(.text)
    FPU_IRQHandler                           0x0800027f   Thumb Code     0  startup_stm32f446xx.o(.text)
    I2C1_ER_IRQHandler                       0x0800027f   Thumb Code     0  startup_stm32f446xx.o(.text)
    I2C1_EV_IRQHandler                       0x0800027f   Thumb Code     0  startup_stm32f446xx.o(.text)
    I2C2_ER_IRQHandler                       0x0800027f   Thumb Code     0  startup_stm32f446xx.o(.text)
    I2C2_EV_IRQHandler                       0x0800027f   Thumb Code     0  startup_stm32f446xx.o(.text)
    I2C3_ER_IRQHandler                       0x0800027f   Thumb Code     0  startup_stm32f446xx.o(.text)
    I2C3_EV_IRQHandler                       0x0800027f   Thumb Code     0  startup_stm32f446xx.o(.text)
    OTG_FS_IRQHandler                        0x0800027f   Thumb Code     0  startup_stm32f446xx.o(.text)
    OTG_FS_WKUP_IRQHandler                   0x0800027f   Thumb Code     0  startup_stm32f446xx.o(.text)
    OTG_HS_EP1_IN_IRQHandler                 0x0800027f   Thumb Code     0  startup_stm32f446xx.o(.text)
    OTG_HS_EP1_OUT_IRQHandler                0x0800027f   Thumb Code     0  startup_stm32f446xx.o(.text)
    OTG_HS_IRQHandler                        0x0800027f   Thumb Code     0  startup_stm32f446xx.o(.text)
    OTG_HS_WKUP_IRQHandler                   0x0800027f   Thumb Code     0  startup_stm32f446xx.o(.text)
    PVD_IRQHandler                           0x0800027f   Thumb Code     0  startup_stm32f446xx.o(.text)
    QUADSPI_IRQHandler                       0x0800027f   Thumb Code     0  startup_stm32f446xx.o(.text)
    RTC_Alarm_IRQHandler                     0x0800027f   Thumb Code     0  startup_stm32f446xx.o(.text)
    RTC_WKUP_IRQHandler                      0x0800027f   Thumb Code     0  startup_stm32f446xx.o(.text)
    SAI1_IRQHandler                          0x0800027f   Thumb Code     0  startup_stm32f446xx.o(.text)
    SAI2_IRQHandler                          0x0800027f   Thumb Code     0  startup_stm32f446xx.o(.text)
    SDIO_IRQHandler                          0x0800027f   Thumb Code     0  startup_stm32f446xx.o(.text)
    SPDIF_RX_IRQHandler                      0x0800027f   Thumb Code     0  startup_stm32f446xx.o(.text)
    SPI1_IRQHandler                          0x0800027f   Thumb Code     0  startup_stm32f446xx.o(.text)
    SPI2_IRQHandler                          0x0800027f   Thumb Code     0  startup_stm32f446xx.o(.text)
    SPI3_IRQHandler                          0x0800027f   Thumb Code     0  startup_stm32f446xx.o(.text)
    SPI4_IRQHandler                          0x0800027f   Thumb Code     0  startup_stm32f446xx.o(.text)
    TAMP_STAMP_IRQHandler                    0x0800027f   Thumb Code     0  startup_stm32f446xx.o(.text)
    TIM1_BRK_TIM9_IRQHandler                 0x0800027f   Thumb Code     0  startup_stm32f446xx.o(.text)
    TIM1_CC_IRQHandler                       0x0800027f   Thumb Code     0  startup_stm32f446xx.o(.text)
    TIM1_TRG_COM_TIM11_IRQHandler            0x0800027f   Thumb Code     0  startup_stm32f446xx.o(.text)
    TIM1_UP_TIM10_IRQHandler                 0x0800027f   Thumb Code     0  startup_stm32f446xx.o(.text)
    TIM3_IRQHandler                          0x0800027f   Thumb Code     0  startup_stm32f446xx.o(.text)
    TIM6_DAC_IRQHandler                      0x0800027f   Thumb Code     0  startup_stm32f446xx.o(.text)
    TIM8_CC_IRQHandler                       0x0800027f   Thumb Code     0  startup_stm32f446xx.o(.text)
    TIM8_TRG_COM_TIM14_IRQHandler            0x0800027f   Thumb Code     0  startup_stm32f446xx.o(.text)
    TIM8_UP_TIM13_IRQHandler                 0x0800027f   Thumb Code     0  startup_stm32f446xx.o(.text)
    UART4_IRQHandler                         0x0800027f   Thumb Code     0  startup_stm32f446xx.o(.text)
    UART5_IRQHandler                         0x0800027f   Thumb Code     0  startup_stm32f446xx.o(.text)
    USART1_IRQHandler                        0x0800027f   Thumb Code     0  startup_stm32f446xx.o(.text)
    USART2_IRQHandler                        0x0800027f   Thumb Code     0  startup_stm32f446xx.o(.text)
    USART3_IRQHandler                        0x0800027f   Thumb Code     0  startup_stm32f446xx.o(.text)
    USART6_IRQHandler                        0x0800027f   Thumb Code     0  startup_stm32f446xx.o(.text)
    WWDG_IRQHandler                          0x0800027f   Thumb Code     0  startup_stm32f446xx.o(.text)
    __user_initial_stackheap                 0x08000281   Thumb Code     0  startup_stm32f446xx.o(.text)
    __aeabi_uldivmod                         0x080002a5   Thumb Code     0  lludivv7m.o(.text)
    _ll_udiv                                 0x080002a5   Thumb Code   240  lludivv7m.o(.text)
    __use_two_region_memory                  0x08000395   Thumb Code     2  heapauxi.o(.text)
    __rt_heap_escrow$2region                 0x08000397   Thumb Code     2  heapauxi.o(.text)
    __rt_heap_expand$2region                 0x08000399   Thumb Code     2  heapauxi.o(.text)
    __user_setup_stackheap                   0x0800039b   Thumb Code    74  sys_stackheap_outer.o(.text)
    exit                                     0x080003e5   Thumb Code    18  exit.o(.text)
    __user_libspace                          0x080003f9   Thumb Code     8  libspace.o(.text)
    __user_perproc_libspace                  0x080003f9   Thumb Code     0  libspace.o(.text)
    __user_perthread_libspace                0x080003f9   Thumb Code     0  libspace.o(.text)
    _sys_exit                                0x08000401   Thumb Code     8  sys_exit.o(.text)
    __I$use$semihosting                      0x0800040d   Thumb Code     0  use_no_semi.o(.text)
    __use_no_semihosting_swi                 0x0800040d   Thumb Code     2  use_no_semi.o(.text)
    __semihosting_library_function           0x0800040f   Thumb Code     0  indicate_semi.o(.text)
    BusFault_Handler                         0x0800049d   Thumb Code     2  stm32f4xx_it.o(.text.BusFault_Handler)
    CAN1_RX0_IRQHandler                      0x080004a1   Thumb Code    12  stm32f4xx_it.o(.text.CAN1_RX0_IRQHandler)
    DMA2_Stream0_IRQHandler                  0x080004ad   Thumb Code    12  stm32f4xx_it.o(.text.DMA2_Stream0_IRQHandler)
    DebugMon_Handler                         0x080004b9   Thumb Code     2  stm32f4xx_it.o(.text.DebugMon_Handler)
    Error_Handler                            0x080004bd   Thumb Code   860  main.o(.text.Error_Handler)
    HAL_ADC_ConfigChannel                    0x08000819   Thumb Code   370  stm32f4xx_hal_adc.o(.text.HAL_ADC_ConfigChannel)
    HAL_ADC_ConvCpltCallback                 0x08000991   Thumb Code   152  main.o(.text.HAL_ADC_ConvCpltCallback)
    HAL_ADC_ConvHalfCpltCallback             0x08000a29   Thumb Code     2  stm32f4xx_hal_adc.o(.text.HAL_ADC_ConvHalfCpltCallback)
    HAL_ADC_ErrorCallback                    0x08000a2d   Thumb Code     2  stm32f4xx_hal_adc.o(.text.HAL_ADC_ErrorCallback)
    HAL_ADC_Init                             0x08000a31   Thumb Code   350  stm32f4xx_hal_adc.o(.text.HAL_ADC_Init)
    HAL_ADC_MspInit                          0x08000b91   Thumb Code   174  stm32f4xx_hal_msp.o(.text.HAL_ADC_MspInit)
    HAL_ADC_Start_DMA                        0x08000c41   Thumb Code   416  stm32f4xx_hal_adc.o(.text.HAL_ADC_Start_DMA)
    HAL_CAN_ActivateNotification             0x08000de1   Thumb Code    46  stm32f4xx_hal_can.o(.text.HAL_CAN_ActivateNotification)
    HAL_CAN_AddTxMessage                     0x08000e11   Thumb Code   192  stm32f4xx_hal_can.o(.text.HAL_CAN_AddTxMessage)
    HAL_CAN_ConfigFilter                     0x08000ed1   Thumb Code   222  stm32f4xx_hal_can.o(.text.HAL_CAN_ConfigFilter)
    HAL_CAN_ErrorCallback                    0x08000fb1   Thumb Code     2  stm32f4xx_hal_can.o(.text.HAL_CAN_ErrorCallback)
    HAL_CAN_GetRxMessage                     0x08000fb5   Thumb Code   286  stm32f4xx_hal_can.o(.text.HAL_CAN_GetRxMessage)
    HAL_CAN_GetTxMailboxesFreeLevel          0x080010d5   Thumb Code    40  stm32f4xx_hal_can.o(.text.HAL_CAN_GetTxMailboxesFreeLevel)
    HAL_CAN_IRQHandler                       0x080010fd   Thumb Code   606  stm32f4xx_hal_can.o(.text.HAL_CAN_IRQHandler)
    HAL_CAN_Init                             0x0800135d   Thumb Code   244  stm32f4xx_hal_can.o(.text.HAL_CAN_Init)
    HAL_CAN_MspInit                          0x08001451   Thumb Code   124  stm32f4xx_hal_msp.o(.text.HAL_CAN_MspInit)
    HAL_CAN_RxFifo0FullCallback              0x080014cd   Thumb Code     2  stm32f4xx_hal_can.o(.text.HAL_CAN_RxFifo0FullCallback)
    HAL_CAN_RxFifo0MsgPendingCallback        0x080014d1   Thumb Code   208  main.o(.text.HAL_CAN_RxFifo0MsgPendingCallback)
    HAL_CAN_RxFifo1FullCallback              0x080015a1   Thumb Code     2  stm32f4xx_hal_can.o(.text.HAL_CAN_RxFifo1FullCallback)
    HAL_CAN_RxFifo1MsgPendingCallback        0x080015a5   Thumb Code     2  stm32f4xx_hal_can.o(.text.HAL_CAN_RxFifo1MsgPendingCallback)
    HAL_CAN_SleepCallback                    0x080015a9   Thumb Code     2  stm32f4xx_hal_can.o(.text.HAL_CAN_SleepCallback)
    HAL_CAN_Start                            0x080015ad   Thumb Code    90  stm32f4xx_hal_can.o(.text.HAL_CAN_Start)
    HAL_CAN_TxMailbox0AbortCallback          0x08001609   Thumb Code     2  stm32f4xx_hal_can.o(.text.HAL_CAN_TxMailbox0AbortCallback)
    HAL_CAN_TxMailbox0CompleteCallback       0x0800160d   Thumb Code     2  stm32f4xx_hal_can.o(.text.HAL_CAN_TxMailbox0CompleteCallback)
    HAL_CAN_TxMailbox1AbortCallback          0x08001611   Thumb Code     2  stm32f4xx_hal_can.o(.text.HAL_CAN_TxMailbox1AbortCallback)
    HAL_CAN_TxMailbox1CompleteCallback       0x08001615   Thumb Code     2  stm32f4xx_hal_can.o(.text.HAL_CAN_TxMailbox1CompleteCallback)
    HAL_CAN_TxMailbox2AbortCallback          0x08001619   Thumb Code     2  stm32f4xx_hal_can.o(.text.HAL_CAN_TxMailbox2AbortCallback)
    HAL_CAN_TxMailbox2CompleteCallback       0x0800161d   Thumb Code     2  stm32f4xx_hal_can.o(.text.HAL_CAN_TxMailbox2CompleteCallback)
    HAL_CAN_WakeUpFromRxMsgCallback          0x08001621   Thumb Code     2  stm32f4xx_hal_can.o(.text.HAL_CAN_WakeUpFromRxMsgCallback)
    HAL_DMA_IRQHandler                       0x08001625   Thumb Code   448  stm32f4xx_hal_dma.o(.text.HAL_DMA_IRQHandler)
    HAL_DMA_Init                             0x080017e5   Thumb Code   354  stm32f4xx_hal_dma.o(.text.HAL_DMA_Init)
    HAL_DMA_Start_IT                         0x08001949   Thumb Code   158  stm32f4xx_hal_dma.o(.text.HAL_DMA_Start_IT)
    HAL_GPIO_Init                            0x080019e9   Thumb Code   418  stm32f4xx_hal_gpio.o(.text.HAL_GPIO_Init)
    HAL_GPIO_ReadPin                         0x08001b8d   Thumb Code    10  stm32f4xx_hal_gpio.o(.text.HAL_GPIO_ReadPin)
    HAL_GPIO_WritePin                        0x08001b99   Thumb Code    10  stm32f4xx_hal_gpio.o(.text.HAL_GPIO_WritePin)
    HAL_GetTick                              0x08001ba5   Thumb Code    12  stm32f4xx_hal.o(.text.HAL_GetTick)
    HAL_IncTick                              0x08001bb1   Thumb Code    26  stm32f4xx_hal.o(.text.HAL_IncTick)
    HAL_Init                                 0x08001bcd   Thumb Code    54  stm32f4xx_hal.o(.text.HAL_Init)
    HAL_InitTick                             0x08001c05   Thumb Code    72  stm32f4xx_hal.o(.text.HAL_InitTick)
    HAL_MspInit                              0x08001c4d   Thumb Code    76  stm32f4xx_hal_msp.o(.text.HAL_MspInit)
    HAL_NVIC_EnableIRQ                       0x08001c99   Thumb Code    38  stm32f4xx_hal_cortex.o(.text.HAL_NVIC_EnableIRQ)
    HAL_NVIC_SetPriority                     0x08001cc1   Thumb Code    86  stm32f4xx_hal_cortex.o(.text.HAL_NVIC_SetPriority)
    HAL_NVIC_SetPriorityGrouping             0x08001d19   Thumb Code    32  stm32f4xx_hal_cortex.o(.text.HAL_NVIC_SetPriorityGrouping)
    HAL_PWREx_EnableOverDrive                0x08001d39   Thumb Code   122  stm32f4xx_hal_pwr_ex.o(.text.HAL_PWREx_EnableOverDrive)
    HAL_RCC_ClockConfig                      0x08001db5   Thumb Code   352  stm32f4xx_hal_rcc.o(.text.HAL_RCC_ClockConfig)
    HAL_RCC_GetPCLK1Freq                     0x08001f15   Thumb Code    38  stm32f4xx_hal_rcc.o(.text.HAL_RCC_GetPCLK1Freq)
    HAL_RCC_GetSysClockFreq                  0x08001f3d   Thumb Code   166  stm32f4xx_hal_rcc_ex.o(.text.HAL_RCC_GetSysClockFreq)
    HAL_RCC_OscConfig                        0x08001fe5   Thumb Code   934  stm32f4xx_hal_rcc_ex.o(.text.HAL_RCC_OscConfig)
    HAL_SYSTICK_Config                       0x0800238d   Thumb Code    44  stm32f4xx_hal_cortex.o(.text.HAL_SYSTICK_Config)
    HAL_TIMEx_BreakCallback                  0x080023b9   Thumb Code     2  stm32f4xx_hal_tim_ex.o(.text.HAL_TIMEx_BreakCallback)
    HAL_TIMEx_CommutCallback                 0x080023bd   Thumb Code     2  stm32f4xx_hal_tim_ex.o(.text.HAL_TIMEx_CommutCallback)
    HAL_TIMEx_ConfigBreakDeadTime            0x080023c1   Thumb Code    76  stm32f4xx_hal_tim_ex.o(.text.HAL_TIMEx_ConfigBreakDeadTime)
    HAL_TIMEx_MasterConfigSynchronization    0x0800240d   Thumb Code   182  stm32f4xx_hal_tim_ex.o(.text.HAL_TIMEx_MasterConfigSynchronization)
    HAL_TIM_Base_Init                        0x080024c5   Thumb Code    90  stm32f4xx_hal_tim.o(.text.HAL_TIM_Base_Init)
    HAL_TIM_Base_MspInit                     0x08002521   Thumb Code   488  stm32f4xx_hal_msp.o(.text.HAL_TIM_Base_MspInit)
    HAL_TIM_Base_Start                       0x08002709   Thumb Code   162  stm32f4xx_hal_tim.o(.text.HAL_TIM_Base_Start)
    HAL_TIM_Base_Start_IT                    0x080027ad   Thumb Code   170  stm32f4xx_hal_tim.o(.text.HAL_TIM_Base_Start_IT)
    HAL_TIM_Base_Stop_IT                     0x08002859   Thumb Code    60  stm32f4xx_hal_tim.o(.text.HAL_TIM_Base_Stop_IT)
    HAL_TIM_ConfigClockSource                0x08002895   Thumb Code   402  stm32f4xx_hal_tim.o(.text.HAL_TIM_ConfigClockSource)
    HAL_TIM_IC_CaptureCallback               0x08002a29   Thumb Code     2  stm32f4xx_hal_tim.o(.text.HAL_TIM_IC_CaptureCallback)
    HAL_TIM_IRQHandler                       0x08002a2d   Thumb Code   368  stm32f4xx_hal_tim.o(.text.HAL_TIM_IRQHandler)
    HAL_TIM_MspPostInit                      0x08002b9d   Thumb Code   142  stm32f4xx_hal_msp.o(.text.HAL_TIM_MspPostInit)
    HAL_TIM_OC_DelayElapsedCallback          0x08002c2d   Thumb Code     2  stm32f4xx_hal_tim.o(.text.HAL_TIM_OC_DelayElapsedCallback)
    HAL_TIM_PWM_ConfigChannel                0x08002c31   Thumb Code   530  stm32f4xx_hal_tim.o(.text.HAL_TIM_PWM_ConfigChannel)
    HAL_TIM_PWM_Init                         0x08002e45   Thumb Code    90  stm32f4xx_hal_tim.o(.text.HAL_TIM_PWM_Init)
    HAL_TIM_PWM_MspInit                      0x08002ea1   Thumb Code     2  stm32f4xx_hal_tim.o(.text.HAL_TIM_PWM_MspInit)
    HAL_TIM_PWM_PulseFinishedCallback        0x08002ea5   Thumb Code     2  stm32f4xx_hal_tim.o(.text.HAL_TIM_PWM_PulseFinishedCallback)
    HAL_TIM_PWM_Start                        0x08002ea9   Thumb Code   274  stm32f4xx_hal_tim.o(.text.HAL_TIM_PWM_Start)
    HAL_TIM_PWM_Stop                         0x08002fbd   Thumb Code   170  stm32f4xx_hal_tim.o(.text.HAL_TIM_PWM_Stop)
    HAL_TIM_PeriodElapsedCallback            0x08003069   Thumb Code  1084  main.o(.text.HAL_TIM_PeriodElapsedCallback)
    HAL_TIM_TriggerCallback                  0x080034a5   Thumb Code     2  stm32f4xx_hal_tim.o(.text.HAL_TIM_TriggerCallback)
    HardFault_Handler                        0x080034a9   Thumb Code     2  stm32f4xx_it.o(.text.HardFault_Handler)
    MemManage_Handler                        0x080034ad   Thumb Code     2  stm32f4xx_it.o(.text.MemManage_Handler)
    NMI_Handler                              0x080034b1   Thumb Code     2  stm32f4xx_it.o(.text.NMI_Handler)
    PendSV_Handler                           0x080034b5   Thumb Code     2  stm32f4xx_it.o(.text.PendSV_Handler)
    RCC_IRQHandler                           0x080034b9   Thumb Code     2  stm32f4xx_it.o(.text.RCC_IRQHandler)
    SVC_Handler                              0x080034bd   Thumb Code     2  stm32f4xx_it.o(.text.SVC_Handler)
    SysTick_Handler                          0x080034c1   Thumb Code     4  stm32f4xx_it.o(.text.SysTick_Handler)
    SystemClock_Config                       0x080034c5   Thumb Code   184  main.o(.text.SystemClock_Config)
    SystemInit                               0x0800357d   Thumb Code    18  system_stm32f4xx.o(.text.SystemInit)
    TIM2_IRQHandler                          0x08003591   Thumb Code    12  stm32f4xx_it.o(.text.TIM2_IRQHandler)
    TIM4_IRQHandler                          0x0800359d   Thumb Code    12  stm32f4xx_it.o(.text.TIM4_IRQHandler)
    TIM5_IRQHandler                          0x080035a9   Thumb Code    12  stm32f4xx_it.o(.text.TIM5_IRQHandler)
    TIM7_IRQHandler                          0x080035b5   Thumb Code    12  stm32f4xx_it.o(.text.TIM7_IRQHandler)
    TIM8_BRK_TIM12_IRQHandler                0x080035c1   Thumb Code    30  stm32f4xx_it.o(.text.TIM8_BRK_TIM12_IRQHandler)
    TIM_Base_SetConfig                       0x080035e1   Thumb Code   316  stm32f4xx_hal_tim.o(.text.TIM_Base_SetConfig)
    UsageFault_Handler                       0x0800371d   Thumb Code     2  stm32f4xx_it.o(.text.UsageFault_Handler)
    asInitialCheck                           0x08003721   Thumb Code  1376  main.o(.text.asInitialCheck)
    can_mcu_apu_state_mission_unpack         0x08003c81   Thumb Code    30  can_mcu.o(.text.can_mcu_apu_state_mission_unpack)
    can_mcu_asb_pack                         0x08003ca1   Thumb Code   110  can_mcu.o(.text.can_mcu_asb_pack)
    can_mcu_dash_brake_unpack                0x08003d11   Thumb Code    62  can_mcu.o(.text.can_mcu_dash_brake_unpack)
    can_mcu_ecu_bools_unpack                 0x08003d51   Thumb Code   100  can_mcu.o(.text.can_mcu_ecu_bools_unpack)
    delay_ms                                 0x08003db5   Thumb Code    92  main.o(.text.delay_ms)
    main                                     0x08003e11   Thumb Code  2138  main.o(.text.main)
    manualInitialCheck                       0x0800466d   Thumb Code   312  main.o(.text.manualInitialCheck)
    supervisorInit                           0x080047a5   Thumb Code   204  main.o(.text.supervisorInit)
    variablesInit                            0x08004871   Thumb Code   228  main.o(.text.variablesInit)
    __aeabi_d2f                              0x08004955   Thumb Code     0  d2f.o(x$fpl$d2f)
    _d2f                                     0x08004955   Thumb Code    98  d2f.o(x$fpl$d2f)
    __fpl_dcmp_Inf                           0x080049b7   Thumb Code    24  dcmpi.o(x$fpl$dcmpinf)
    __aeabi_ddiv                             0x080049d1   Thumb Code     0  ddiv.o(x$fpl$ddiv)
    _ddiv                                    0x080049d1   Thumb Code   556  ddiv.o(x$fpl$ddiv)
    __aeabi_cdcmpeq                          0x08004c85   Thumb Code     0  deqf.o(x$fpl$deqf)
    _dcmpeq                                  0x08004c85   Thumb Code   120  deqf.o(x$fpl$deqf)
    __aeabi_d2iz                             0x08004cfd   Thumb Code     0  dfix.o(x$fpl$dfix)
    _dfix                                    0x08004cfd   Thumb Code    94  dfix.o(x$fpl$dfix)
    __aeabi_ui2d                             0x08004d5b   Thumb Code     0  dflt_clz.o(x$fpl$dfltu)
    _dfltu                                   0x08004d5b   Thumb Code    38  dflt_clz.o(x$fpl$dfltu)
    __aeabi_cdcmpge                          0x08004d81   Thumb Code     0  dgeqf.o(x$fpl$dgeqf)
    _dcmpge                                  0x08004d81   Thumb Code   120  dgeqf.o(x$fpl$dgeqf)
    __aeabi_cdcmple                          0x08004df9   Thumb Code     0  dleqf.o(x$fpl$dleqf)
    _dcmple                                  0x08004df9   Thumb Code   120  dleqf.o(x$fpl$dleqf)
    __fpl_dcmple_InfNaN                      0x08004e5b   Thumb Code     0  dleqf.o(x$fpl$dleqf)
    __aeabi_dmul                             0x08004e71   Thumb Code     0  dmul.o(x$fpl$dmul)
    _dmul                                    0x08004e71   Thumb Code   332  dmul.o(x$fpl$dmul)
    __fpl_dnaninf                            0x08004fc5   Thumb Code   156  dnaninf.o(x$fpl$dnaninf)
    __fpl_dretinf                            0x08005061   Thumb Code    12  dretinf.o(x$fpl$dretinf)
    __aeabi_f2d                              0x0800506d   Thumb Code     0  f2d.o(x$fpl$f2d)
    _f2d                                     0x0800506d   Thumb Code    86  f2d.o(x$fpl$f2d)
    __aeabi_dcmpeq                           0x080050c3   Thumb Code     0  dcmp.o(x$fpl$fcmp)
    _deq                                     0x080050c3   Thumb Code    14  dcmp.o(x$fpl$fcmp)
    _dneq                                    0x080050d1   Thumb Code    14  dcmp.o(x$fpl$fcmp)
    __aeabi_dcmpgt                           0x080050df   Thumb Code     0  dcmp.o(x$fpl$fcmp)
    _dgr                                     0x080050df   Thumb Code    14  dcmp.o(x$fpl$fcmp)
    __aeabi_dcmpge                           0x080050ed   Thumb Code     0  dcmp.o(x$fpl$fcmp)
    _dgeq                                    0x080050ed   Thumb Code    14  dcmp.o(x$fpl$fcmp)
    __aeabi_dcmple                           0x080050fb   Thumb Code     0  dcmp.o(x$fpl$fcmp)
    _dleq                                    0x080050fb   Thumb Code    14  dcmp.o(x$fpl$fcmp)
    __aeabi_dcmplt                           0x08005109   Thumb Code     0  dcmp.o(x$fpl$fcmp)
    _dls                                     0x08005109   Thumb Code    14  dcmp.o(x$fpl$fcmp)
    __fpl_fnaninf                            0x08005117   Thumb Code   140  fnaninf.o(x$fpl$fnaninf)
    _fp_init                                 0x080051a3   Thumb Code    26  fpinit.o(x$fpl$fpinit)
    __fplib_config_fpu_vfp                   0x080051bb   Thumb Code     0  fpinit.o(x$fpl$fpinit)
    __fplib_config_pureend_doubles           0x080051bb   Thumb Code     0  fpinit.o(x$fpl$fpinit)
    __fpl_fretinf                            0x080051bd   Thumb Code    10  fretinf.o(x$fpl$fretinf)
    AHBPrescTable                            0x080051c6   Data          16  system_stm32f4xx.o(.rodata.AHBPrescTable)
    __I$use$fp                               0x080051c6   Number         0  usenofp.o(x$fpl$usenofp)
    APBPrescTable                            0x080051d6   Data           8  system_stm32f4xx.o(.rodata.APBPrescTable)
    Region$$Table$$Base                      0x080051e8   Number         0  anon$$obj.o(Region$$Table)
    Region$$Table$$Limit                     0x08005208   Number         0  anon$$obj.o(Region$$Table)
    uwTickFreq                               0x20000000   Data           1  stm32f4xx_hal.o(.data..L_MergedGlobals)
    uwTickPrio                               0x20000004   Data           4  stm32f4xx_hal.o(.data..L_MergedGlobals)
    SystemCoreClock                          0x20000008   Data           4  system_stm32f4xx.o(.data.SystemCoreClock)
    __libspace_start                         0x20000010   Data          96  libspace.o(.bss)
    __temporary_stack_top$libspace           0x20000070   Data           0  libspace.o(.bss)
    servoCommandReceived                     0x20000070   Data           1  main.o(.bss..L_MergedGlobals)
    initialCheckStep                         0x20000071   Data           1  main.o(.bss..L_MergedGlobals)
    AS_driving_mode                          0x20000072   Data           1  main.o(.bss..L_MergedGlobals)
    DCDC_Enable                              0x20000073   Data           1  main.o(.bss..L_MergedGlobals)
    state                                    0x20000074   Data           1  main.o(.bss..L_MergedGlobals)
    initialChecked                           0x20000075   Data           1  main.o(.bss..L_MergedGlobals)
    Set_finish_state                         0x20000076   Data           1  main.o(.bss..L_MergedGlobals)
    servoStatus                              0x20000077   Data           1  main.o(.bss..L_MergedGlobals)
    monitoring                               0x20000078   Data           1  main.o(.bss..L_MergedGlobals)
    ASMS_out                                 0x20000079   Data           1  main.o(.bss..L_MergedGlobals)
    EBS_is_armed                             0x2000007a   Data           1  main.o(.bss..L_MergedGlobals)
    AS_finished                              0x2000007b   Data           1  main.o(.bss..L_MergedGlobals)
    ebsState                                 0x2000007c   Data           1  main.o(.bss..L_MergedGlobals)
    Error                                    0x2000007d   Data           1  main.o(.bss..L_MergedGlobals)
    AS_close_SDC                             0x2000007e   Data           1  main.o(.bss..L_MergedGlobals)
    TSMS_out_NOT                             0x2000007f   Data           1  main.o(.bss..L_MergedGlobals)
    EBS_set_armed                            0x20000080   Data           1  main.o(.bss..L_MergedGlobals)
    Brake_engage_NOT                         0x20000081   Data           1  main.o(.bss..L_MergedGlobals)
    Servo_Interlock                          0x20000082   Data           1  main.o(.bss..L_MergedGlobals)
    message_arrived                          0x20000083   Data           1  main.o(.bss..L_MergedGlobals)
    AS_relay_signal_buffered                 0x20000085   Data           1  main.o(.bss..L_MergedGlobals)
    K2_RES                                   0x20000086   Data           1  main.o(.bss..L_MergedGlobals)
    K3_RES                                   0x20000087   Data           1  main.o(.bss..L_MergedGlobals)
    EBS_activated                            0x20000088   Data           1  main.o(.bss..L_MergedGlobals)
    Redundancy_Supply_OK                     0x20000089   Data           1  main.o(.bss..L_MergedGlobals)
    ASB_LED_visibleCheckFlag                 0x2000008a   Data           1  main.o(.bss..L_MergedGlobals)
    adcValue                                 0x2000008c   Data           2  main.o(.bss..L_MergedGlobals)
    ASB_LED_visibleCheckFlag_counter         0x2000008e   Data           2  main.o(.bss..L_MergedGlobals)
    canStateMissionStruct                    0x20000090   Data           3  main.o(.bss..L_MergedGlobals)
    tank_pressure                            0x20000094   Data           4  main.o(.bss..L_MergedGlobals)
    Vadc                                     0x20000098   Data           4  main.o(.bss..L_MergedGlobals)
    Vout                                     0x2000009c   Data           4  main.o(.bss..L_MergedGlobals)
    delay_counter                            0x200000a0   Data           4  main.o(.bss..L_MergedGlobals)
    txMailbox                                0x200000a4   Data           4  main.o(.bss..L_MergedGlobals)
    canBrakePressureStruct                   0x200000a8   Data           8  main.o(.bss..L_MergedGlobals)
    rxData                                   0x200000b0   Data           8  main.o(.bss..L_MergedGlobals)
    txData                                   0x200000b8   Data           8  main.o(.bss..L_MergedGlobals)
    canECUBoolsStruct                        0x200000c0   Data          11  main.o(.bss..L_MergedGlobals)
    canTxStruct                              0x200000cc   Data          14  main.o(.bss..L_MergedGlobals)
    asbStatusMsgTx                           0x200000dc   Data          24  main.o(.bss..L_MergedGlobals.1)
    msgHeaderRx                              0x200000f4   Data          28  main.o(.bss..L_MergedGlobals.1)
    hcan1                                    0x20000110   Data          40  main.o(.bss..L_MergedGlobals.1)
    monitor                                  0x20000138   Data          52  main.o(.bss..L_MergedGlobals.2)
    hadc1                                    0x2000016c   Data          72  main.o(.bss..L_MergedGlobals.2)
    hdma_adc1                                0x200001b4   Data          96  main.o(.bss.hdma_adc1)
    htim1                                    0x20000214   Data          72  main.o(.bss.htim1)
    htim12                                   0x2000025c   Data          72  main.o(.bss.htim12)
    htim2                                    0x200002a4   Data          72  main.o(.bss.htim2)
    htim3                                    0x200002ec   Data          72  main.o(.bss.htim3)
    htim4                                    0x20000334   Data          72  main.o(.bss.htim4)
    htim5                                    0x2000037c   Data          72  main.o(.bss.htim5)
    htim7                                    0x200003c4   Data          72  main.o(.bss.htim7)
    htim8                                    0x2000040c   Data          72  main.o(.bss.htim8)
    uwTick                                   0x20000454   Data           4  stm32f4xx_hal.o(.bss.uwTick)



==============================================================================

Memory Map of the image

  Image Entry point : 0x080001c5

  Load Region LR_IROM1 (Base: 0x08000000, Size: 0x00005218, Max: 0x00080000, ABSOLUTE)

    Execution Region ER_IROM1 (Exec base: 0x08000000, Load base: 0x08000000, Size: 0x00005208, Max: 0x00080000, ABSOLUTE)

    Exec Addr    Load Addr    Size         Type   Attr      Idx    E Section Name        Object

    0x08000000   0x08000000   0x000001c4   Data   RO            3    RESET               startup_stm32f446xx.o
    0x080001c4   0x080001c4   0x00000008   Code   RO         2467  * !!!main             c_w.l(__main.o)
    0x080001cc   0x080001cc   0x00000034   Code   RO         2691    !!!scatter          c_w.l(__scatter.o)
    0x08000200   0x08000200   0x0000001a   Code   RO         2693    !!handler_copy      c_w.l(__scatter_copy.o)
    0x0800021a   0x0800021a   0x00000002   PAD
    0x0800021c   0x0800021c   0x0000001c   Code   RO         2695    !!handler_zi        c_w.l(__scatter_zi.o)
    0x08000238   0x08000238   0x00000002   Code   RO         2553    .ARM.Collect$$libinit$$00000000  c_w.l(libinit.o)
    0x0800023a   0x0800023a   0x00000004   Code   RO         2565    .ARM.Collect$$libinit$$00000001  c_w.l(libinit2.o)
    0x0800023e   0x0800023e   0x00000000   Code   RO         2568    .ARM.Collect$$libinit$$00000004  c_w.l(libinit2.o)
    0x0800023e   0x0800023e   0x00000000   Code   RO         2570    .ARM.Collect$$libinit$$00000006  c_w.l(libinit2.o)
    0x0800023e   0x0800023e   0x00000000   Code   RO         2573    .ARM.Collect$$libinit$$0000000C  c_w.l(libinit2.o)
    0x0800023e   0x0800023e   0x00000000   Code   RO         2575    .ARM.Collect$$libinit$$0000000E  c_w.l(libinit2.o)
    0x0800023e   0x0800023e   0x00000000   Code   RO         2577    .ARM.Collect$$libinit$$00000010  c_w.l(libinit2.o)
    0x0800023e   0x0800023e   0x00000000   Code   RO         2580    .ARM.Collect$$libinit$$00000013  c_w.l(libinit2.o)
    0x0800023e   0x0800023e   0x00000000   Code   RO         2582    .ARM.Collect$$libinit$$00000015  c_w.l(libinit2.o)
    0x0800023e   0x0800023e   0x00000000   Code   RO         2584    .ARM.Collect$$libinit$$00000017  c_w.l(libinit2.o)
    0x0800023e   0x0800023e   0x00000000   Code   RO         2586    .ARM.Collect$$libinit$$00000019  c_w.l(libinit2.o)
    0x0800023e   0x0800023e   0x00000000   Code   RO         2588    .ARM.Collect$$libinit$$0000001B  c_w.l(libinit2.o)
    0x0800023e   0x0800023e   0x00000000   Code   RO         2590    .ARM.Collect$$libinit$$0000001D  c_w.l(libinit2.o)
    0x0800023e   0x0800023e   0x00000000   Code   RO         2592    .ARM.Collect$$libinit$$0000001F  c_w.l(libinit2.o)
    0x0800023e   0x0800023e   0x00000000   Code   RO         2594    .ARM.Collect$$libinit$$00000021  c_w.l(libinit2.o)
    0x0800023e   0x0800023e   0x00000000   Code   RO         2596    .ARM.Collect$$libinit$$00000023  c_w.l(libinit2.o)
    0x0800023e   0x0800023e   0x00000000   Code   RO         2598    .ARM.Collect$$libinit$$00000025  c_w.l(libinit2.o)
    0x0800023e   0x0800023e   0x00000000   Code   RO         2600    .ARM.Collect$$libinit$$00000027  c_w.l(libinit2.o)
    0x0800023e   0x0800023e   0x00000000   Code   RO         2604    .ARM.Collect$$libinit$$0000002E  c_w.l(libinit2.o)
    0x0800023e   0x0800023e   0x00000000   Code   RO         2606    .ARM.Collect$$libinit$$00000030  c_w.l(libinit2.o)
    0x0800023e   0x0800023e   0x00000000   Code   RO         2608    .ARM.Collect$$libinit$$00000032  c_w.l(libinit2.o)
    0x0800023e   0x0800023e   0x00000000   Code   RO         2610    .ARM.Collect$$libinit$$00000034  c_w.l(libinit2.o)
    0x0800023e   0x0800023e   0x00000002   Code   RO         2611    .ARM.Collect$$libinit$$00000035  c_w.l(libinit2.o)
    0x08000240   0x08000240   0x00000002   Code   RO         2646    .ARM.Collect$$libshutdown$$00000000  c_w.l(libshutdown.o)
    0x08000242   0x08000242   0x00000000   Code   RO         2674    .ARM.Collect$$libshutdown$$00000002  c_w.l(libshutdown2.o)
    0x08000242   0x08000242   0x00000000   Code   RO         2676    .ARM.Collect$$libshutdown$$00000004  c_w.l(libshutdown2.o)
    0x08000242   0x08000242   0x00000000   Code   RO         2679    .ARM.Collect$$libshutdown$$00000007  c_w.l(libshutdown2.o)
    0x08000242   0x08000242   0x00000000   Code   RO         2682    .ARM.Collect$$libshutdown$$0000000A  c_w.l(libshutdown2.o)
    0x08000242   0x08000242   0x00000000   Code   RO         2684    .ARM.Collect$$libshutdown$$0000000C  c_w.l(libshutdown2.o)
    0x08000242   0x08000242   0x00000000   Code   RO         2687    .ARM.Collect$$libshutdown$$0000000F  c_w.l(libshutdown2.o)
    0x08000242   0x08000242   0x00000002   Code   RO         2688    .ARM.Collect$$libshutdown$$00000010  c_w.l(libshutdown2.o)
    0x08000244   0x08000244   0x00000000   Code   RO         2501    .ARM.Collect$$rtentry$$00000000  c_w.l(__rtentry.o)
    0x08000244   0x08000244   0x00000000   Code   RO         2522    .ARM.Collect$$rtentry$$00000002  c_w.l(__rtentry2.o)
    0x08000244   0x08000244   0x00000006   Code   RO         2534    .ARM.Collect$$rtentry$$00000004  c_w.l(__rtentry4.o)
    0x0800024a   0x0800024a   0x00000000   Code   RO         2524    .ARM.Collect$$rtentry$$00000009  c_w.l(__rtentry2.o)
    0x0800024a   0x0800024a   0x00000004   Code   RO         2525    .ARM.Collect$$rtentry$$0000000A  c_w.l(__rtentry2.o)
    0x0800024e   0x0800024e   0x00000000   Code   RO         2527    .ARM.Collect$$rtentry$$0000000C  c_w.l(__rtentry2.o)
    0x0800024e   0x0800024e   0x00000008   Code   RO         2528    .ARM.Collect$$rtentry$$0000000D  c_w.l(__rtentry2.o)
    0x08000256   0x08000256   0x00000002   Code   RO         2557    .ARM.Collect$$rtexit$$00000000  c_w.l(rtexit.o)
    0x08000258   0x08000258   0x00000000   Code   RO         2617    .ARM.Collect$$rtexit$$00000002  c_w.l(rtexit2.o)
    0x08000258   0x08000258   0x00000004   Code   RO         2618    .ARM.Collect$$rtexit$$00000003  c_w.l(rtexit2.o)
    0x0800025c   0x0800025c   0x00000006   Code   RO         2619    .ARM.Collect$$rtexit$$00000004  c_w.l(rtexit2.o)
    0x08000262   0x08000262   0x00000002   PAD
    0x08000264   0x08000264   0x00000040   Code   RO            4    .text               startup_stm32f446xx.o
    0x080002a4   0x080002a4   0x000000f0   Code   RO         2463    .text               c_w.l(lludivv7m.o)
    0x08000394   0x08000394   0x00000006   Code   RO         2465    .text               c_w.l(heapauxi.o)
    0x0800039a   0x0800039a   0x0000004a   Code   RO         2540    .text               c_w.l(sys_stackheap_outer.o)
    0x080003e4   0x080003e4   0x00000012   Code   RO         2542    .text               c_w.l(exit.o)
    0x080003f6   0x080003f6   0x00000002   PAD
    0x080003f8   0x080003f8   0x00000008   Code   RO         2554    .text               c_w.l(libspace.o)
    0x08000400   0x08000400   0x0000000c   Code   RO         2612    .text               c_w.l(sys_exit.o)
    0x0800040c   0x0800040c   0x00000002   Code   RO         2635    .text               c_w.l(use_no_semi.o)
    0x0800040e   0x0800040e   0x00000000   Code   RO         2637    .text               c_w.l(indicate_semi.o)
    0x0800040e   0x0800040e   0x00000002   PAD
    0x08000410   0x08000410   0x0000006e   Code   RO         1563    .text.ADC_DMAConvCplt  stm32f4xx_hal_adc.o
    0x0800047e   0x0800047e   0x00000002   PAD
    0x08000480   0x08000480   0x00000012   Code   RO         1567    .text.ADC_DMAError  stm32f4xx_hal_adc.o
    0x08000492   0x08000492   0x00000002   PAD
    0x08000494   0x08000494   0x00000006   Code   RO         1565    .text.ADC_DMAHalfConvCplt  stm32f4xx_hal_adc.o
    0x0800049a   0x0800049a   0x00000002   PAD
    0x0800049c   0x0800049c   0x00000002   Code   RO           70    .text.BusFault_Handler  stm32f4xx_it.o
    0x0800049e   0x0800049e   0x00000002   PAD
    0x080004a0   0x080004a0   0x0000000c   Code   RO           84    .text.CAN1_RX0_IRQHandler  stm32f4xx_it.o
    0x080004ac   0x080004ac   0x0000000c   Code   RO           96    .text.DMA2_Stream0_IRQHandler  stm32f4xx_it.o
    0x080004b8   0x080004b8   0x00000002   Code   RO           76    .text.DebugMon_Handler  stm32f4xx_it.o
    0x080004ba   0x080004ba   0x00000002   PAD
    0x080004bc   0x080004bc   0x0000035c   Code   RO           27    .text.Error_Handler  main.o
    0x08000818   0x08000818   0x00000172   Code   RO         1575    .text.HAL_ADC_ConfigChannel  stm32f4xx_hal_adc.o
    0x0800098a   0x0800098a   0x00000006   PAD
    0x08000990   0x08000990   0x00000098   Code   RO           31    .text.HAL_ADC_ConvCpltCallback  main.o
    0x08000a28   0x08000a28   0x00000002   Code   RO         1573    .text.HAL_ADC_ConvHalfCpltCallback  stm32f4xx_hal_adc.o
    0x08000a2a   0x08000a2a   0x00000002   PAD
    0x08000a2c   0x08000a2c   0x00000002   Code   RO         1559    .text.HAL_ADC_ErrorCallback  stm32f4xx_hal_adc.o
    0x08000a2e   0x08000a2e   0x00000002   PAD
    0x08000a30   0x08000a30   0x0000015e   Code   RO         1533    .text.HAL_ADC_Init  stm32f4xx_hal_adc.o
    0x08000b8e   0x08000b8e   0x00000002   PAD
    0x08000b90   0x08000b90   0x000000ae   Code   RO          107    .text.HAL_ADC_MspInit  stm32f4xx_hal_msp.o
    0x08000c3e   0x08000c3e   0x00000002   PAD
    0x08000c40   0x08000c40   0x000001a0   Code   RO         1561    .text.HAL_ADC_Start_DMA  stm32f4xx_hal_adc.o
    0x08000de0   0x08000de0   0x0000002e   Code   RO         2037    .text.HAL_CAN_ActivateNotification  stm32f4xx_hal_can.o
    0x08000e0e   0x08000e0e   0x00000002   PAD
    0x08000e10   0x08000e10   0x000000c0   Code   RO         2023    .text.HAL_CAN_AddTxMessage  stm32f4xx_hal_can.o
    0x08000ed0   0x08000ed0   0x000000de   Code   RO         2013    .text.HAL_CAN_ConfigFilter  stm32f4xx_hal_can.o
    0x08000fae   0x08000fae   0x00000002   PAD
    0x08000fb0   0x08000fb0   0x00000002   Code   RO         2067    .text.HAL_CAN_ErrorCallback  stm32f4xx_hal_can.o
    0x08000fb2   0x08000fb2   0x00000002   PAD
    0x08000fb4   0x08000fb4   0x0000011e   Code   RO         2033    .text.HAL_CAN_GetRxMessage  stm32f4xx_hal_can.o
    0x080010d2   0x080010d2   0x00000002   PAD
    0x080010d4   0x080010d4   0x00000028   Code   RO         2027    .text.HAL_CAN_GetTxMailboxesFreeLevel  stm32f4xx_hal_can.o
    0x080010fc   0x080010fc   0x0000025e   Code   RO         2041    .text.HAL_CAN_IRQHandler  stm32f4xx_hal_can.o
    0x0800135a   0x0800135a   0x00000002   PAD
    0x0800135c   0x0800135c   0x000000f4   Code   RO         2003    .text.HAL_CAN_Init  stm32f4xx_hal_can.o
    0x08001450   0x08001450   0x0000007c   Code   RO          111    .text.HAL_CAN_MspInit  stm32f4xx_hal_msp.o
    0x080014cc   0x080014cc   0x00000002   Code   RO         2055    .text.HAL_CAN_RxFifo0FullCallback  stm32f4xx_hal_can.o
    0x080014ce   0x080014ce   0x00000002   PAD
    0x080014d0   0x080014d0   0x000000d0   Code   RO           33    .text.HAL_CAN_RxFifo0MsgPendingCallback  main.o
    0x080015a0   0x080015a0   0x00000002   Code   RO         2059    .text.HAL_CAN_RxFifo1FullCallback  stm32f4xx_hal_can.o
    0x080015a2   0x080015a2   0x00000002   PAD
    0x080015a4   0x080015a4   0x00000002   Code   RO         2061    .text.HAL_CAN_RxFifo1MsgPendingCallback  stm32f4xx_hal_can.o
    0x080015a6   0x080015a6   0x00000002   PAD
    0x080015a8   0x080015a8   0x00000002   Code   RO         2063    .text.HAL_CAN_SleepCallback  stm32f4xx_hal_can.o
    0x080015aa   0x080015aa   0x00000002   PAD
    0x080015ac   0x080015ac   0x0000005a   Code   RO         2015    .text.HAL_CAN_Start  stm32f4xx_hal_can.o
    0x08001606   0x08001606   0x00000002   PAD
    0x08001608   0x08001608   0x00000002   Code   RO         2045    .text.HAL_CAN_TxMailbox0AbortCallback  stm32f4xx_hal_can.o
    0x0800160a   0x0800160a   0x00000002   PAD
    0x0800160c   0x0800160c   0x00000002   Code   RO         2043    .text.HAL_CAN_TxMailbox0CompleteCallback  stm32f4xx_hal_can.o
    0x0800160e   0x0800160e   0x00000002   PAD
    0x08001610   0x08001610   0x00000002   Code   RO         2049    .text.HAL_CAN_TxMailbox1AbortCallback  stm32f4xx_hal_can.o
    0x08001612   0x08001612   0x00000002   PAD
    0x08001614   0x08001614   0x00000002   Code   RO         2047    .text.HAL_CAN_TxMailbox1CompleteCallback  stm32f4xx_hal_can.o
    0x08001616   0x08001616   0x00000002   PAD
    0x08001618   0x08001618   0x00000002   Code   RO         2053    .text.HAL_CAN_TxMailbox2AbortCallback  stm32f4xx_hal_can.o
    0x0800161a   0x0800161a   0x00000002   PAD
    0x0800161c   0x0800161c   0x00000002   Code   RO         2051    .text.HAL_CAN_TxMailbox2CompleteCallback  stm32f4xx_hal_can.o
    0x0800161e   0x0800161e   0x00000002   PAD
    0x08001620   0x08001620   0x00000002   Code   RO         2065    .text.HAL_CAN_WakeUpFromRxMsgCallback  stm32f4xx_hal_can.o
    0x08001622   0x08001622   0x00000002   PAD
    0x08001624   0x08001624   0x000001c0   Code   RO         1826    .text.HAL_DMA_IRQHandler  stm32f4xx_hal_dma.o
    0x080017e4   0x080017e4   0x00000162   Code   RO         1812    .text.HAL_DMA_Init  stm32f4xx_hal_dma.o
    0x08001946   0x08001946   0x00000002   PAD
    0x08001948   0x08001948   0x0000009e   Code   RO         1818    .text.HAL_DMA_Start_IT  stm32f4xx_hal_dma.o
    0x080019e6   0x080019e6   0x00000002   PAD
    0x080019e8   0x080019e8   0x000001a2   Code   RO         1774    .text.HAL_GPIO_Init  stm32f4xx_hal_gpio.o
    0x08001b8a   0x08001b8a   0x00000002   PAD
    0x08001b8c   0x08001b8c   0x0000000a   Code   RO         1778    .text.HAL_GPIO_ReadPin  stm32f4xx_hal_gpio.o
    0x08001b96   0x08001b96   0x00000002   PAD
    0x08001b98   0x08001b98   0x0000000a   Code   RO         1780    .text.HAL_GPIO_WritePin  stm32f4xx_hal_gpio.o
    0x08001ba2   0x08001ba2   0x00000002   PAD
    0x08001ba4   0x08001ba4   0x0000000c   Code   RO         1925    .text.HAL_GetTick   stm32f4xx_hal.o
    0x08001bb0   0x08001bb0   0x0000001a   Code   RO         1923    .text.HAL_IncTick   stm32f4xx_hal.o
    0x08001bca   0x08001bca   0x00000002   PAD
    0x08001bcc   0x08001bcc   0x00000036   Code   RO         1913    .text.HAL_Init      stm32f4xx_hal.o
    0x08001c02   0x08001c02   0x00000002   PAD
    0x08001c04   0x08001c04   0x00000048   Code   RO         1915    .text.HAL_InitTick  stm32f4xx_hal.o
    0x08001c4c   0x08001c4c   0x0000004c   Code   RO          105    .text.HAL_MspInit   stm32f4xx_hal_msp.o
    0x08001c98   0x08001c98   0x00000026   Code   RO         2405    .text.HAL_NVIC_EnableIRQ  stm32f4xx_hal_cortex.o
    0x08001cbe   0x08001cbe   0x00000002   PAD
    0x08001cc0   0x08001cc0   0x00000056   Code   RO         2403    .text.HAL_NVIC_SetPriority  stm32f4xx_hal_cortex.o
    0x08001d16   0x08001d16   0x00000002   PAD
    0x08001d18   0x08001d18   0x00000020   Code   RO         2401    .text.HAL_NVIC_SetPriorityGrouping  stm32f4xx_hal_cortex.o
    0x08001d38   0x08001d38   0x0000007a   Code   RO         1899    .text.HAL_PWREx_EnableOverDrive  stm32f4xx_hal_pwr_ex.o
    0x08001db2   0x08001db2   0x00000002   PAD
    0x08001db4   0x08001db4   0x00000160   Code   RO         1634    .text.HAL_RCC_ClockConfig  stm32f4xx_hal_rcc.o
    0x08001f14   0x08001f14   0x00000026   Code   RO         1646    .text.HAL_RCC_GetPCLK1Freq  stm32f4xx_hal_rcc.o
    0x08001f3a   0x08001f3a   0x00000002   PAD
    0x08001f3c   0x08001f3c   0x000000a6   Code   RO         1682    .text.HAL_RCC_GetSysClockFreq  stm32f4xx_hal_rcc_ex.o
    0x08001fe2   0x08001fe2   0x00000002   PAD
    0x08001fe4   0x08001fe4   0x000003a6   Code   RO         1686    .text.HAL_RCC_OscConfig  stm32f4xx_hal_rcc_ex.o
    0x0800238a   0x0800238a   0x00000002   PAD
    0x0800238c   0x0800238c   0x0000002c   Code   RO         2413    .text.HAL_SYSTICK_Config  stm32f4xx_hal_cortex.o
    0x080023b8   0x080023b8   0x00000002   Code   RO         2387    .text.HAL_TIMEx_BreakCallback  stm32f4xx_hal_tim_ex.o
    0x080023ba   0x080023ba   0x00000002   PAD
    0x080023bc   0x080023bc   0x00000002   Code   RO         2383    .text.HAL_TIMEx_CommutCallback  stm32f4xx_hal_tim_ex.o
    0x080023be   0x080023be   0x00000002   PAD
    0x080023c0   0x080023c0   0x0000004c   Code   RO         2379    .text.HAL_TIMEx_ConfigBreakDeadTime  stm32f4xx_hal_tim_ex.o
    0x0800240c   0x0800240c   0x000000b6   Code   RO         2377    .text.HAL_TIMEx_MasterConfigSynchronization  stm32f4xx_hal_tim_ex.o
    0x080024c2   0x080024c2   0x00000002   PAD
    0x080024c4   0x080024c4   0x0000005a   Code   RO         2083    .text.HAL_TIM_Base_Init  stm32f4xx_hal_tim.o
    0x0800251e   0x0800251e   0x00000002   PAD
    0x08002520   0x08002520   0x000001e8   Code   RO          115    .text.HAL_TIM_Base_MspInit  stm32f4xx_hal_msp.o
    0x08002708   0x08002708   0x000000a2   Code   RO         2093    .text.HAL_TIM_Base_Start  stm32f4xx_hal_tim.o
    0x080027aa   0x080027aa   0x00000002   PAD
    0x080027ac   0x080027ac   0x000000aa   Code   RO         2097    .text.HAL_TIM_Base_Start_IT  stm32f4xx_hal_tim.o
    0x08002856   0x08002856   0x00000002   PAD
    0x08002858   0x08002858   0x0000003c   Code   RO         2099    .text.HAL_TIM_Base_Stop_IT  stm32f4xx_hal_tim.o
    0x08002894   0x08002894   0x00000192   Code   RO         2263    .text.HAL_TIM_ConfigClockSource  stm32f4xx_hal_tim.o
    0x08002a26   0x08002a26   0x00000002   PAD
    0x08002a28   0x08002a28   0x00000002   Code   RO         2219    .text.HAL_TIM_IC_CaptureCallback  stm32f4xx_hal_tim.o
    0x08002a2a   0x08002a2a   0x00000002   PAD
    0x08002a2c   0x08002a2c   0x00000170   Code   RO         2217    .text.HAL_TIM_IRQHandler  stm32f4xx_hal_tim.o
    0x08002b9c   0x08002b9c   0x0000008e   Code   RO          117    .text.HAL_TIM_MspPostInit  stm32f4xx_hal_msp.o
    0x08002c2a   0x08002c2a   0x00000002   PAD
    0x08002c2c   0x08002c2c   0x00000002   Code   RO         2221    .text.HAL_TIM_OC_DelayElapsedCallback  stm32f4xx_hal_tim.o
    0x08002c2e   0x08002c2e   0x00000002   PAD
    0x08002c30   0x08002c30   0x00000212   Code   RO         2237    .text.HAL_TIM_PWM_ConfigChannel  stm32f4xx_hal_tim.o
    0x08002e42   0x08002e42   0x00000002   PAD
    0x08002e44   0x08002e44   0x0000005a   Code   RO         2137    .text.HAL_TIM_PWM_Init  stm32f4xx_hal_tim.o
    0x08002e9e   0x08002e9e   0x00000002   PAD
    0x08002ea0   0x08002ea0   0x00000002   Code   RO         2139    .text.HAL_TIM_PWM_MspInit  stm32f4xx_hal_tim.o
    0x08002ea2   0x08002ea2   0x00000002   PAD
    0x08002ea4   0x08002ea4   0x00000002   Code   RO         2223    .text.HAL_TIM_PWM_PulseFinishedCallback  stm32f4xx_hal_tim.o
    0x08002ea6   0x08002ea6   0x00000002   PAD
    0x08002ea8   0x08002ea8   0x00000112   Code   RO         2145    .text.HAL_TIM_PWM_Start  stm32f4xx_hal_tim.o
    0x08002fba   0x08002fba   0x00000002   PAD
    0x08002fbc   0x08002fbc   0x000000aa   Code   RO         2147    .text.HAL_TIM_PWM_Stop  stm32f4xx_hal_tim.o
    0x08003066   0x08003066   0x00000002   PAD
    0x08003068   0x08003068   0x0000043c   Code   RO           35    .text.HAL_TIM_PeriodElapsedCallback  main.o
    0x080034a4   0x080034a4   0x00000002   Code   RO         2227    .text.HAL_TIM_TriggerCallback  stm32f4xx_hal_tim.o
    0x080034a6   0x080034a6   0x00000002   PAD
    0x080034a8   0x080034a8   0x00000002   Code   RO           66    .text.HardFault_Handler  stm32f4xx_it.o
    0x080034aa   0x080034aa   0x00000002   PAD
    0x080034ac   0x080034ac   0x00000002   Code   RO           68    .text.MemManage_Handler  stm32f4xx_it.o
    0x080034ae   0x080034ae   0x00000002   PAD
    0x080034b0   0x080034b0   0x00000002   Code   RO           64    .text.NMI_Handler   stm32f4xx_it.o
    0x080034b2   0x080034b2   0x00000002   PAD
    0x080034b4   0x080034b4   0x00000002   Code   RO           78    .text.PendSV_Handler  stm32f4xx_it.o
    0x080034b6   0x080034b6   0x00000002   PAD
    0x080034b8   0x080034b8   0x00000002   Code   RO           82    .text.RCC_IRQHandler  stm32f4xx_it.o
    0x080034ba   0x080034ba   0x00000002   PAD
    0x080034bc   0x080034bc   0x00000002   Code   RO           74    .text.SVC_Handler   stm32f4xx_it.o
    0x080034be   0x080034be   0x00000002   PAD
    0x080034c0   0x080034c0   0x00000004   Code   RO           80    .text.SysTick_Handler  stm32f4xx_it.o
    0x080034c4   0x080034c4   0x000000b8   Code   RO           13    .text.SystemClock_Config  main.o
    0x0800357c   0x0800357c   0x00000012   Code   RO         2447    .text.SystemInit    system_stm32f4xx.o
    0x0800358e   0x0800358e   0x00000002   PAD
    0x08003590   0x08003590   0x0000000c   Code   RO           86    .text.TIM2_IRQHandler  stm32f4xx_it.o
    0x0800359c   0x0800359c   0x0000000c   Code   RO           88    .text.TIM4_IRQHandler  stm32f4xx_it.o
    0x080035a8   0x080035a8   0x0000000c   Code   RO           92    .text.TIM5_IRQHandler  stm32f4xx_it.o
    0x080035b4   0x080035b4   0x0000000c   Code   RO           94    .text.TIM7_IRQHandler  stm32f4xx_it.o
    0x080035c0   0x080035c0   0x0000001e   Code   RO           90    .text.TIM8_BRK_TIM12_IRQHandler  stm32f4xx_it.o
    0x080035de   0x080035de   0x00000002   PAD
    0x080035e0   0x080035e0   0x0000013c   Code   RO         2087    .text.TIM_Base_SetConfig  stm32f4xx_hal_tim.o
    0x0800371c   0x0800371c   0x00000002   Code   RO           72    .text.UsageFault_Handler  stm32f4xx_it.o
    0x0800371e   0x0800371e   0x00000002   PAD
    0x08003720   0x08003720   0x00000560   Code   RO           19    .text.asInitialCheck  main.o
    0x08003c80   0x08003c80   0x0000001e   Code   RO          809    .text.can_mcu_apu_state_mission_unpack  can_mcu.o
    0x08003c9e   0x08003c9e   0x00000002   PAD
    0x08003ca0   0x08003ca0   0x0000006e   Code   RO          721    .text.can_mcu_asb_pack  can_mcu.o
    0x08003d0e   0x08003d0e   0x00000002   PAD
    0x08003d10   0x08003d10   0x0000003e   Code   RO         1493    .text.can_mcu_dash_brake_unpack  can_mcu.o
    0x08003d4e   0x08003d4e   0x00000002   PAD
    0x08003d50   0x08003d50   0x00000064   Code   RO          215    .text.can_mcu_ecu_bools_unpack  can_mcu.o
    0x08003db4   0x08003db4   0x0000005c   Code   RO           21    .text.delay_ms      main.o
    0x08003e10   0x08003e10   0x0000085a   Code   RO           11    .text.main          main.o
    0x0800466a   0x0800466a   0x00000002   PAD
    0x0800466c   0x0800466c   0x00000138   Code   RO           25    .text.manualInitialCheck  main.o
    0x080047a4   0x080047a4   0x000000cc   Code   RO           15    .text.supervisorInit  main.o
    0x08004870   0x08004870   0x000000e4   Code   RO           37    .text.variablesInit  main.o
    0x08004954   0x08004954   0x00000062   Code   RO         2469    x$fpl$d2f           fz_wm.l(d2f.o)
    0x080049b6   0x080049b6   0x00000018   Code   RO         2538    x$fpl$dcmpinf       fz_wm.l(dcmpi.o)
    0x080049ce   0x080049ce   0x00000002   PAD
    0x080049d0   0x080049d0   0x000002b4   Code   RO         2480    x$fpl$ddiv          fz_wm.l(ddiv.o)
    0x08004c84   0x08004c84   0x00000078   Code   RO         2506    x$fpl$deqf          fz_wm.l(deqf.o)
    0x08004cfc   0x08004cfc   0x0000005e   Code   RO         2483    x$fpl$dfix          fz_wm.l(dfix.o)
    0x08004d5a   0x08004d5a   0x00000026   Code   RO         2491    x$fpl$dfltu         fz_wm.l(dflt_clz.o)
    0x08004d80   0x08004d80   0x00000078   Code   RO         2508    x$fpl$dgeqf         fz_wm.l(dgeqf.o)
    0x08004df8   0x08004df8   0x00000078   Code   RO         2510    x$fpl$dleqf         fz_wm.l(dleqf.o)
    0x08004e70   0x08004e70   0x00000154   Code   RO         2497    x$fpl$dmul          fz_wm.l(dmul.o)
    0x08004fc4   0x08004fc4   0x0000009c   Code   RO         2512    x$fpl$dnaninf       fz_wm.l(dnaninf.o)
    0x08005060   0x08005060   0x0000000c   Code   RO         2514    x$fpl$dretinf       fz_wm.l(dretinf.o)
    0x0800506c   0x0800506c   0x00000056   Code   RO         2499    x$fpl$f2d           fz_wm.l(f2d.o)
    0x080050c2   0x080050c2   0x00000054   Code   RO         2477    x$fpl$fcmp          fz_wm.l(dcmp.o)
    0x08005116   0x08005116   0x0000008c   Code   RO         2516    x$fpl$fnaninf       fz_wm.l(fnaninf.o)
    0x080051a2   0x080051a2   0x0000001a   Code   RO         2629    x$fpl$fpinit        fz_wm.l(fpinit.o)
    0x080051bc   0x080051bc   0x0000000a   Code   RO         2518    x$fpl$fretinf       fz_wm.l(fretinf.o)
    0x080051c6   0x080051c6   0x00000000   Code   RO         2520    x$fpl$usenofp       fz_wm.l(usenofp.o)
    0x080051c6   0x080051c6   0x00000010   Data   RO         2452    .rodata.AHBPrescTable  system_stm32f4xx.o
    0x080051d6   0x080051d6   0x00000008   Data   RO         2453    .rodata.APBPrescTable  system_stm32f4xx.o
    0x080051de   0x080051de   0x00000008   Data   RO         1836    .rodata.cst8        stm32f4xx_hal_dma.o
    0x080051e6   0x080051e6   0x00000002   PAD
    0x080051e8   0x080051e8   0x00000020   Data   RO         2690    Region$$Table       anon$$obj.o


    Execution Region RW_IRAM1 (Exec base: 0x20000000, Load base: 0x08005208, Size: 0x00000a58, Max: 0x00020000, ABSOLUTE)

    Exec Addr    Load Addr    Size         Type   Attr      Idx    E Section Name        Object

    0x20000000   0x08005208   0x00000008   Data   RW         1968    .data..L_MergedGlobals  stm32f4xx_hal.o
    0x20000008   0x08005210   0x00000004   Data   RW         2451    .data.SystemCoreClock  system_stm32f4xx.o
    0x2000000c   0x08005214   0x00000004   PAD
    0x20000010        -       0x00000060   Zero   RW         2555    .bss                c_w.l(libspace.o)
    0x20000070        -       0x0000006a   Zero   RW           53    .bss..L_MergedGlobals  main.o
    0x200000da   0x08005214   0x00000002   PAD
    0x200000dc        -       0x0000005c   Zero   RW           54    .bss..L_MergedGlobals.1  main.o
    0x20000138        -       0x0000007c   Zero   RW           55    .bss..L_MergedGlobals.2  main.o
    0x200001b4        -       0x00000060   Zero   RW           50    .bss.hdma_adc1      main.o
    0x20000214        -       0x00000048   Zero   RW           42    .bss.htim1          main.o
    0x2000025c        -       0x00000048   Zero   RW           44    .bss.htim12         main.o
    0x200002a4        -       0x00000048   Zero   RW           48    .bss.htim2          main.o
    0x200002ec        -       0x00000048   Zero   RW           43    .bss.htim3          main.o
    0x20000334        -       0x00000048   Zero   RW           49    .bss.htim4          main.o
    0x2000037c        -       0x00000048   Zero   RW           45    .bss.htim5          main.o
    0x200003c4        -       0x00000048   Zero   RW           46    .bss.htim7          main.o
    0x2000040c        -       0x00000048   Zero   RW           47    .bss.htim8          main.o
    0x20000454        -       0x00000004   Zero   RW         1967    .bss.uwTick         stm32f4xx_hal.o
    0x20000458        -       0x00000200   Zero   RW            2    HEAP                startup_stm32f446xx.o
    0x20000658        -       0x00000400   Zero   RW            1    STACK               startup_stm32f446xx.o


==============================================================================

Image component sizes


      Code (inc. data)   RO Data    RW Data    ZI Data      Debug   Object Name

       302          0          0          0          0     159282   can_mcu.o
      6838         90          0          0        994      25568   main.o
        64         26        452          0       1536        844   startup_stm32f446xx.o
       164          0          0          8          4       7502   stm32f4xx_hal.o
      1274          0          0          0          0      11728   stm32f4xx_hal_adc.o
      1750          6          0          0          0      13853   stm32f4xx_hal_can.o
       200          0          0          0          0      10643   stm32f4xx_hal_cortex.o
       960          6          8          0          0      10594   stm32f4xx_hal_dma.o
       438          0          0          0          0       5378   stm32f4xx_hal_gpio.o
      1004          0          0          0          0      12183   stm32f4xx_hal_msp.o
       122          0          0          0          0       4644   stm32f4xx_hal_pwr_ex.o
       390          0          0          0          0       7556   stm32f4xx_hal_rcc.o
      1100          4          0          0          0      11120   stm32f4xx_hal_rcc_ex.o
      2642          4          0          0          0      53702   stm32f4xx_hal_tim.o
       262          0          0          0          0      20906   stm32f4xx_hal_tim_ex.o
       124          0          0          0          0       6813   stm32f4xx_it.o
        18          0         24          4          0       2753   system_stm32f4xx.o

    ----------------------------------------------------------------------
     17796        136        518         12       2540     365069   Object Totals
         0          0         32          0          0          0   (incl. Generated)
       144          0          2          0          6          0   (incl. Padding)

    ----------------------------------------------------------------------

      Code (inc. data)   RO Data    RW Data    ZI Data      Debug   Library Member Name

         8          0          0          0          0         68   __main.o
         0          0          0          0          0          0   __rtentry.o
        12          0          0          0          0          0   __rtentry2.o
         6          0          0          0          0          0   __rtentry4.o
        52          8          0          0          0          0   __scatter.o
        26          0          0          0          0          0   __scatter_copy.o
        28          0          0          0          0          0   __scatter_zi.o
        18          0          0          0          0         80   exit.o
         6          0          0          0          0        152   heapauxi.o
         0          0          0          0          0          0   indicate_semi.o
         2          0          0          0          0          0   libinit.o
         6          0          0          0          0          0   libinit2.o
         2          0          0          0          0          0   libshutdown.o
         2          0          0          0          0          0   libshutdown2.o
         8          4          0          0         96         68   libspace.o
       240          0          0          0          0        100   lludivv7m.o
         2          0          0          0          0          0   rtexit.o
        10          0          0          0          0          0   rtexit2.o
        12          4          0          0          0         68   sys_exit.o
        74          0          0          0          0         80   sys_stackheap_outer.o
         2          0          0          0          0         68   use_no_semi.o
        98          4          0          0          0        140   d2f.o
        84          0          0          0          0        244   dcmp.o
        24          0          0          0          0        116   dcmpi.o
       692        140          0          0          0        264   ddiv.o
       120          4          0          0          0        140   deqf.o
        94          4          0          0          0        140   dfix.o
        38          0          0          0          0        116   dflt_clz.o
       120          4          0          0          0        140   dgeqf.o
       120          4          0          0          0        140   dleqf.o
       340         12          0          0          0        152   dmul.o
       156          4          0          0          0        140   dnaninf.o
        12          0          0          0          0        116   dretinf.o
        86          4          0          0          0        132   f2d.o
       140          4          0          0          0        132   fnaninf.o
        26          0          0          0          0        116   fpinit.o
        10          0          0          0          0        116   fretinf.o
         0          0          0          0          0          0   usenofp.o

    ----------------------------------------------------------------------
      2686        200          0          0         96       3028   Library Totals
        10          0          0          0          0          0   (incl. Padding)

    ----------------------------------------------------------------------

      Code (inc. data)   RO Data    RW Data    ZI Data      Debug   Library Name

       516         16          0          0         96        684   c_w.l
      2160        184          0          0          0       2344   fz_wm.l

    ----------------------------------------------------------------------
      2686        200          0          0         96       3028   Library Totals

    ----------------------------------------------------------------------

==============================================================================


      Code (inc. data)   RO Data    RW Data    ZI Data      Debug   

     20482        336        518         12       2636     366089   Grand Totals
     20482        336        518         12       2636     366089   ELF Image Totals
     20482        336        518         12          0          0   ROM Totals

==============================================================================

    Total RO  Size (Code + RO Data)                21000 (  20.51kB)
    Total RW  Size (RW Data + ZI Data)              2648 (   2.59kB)
    Total ROM Size (Code + RO Data + RW Data)      21012 (  20.52kB)

==============================================================================

