Component: ARM Compiler 5.06 update 7 (build 960) Tool: armlink [4d3601]

==============================================================================

Section Cross References

    startup_stm32f446xx.o(STACK) refers (Special) to heapauxi.o(.text) for __use_two_region_memory
    startup_stm32f446xx.o(HEAP) refers (Special) to heapauxi.o(.text) for __use_two_region_memory
    startup_stm32f446xx.o(RESET) refers (Special) to heapauxi.o(.text) for __use_two_region_memory
    startup_stm32f446xx.o(RESET) refers to startup_stm32f446xx.o(STACK) for __initial_sp
    startup_stm32f446xx.o(RESET) refers to startup_stm32f446xx.o(.text) for Reset_Handler
    startup_stm32f446xx.o(RESET) refers to stm32f4xx_it.o(i.NMI_Handler) for NMI_Handler
    startup_stm32f446xx.o(RESET) refers to stm32f4xx_it.o(i.HardFault_Handler) for HardFault_Handler
    startup_stm32f446xx.o(RESET) refers to stm32f4xx_it.o(i.MemManage_Handler) for MemManage_Handler
    startup_stm32f446xx.o(RESET) refers to stm32f4xx_it.o(i.BusFault_Handler) for BusFault_Handler
    startup_stm32f446xx.o(RESET) refers to stm32f4xx_it.o(i.UsageFault_Handler) for UsageFault_Handler
    startup_stm32f446xx.o(RESET) refers to stm32f4xx_it.o(i.SVC_Handler) for SVC_Handler
    startup_stm32f446xx.o(RESET) refers to stm32f4xx_it.o(i.DebugMon_Handler) for DebugMon_Handler
    startup_stm32f446xx.o(RESET) refers to stm32f4xx_it.o(i.PendSV_Handler) for PendSV_Handler
    startup_stm32f446xx.o(RESET) refers to stm32f4xx_it.o(i.SysTick_Handler) for SysTick_Handler
    startup_stm32f446xx.o(RESET) refers to stm32f4xx_it.o(i.RCC_IRQHandler) for RCC_IRQHandler
    startup_stm32f446xx.o(RESET) refers to stm32f4xx_it.o(i.CAN1_RX0_IRQHandler) for CAN1_RX0_IRQHandler
    startup_stm32f446xx.o(RESET) refers to stm32f4xx_it.o(i.TIM2_IRQHandler) for TIM2_IRQHandler
    startup_stm32f446xx.o(RESET) refers to stm32f4xx_it.o(i.TIM4_IRQHandler) for TIM4_IRQHandler
    startup_stm32f446xx.o(RESET) refers to stm32f4xx_it.o(i.TIM8_BRK_TIM12_IRQHandler) for TIM8_BRK_TIM12_IRQHandler
    startup_stm32f446xx.o(RESET) refers to stm32f4xx_it.o(i.TIM5_IRQHandler) for TIM5_IRQHandler
    startup_stm32f446xx.o(RESET) refers to stm32f4xx_it.o(i.TIM7_IRQHandler) for TIM7_IRQHandler
    startup_stm32f446xx.o(RESET) refers to stm32f4xx_it.o(i.DMA2_Stream0_IRQHandler) for DMA2_Stream0_IRQHandler
    startup_stm32f446xx.o(.text) refers (Special) to heapauxi.o(.text) for __use_two_region_memory
    startup_stm32f446xx.o(.text) refers to system_stm32f4xx.o(i.SystemInit) for SystemInit
    startup_stm32f446xx.o(.text) refers to __main.o(!!!main) for __main
    startup_stm32f446xx.o(.text) refers to startup_stm32f446xx.o(HEAP) for Heap_Mem
    startup_stm32f446xx.o(.text) refers to startup_stm32f446xx.o(STACK) for Stack_Mem
    main.o(i.CAN_initialize) refers to stm32f4xx_hal_can.o(i.HAL_CAN_ConfigFilter) for HAL_CAN_ConfigFilter
    main.o(i.CAN_initialize) refers to main.o(i.Error_Handler) for Error_Handler
    main.o(i.CAN_initialize) refers to main.o(.bss) for .bss
    main.o(i.Error_Handler) refers to stm32f4xx_hal_gpio.o(i.HAL_GPIO_WritePin) for HAL_GPIO_WritePin
    main.o(i.Error_Handler) refers to main.o(i.delay_ms) for delay_ms
    main.o(i.HAL_ADC_ConvCpltCallback) refers to dflt_clz.o(x$fpl$dfltu) for __aeabi_ui2d
    main.o(i.HAL_ADC_ConvCpltCallback) refers to dmul.o(x$fpl$dmul) for __aeabi_dmul
    main.o(i.HAL_ADC_ConvCpltCallback) refers to ddiv.o(x$fpl$ddiv) for __aeabi_ddiv
    main.o(i.HAL_ADC_ConvCpltCallback) refers to d2f.o(x$fpl$d2f) for __aeabi_d2f
    main.o(i.HAL_ADC_ConvCpltCallback) refers to f2d.o(x$fpl$f2d) for __aeabi_f2d
    main.o(i.HAL_ADC_ConvCpltCallback) refers to main.o(.data) for .data
    main.o(i.HAL_CAN_RxFifo0MsgPendingCallback) refers to stm32f4xx_hal_can.o(i.HAL_CAN_GetRxMessage) for HAL_CAN_GetRxMessage
    main.o(i.HAL_CAN_RxFifo0MsgPendingCallback) refers to main.o(i.Error_Handler) for Error_Handler
    main.o(i.HAL_CAN_RxFifo0MsgPendingCallback) refers to can_mcu.o(i.can_mcu_ecu_bools_unpack) for can_mcu_ecu_bools_unpack
    main.o(i.HAL_CAN_RxFifo0MsgPendingCallback) refers to can_mcu.o(i.can_mcu_dash_apps_brake_unpack) for can_mcu_dash_apps_brake_unpack
    main.o(i.HAL_CAN_RxFifo0MsgPendingCallback) refers to can_mcu.o(i.can_mcu_apu_state_mission_unpack) for can_mcu_apu_state_mission_unpack
    main.o(i.HAL_CAN_RxFifo0MsgPendingCallback) refers to main.o(.data) for .data
    main.o(i.HAL_CAN_RxFifo0MsgPendingCallback) refers to main.o(.bss) for .bss
    main.o(i.HAL_TIM_PeriodElapsedCallback) refers to main.o(i.continuousMonitoring) for continuousMonitoring
    main.o(i.HAL_TIM_PeriodElapsedCallback) refers to stm32f4xx_hal_tim.o(i.HAL_TIM_PWM_Start) for HAL_TIM_PWM_Start
    main.o(i.HAL_TIM_PeriodElapsedCallback) refers to stm32f4xx_hal_tim.o(i.HAL_TIM_PWM_Stop) for HAL_TIM_PWM_Stop
    main.o(i.HAL_TIM_PeriodElapsedCallback) refers to stm32f4xx_hal_gpio.o(i.HAL_GPIO_ReadPin) for HAL_GPIO_ReadPin
[...]
    .text                                    0x0800045a   Section        0  indicate_semi.o(.text)
    i.ADC_DMAConvCplt                        0x0800045a   Section        0  stm32f4xx_hal_adc.o(i.ADC_DMAConvCplt)
    ADC_DMAConvCplt                          0x0800045b   Thumb Code   110  stm32f4xx_hal_adc.o(i.ADC_DMAConvCplt)
    i.ADC_DMAError                           0x080004c8   Section        0  stm32f4xx_hal_adc.o(i.ADC_DMAError)
    ADC_DMAError                             0x080004c9   Thumb Code    22  stm32f4xx_hal_adc.o(i.ADC_DMAError)
    i.ADC_DMAHalfConvCplt                    0x080004de   Section        0  stm32f4xx_hal_adc.o(i.ADC_DMAHalfConvCplt)
    ADC_DMAHalfConvCplt                      0x080004df   Thumb Code    10  stm32f4xx_hal_adc.o(i.ADC_DMAHalfConvCplt)
    i.ADC_Init                               0x080004e8   Section        0  stm32f4xx_hal_adc.o(i.ADC_Init)
    ADC_Init                                 0x080004e9   Thumb Code   284  stm32f4xx_hal_adc.o(i.ADC_Init)
    i.BusFault_Handler                       0x08000610   Section        0  stm32f4xx_it.o(i.BusFault_Handler)
    i.CAN1_RX0_IRQHandler                    0x08000614   Section        0  stm32f4xx_it.o(i.CAN1_RX0_IRQHandler)
    i.CAN_initialize                         0x08000620   Section        0  main.o(i.CAN_initialize)
    i.DMA2_Stream0_IRQHandler                0x08000668   Section        0  stm32f4xx_it.o(i.DMA2_Stream0_IRQHandler)
    i.DMA_CalcBaseAndBitshift                0x08000674   Section        0  stm32f4xx_hal_dma.o(i.DMA_CalcBaseAndBitshift)
    DMA_CalcBaseAndBitshift                  0x08000675   Thumb Code    34  stm32f4xx_hal_dma.o(i.DMA_CalcBaseAndBitshift)
    i.DMA_CheckFifoParam                     0x0800069c   Section        0  stm32f4xx_hal_dma.o(i.DMA_CheckFifoParam)
    DMA_CheckFifoParam                       0x0800069d   Thumb Code    84  stm32f4xx_hal_dma.o(i.DMA_CheckFifoParam)
    i.DMA_SetConfig                          0x080006f0   Section        0  stm32f4xx_hal_dma.o(i.DMA_SetConfig)
    DMA_SetConfig                            0x080006f1   Thumb Code    40  stm32f4xx_hal_dma.o(i.DMA_SetConfig)
    i.DebugMon_Handler                       0x08000718   Section        0  stm32f4xx_it.o(i.DebugMon_Handler)
    i.Error_Handler                          0x0800071c   Section        0  main.o(i.Error_Handler)
    i.HAL_ADC_ConfigChannel                  0x0800075c   Section        0  stm32f4xx_hal_adc.o(i.HAL_ADC_ConfigChannel)
    i.HAL_ADC_ConvCpltCallback               0x080008c0   Section        0  main.o(i.HAL_ADC_ConvCpltCallback)
    i.HAL_ADC_ConvHalfCpltCallback           0x08000954   Section        0  stm32f4xx_hal_adc.o(i.HAL_ADC_ConvHalfCpltCallback)
    i.HAL_ADC_ErrorCallback                  0x08000956   Section        0  stm32f4xx_hal_adc.o(i.HAL_ADC_ErrorCallback)
    i.HAL_ADC_Init                           0x08000958   Section        0  stm32f4xx_hal_adc.o(i.HAL_ADC_Init)
    i.HAL_ADC_MspInit                        0x080009ac   Section        0  stm32f4xx_hal_msp.o(i.HAL_ADC_MspInit)
    i.HAL_ADC_Start_DMA                      0x08000a44   Section        0  stm32f4xx_hal_adc.o(i.HAL_ADC_Start_DMA)
    i.HAL_CAN_ActivateNotification           0x08000b98   Section        0  stm32f4xx_hal_can.o(i.HAL_CAN_ActivateNotification)
    i.HAL_CAN_AddTxMessage                   0x08000bbc   Section        0  stm32f4xx_hal_can.o(i.HAL_CAN_AddTxMessage)
    i.HAL_CAN_ConfigFilter                   0x08000c98   Section        0  stm32f4xx_hal_can.o(i.HAL_CAN_ConfigFilter)
    i.HAL_CAN_ErrorCallback                  0x08000da4   Section        0  stm32f4xx_hal_can.o(i.HAL_CAN_ErrorCallback)
    i.HAL_CAN_GetRxMessage                   0x08000da6   Section        0  stm32f4xx_hal_can.o(i.HAL_CAN_GetRxMessage)
    i.HAL_CAN_GetTxMailboxesFreeLevel        0x08000e8e   Section        0  stm32f4xx_hal_can.o(i.HAL_CAN_GetTxMailboxesFreeLevel)
    i.HAL_CAN_IRQHandler                     0x08000eba   Section        0  stm32f4xx_hal_can.o(i.HAL_CAN_IRQHandler)
    i.HAL_CAN_Init                           0x080010b6   Section        0  stm32f4xx_hal_can.o(i.HAL_CAN_Init)
    i.HAL_CAN_MspInit                        0x080011d0   Section        0  stm32f4xx_hal_msp.o(i.HAL_CAN_MspInit)
    i.HAL_CAN_RxFifo0FullCallback            0x0800124c   Section        0  stm32f4xx_hal_can.o(i.HAL_CAN_RxFifo0FullCallback)
    i.HAL_CAN_RxFifo0MsgPendingCallback      0x08001250   Section        0  main.o(i.HAL_CAN_RxFifo0MsgPendingCallback)
    i.HAL_CAN_RxFifo1FullCallback            0x080012e0   Section        0  stm32f4xx_hal_can.o(i.HAL_CAN_RxFifo1FullCallback)
    i.HAL_CAN_RxFifo1MsgPendingCallback      0x080012e2   Section        0  stm32f4xx_hal_can.o(i.HAL_CAN_RxFifo1MsgPendingCallback)
    i.HAL_CAN_SleepCallback                  0x080012e4   Section        0  stm32f4xx_hal_can.o(i.HAL_CAN_SleepCallback)
    i.HAL_CAN_Start                          0x080012e8   Section        0  stm32f4xx_hal_can.o(i.HAL_CAN_Start)
    i.HAL_CAN_TxMailbox0AbortCallback        0x08001340   Section        0  stm32f4xx_hal_can.o(i.HAL_CAN_TxMailbox0AbortCallback)
    i.HAL_CAN_TxMailbox0CompleteCallback     0x08001342   Section        0  stm32f4xx_hal_can.o(i.HAL_CAN_TxMailbox0CompleteCallback)
    i.HAL_CAN_TxMailbox1AbortCallback        0x08001344   Section        0  stm32f4xx_hal_can.o(i.HAL_CAN_TxMailbox1AbortCallback)
    i.HAL_CAN_TxMailbox1CompleteCallback     0x08001346   Section        0  stm32f4xx_hal_can.o(i.HAL_CAN_TxMailbox1CompleteCallback)
    i.HAL_CAN_TxMailbox2AbortCallback        0x08001348   Section        0  stm32f4xx_hal_can.o(i.HAL_CAN_TxMailbox2AbortCallback)
    i.HAL_CAN_TxMailbox2CompleteCallback     0x0800134a   Section        0  stm32f4xx_hal_can.o(i.HAL_CAN_TxMailbox2CompleteCallback)
    i.HAL_CAN_WakeUpFromRxMsgCallback        0x0800134c   Section        0  stm32f4xx_hal_can.o(i.HAL_CAN_WakeUpFromRxMsgCallback)
    i.HAL_DMA_IRQHandler                     0x08001350   Section        0  stm32f4xx_hal_dma.o(i.HAL_DMA_IRQHandler)
    i.HAL_DMA_Init                           0x080014f0   Section        0  stm32f4xx_hal_dma.o(i.HAL_DMA_Init)
    i.HAL_DMA_Start_IT                       0x080015c4   Section        0  stm32f4xx_hal_dma.o(i.HAL_DMA_Start_IT)
    i.HAL_GPIO_Init                          0x08001634   Section        0  stm32f4xx_hal_gpio.o(i.HAL_GPIO_Init)
    i.HAL_GPIO_ReadPin                       0x08001810   Section        0  stm32f4xx_hal_gpio.o(i.HAL_GPIO_ReadPin)
    i.HAL_GPIO_WritePin                      0x0800181a   Section        0  stm32f4xx_hal_gpio.o(i.HAL_GPIO_WritePin)
    i.HAL_GetTick                            0x08001824   Section        0  stm32f4xx_hal.o(i.HAL_GetTick)
    i.HAL_IncTick                            0x08001830   Section        0  stm32f4xx_hal.o(i.HAL_IncTick)
    i.HAL_Init                               0x08001840   Section        0  stm32f4xx_hal.o(i.HAL_Init)
    i.HAL_InitTick                           0x08001874   Section        0  stm32f4xx_hal.o(i.HAL_InitTick)
    i.HAL_MspInit                            0x080018b4   Section        0  stm32f4xx_hal_msp.o(i.HAL_MspInit)
    i.HAL_NVIC_EnableIRQ                     0x080018f4   Section        0  stm32f4xx_hal_cortex.o(i.HAL_NVIC_EnableIRQ)
    i.HAL_NVIC_SetPriority                   0x08001910   Section        0  stm32f4xx_hal_cortex.o(i.HAL_NVIC_SetPriority)
    i.HAL_NVIC_SetPriorityGrouping           0x08001950   Section        0  stm32f4xx_hal_cortex.o(i.HAL_NVIC_SetPriorityGrouping)
    i.HAL_PWREx_EnableOverDrive              0x08001974   Section        0  stm32f4xx_hal_pwr_ex.o(i.HAL_PWREx_EnableOverDrive)
    i.HAL_RCC_ClockConfig                    0x080019e4   Section        0  stm32f4xx_hal_rcc.o(i.HAL_RCC_ClockConfig)
    i.HAL_RCC_GetPCLK1Freq                   0x08001b18   Section        0  stm32f4xx_hal_rcc.o(i.HAL_RCC_GetPCLK1Freq)
    i.HAL_RCC_GetSysClockFreq                0x08001b38   Section        0  stm32f4xx_hal_rcc_ex.o(i.HAL_RCC_GetSysClockFreq)
    i.HAL_RCC_OscConfig                      0x08001bcc   Section        0  stm32f4xx_hal_rcc_ex.o(i.HAL_RCC_OscConfig)
    i.HAL_SYSTICK_Config                     0x08001f64   Section        0  stm32f4xx_hal_cortex.o(i.HAL_SYSTICK_Config)
    i.HAL_TIMEx_BreakCallback                0x08001f8c   Section        0  stm32f4xx_hal_tim_ex.o(i.HAL_TIMEx_BreakCallback)
    i.HAL_TIMEx_CommutCallback               0x08001f8e   Section        0  stm32f4xx_hal_tim_ex.o(i.HAL_TIMEx_CommutCallback)
    i.HAL_TIMEx_ConfigBreakDeadTime          0x08001f90   Section        0  stm32f4xx_hal_tim_ex.o(i.HAL_TIMEx_ConfigBreakDeadTime)
    i.HAL_TIMEx_MasterConfigSynchronization  0x08001fe4   Section        0  stm32f4xx_hal_tim_ex.o(i.HAL_TIMEx_MasterConfigSynchronization)
    i.HAL_TIM_Base_Init                      0x08002074   Section        0  stm32f4xx_hal_tim.o(i.HAL_TIM_Base_Init)
    i.HAL_TIM_Base_MspInit                   0x080020d0   Section        0  stm32f4xx_hal_msp.o(i.HAL_TIM_Base_MspInit)
    i.HAL_TIM_Base_Start                     0x080021f8   Section        0  stm32f4xx_hal_tim.o(i.HAL_TIM_Base_Start)
    i.HAL_TIM_Base_Start_IT                  0x08002270   Section        0  stm32f4xx_hal_tim.o(i.HAL_TIM_Base_Start_IT)
    i.HAL_TIM_Base_Stop_IT                   0x080022f0   Section        0  stm32f4xx_hal_tim.o(i.HAL_TIM_Base_Stop_IT)
    i.HAL_TIM_ConfigClockSource              0x08002320   Section        0  stm32f4xx_hal_tim.o(i.HAL_TIM_ConfigClockSource)
    i.HAL_TIM_IC_CaptureCallback             0x080023f6   Section        0  stm32f4xx_hal_tim.o(i.HAL_TIM_IC_CaptureCallback)
    i.HAL_TIM_IRQHandler                     0x080023f8   Section        0  stm32f4xx_hal_tim.o(i.HAL_TIM_IRQHandler)
    i.HAL_TIM_MspPostInit                    0x08002560   Section        0  stm32f4xx_hal_msp.o(i.HAL_TIM_MspPostInit)
    i.HAL_TIM_OC_DelayElapsedCallback        0x080025dc   Section        0  stm32f4xx_hal_tim.o(i.HAL_TIM_OC_DelayElapsedCallback)
    i.HAL_TIM_PWM_ConfigChannel              0x080025de   Section        0  stm32f4xx_hal_tim.o(i.HAL_TIM_PWM_ConfigChannel)
    i.HAL_TIM_PWM_Init                       0x080026a4   Section        0  stm32f4xx_hal_tim.o(i.HAL_TIM_PWM_Init)
    i.HAL_TIM_PWM_MspInit                    0x080026fe   Section        0  stm32f4xx_hal_tim.o(i.HAL_TIM_PWM_MspInit)
    i.HAL_TIM_PWM_PulseFinishedCallback      0x08002700   Section        0  stm32f4xx_hal_tim.o(i.HAL_TIM_PWM_PulseFinishedCallback)
    i.HAL_TIM_PWM_Start                      0x08002704   Section        0  stm32f4xx_hal_tim.o(i.HAL_TIM_PWM_Start)
    i.HAL_TIM_PWM_Stop                       0x080027cc   Section        0  stm32f4xx_hal_tim.o(i.HAL_TIM_PWM_Stop)
    i.HAL_TIM_PeriodElapsedCallback          0x08002848   Section        0  main.o(i.HAL_TIM_PeriodElapsedCallback)
    i.HAL_TIM_TriggerCallback                0x08002a64   Section        0  stm32f4xx_hal_tim.o(i.HAL_TIM_TriggerCallback)
    i.HardFault_Handler                      0x08002a66   Section        0  stm32f4xx_it.o(i.HardFault_Handler)
    i.MX_ADC1_Init                           0x08002a68   Section        0  main.o(i.MX_ADC1_Init)
    MX_ADC1_Init                             0x08002a69   Thumb Code    92  main.o(i.MX_ADC1_Init)
    i.MX_CAN1_Init                           0x08002acc   Section        0  main.o(i.MX_CAN1_Init)
    MX_CAN1_Init                             0x08002acd   Thumb Code    58  main.o(i.MX_CAN1_Init)
    i.MX_GPIO_Init                           0x08002b10   Section        0  main.o(i.MX_GPIO_Init)
    MX_GPIO_Init                             0x08002b11   Thumb Code   192  main.o(i.MX_GPIO_Init)
    i.MX_TIM12_Init                          0x08002be0   Section        0  main.o(i.MX_TIM12_Init)
    MX_TIM12_Init                            0x08002be1   Thumb Code    68  main.o(i.MX_TIM12_Init)
    i.MX_TIM1_Init                           0x08002c2c   Section        0  main.o(i.MX_TIM1_Init)
    MX_TIM1_Init                             0x08002c2d   Thumb Code   194  main.o(i.MX_TIM1_Init)
    i.MX_TIM2_Init                           0x08002cf8   Section        0  main.o(i.MX_TIM2_Init)
    MX_TIM2_Init                             0x08002cf9   Thumb Code    98  main.o(i.MX_TIM2_Init)
    i.MX_TIM3_Init                           0x08002d60   Section        0  main.o(i.MX_TIM3_Init)
    MX_TIM3_Init                             0x08002d61   Thumb Code   146  main.o(i.MX_TIM3_Init)
    i.MX_TIM4_Init                           0x08002dfc   Section        0  main.o(i.MX_TIM4_Init)
    MX_TIM4_Init                             0x08002dfd   Thumb Code    94  main.o(i.MX_TIM4_Init)
    i.MX_TIM5_Init                           0x08002e64   Section        0  main.o(i.MX_TIM5_Init)
    MX_TIM5_Init                             0x08002e65   Thumb Code    94  main.o(i.MX_TIM5_Init)
    i.MX_TIM7_Init                           0x08002ecc   Section        0  main.o(i.MX_TIM7_Init)
    MX_TIM7_Init                             0x08002ecd   Thumb Code    64  main.o(i.MX_TIM7_Init)
    i.MX_TIM8_Init                           0x08002f14   Section        0  main.o(i.MX_TIM8_Init)
    MX_TIM8_Init                             0x08002f15   Thumb Code    98  main.o(i.MX_TIM8_Init)
    i.MemManage_Handler                      0x08002f80   Section        0  stm32f4xx_it.o(i.MemManage_Handler)
    i.NMI_Handler                            0x08002f82   Section        0  stm32f4xx_it.o(i.NMI_Handler)
    i.PendSV_Handler                         0x08002f84   Section        0  stm32f4xx_it.o(i.PendSV_Handler)
    i.RCC_IRQHandler                         0x08002f86   Section        0  stm32f4xx_it.o(i.RCC_IRQHandler)
    i.SVC_Handler                            0x08002f88   Section        0  stm32f4xx_it.o(i.SVC_Handler)
    i.SysTick_Handler                        0x08002f8a   Section        0  stm32f4xx_it.o(i.SysTick_Handler)
    i.SystemClock_Config                     0x08002f90   Section        0  main.o(i.SystemClock_Config)
    i.SystemInit                             0x08003030   Section        0  system_stm32f4xx.o(i.SystemInit)
    i.TIM2_IRQHandler                        0x08003040   Section        0  stm32f4xx_it.o(i.TIM2_IRQHandler)
    i.TIM4_IRQHandler                        0x0800304c   Section        0  stm32f4xx_it.o(i.TIM4_IRQHandler)
    i.TIM5_IRQHandler                        0x08003058   Section        0  stm32f4xx_it.o(i.TIM5_IRQHandler)
    i.TIM7_IRQHandler                        0x08003064   Section        0  stm32f4xx_it.o(i.TIM7_IRQHandler)
    i.TIM8_BRK_TIM12_IRQHandler              0x08003070   Section        0  stm32f4xx_it.o(i.TIM8_BRK_TIM12_IRQHandler)
    i.TIM_Base_SetConfig                     0x0800308c   Section        0  stm32f4xx_hal_tim.o(i.TIM_Base_SetConfig)
    i.TIM_CCxChannelCmd                      0x08003154   Section        0  stm32f4xx_hal_tim.o(i.TIM_CCxChannelCmd)
    i.TIM_ETR_SetConfig                      0x0800316e   Section        0  stm32f4xx_hal_tim.o(i.TIM_ETR_SetConfig)
    i.TIM_ITRx_SetConfig                     0x08003182   Section        0  stm32f4xx_hal_tim.o(i.TIM_ITRx_SetConfig)
    TIM_ITRx_SetConfig                       0x08003183   Thumb Code    16  stm32f4xx_hal_tim.o(i.TIM_ITRx_SetConfig)
    i.TIM_OC1_SetConfig                      0x08003194   Section        0  stm32f4xx_hal_tim.o(i.TIM_OC1_SetConfig)
    TIM_OC1_SetConfig                        0x08003195   Thumb Code    88  stm32f4xx_hal_tim.o(i.TIM_OC1_SetConfig)
    i.TIM_OC2_SetConfig                      0x080031f4   Section        0  stm32f4xx_hal_tim.o(i.TIM_OC2_SetConfig)
    i.TIM_OC3_SetConfig                      0x08003260   Section        0  stm32f4xx_hal_tim.o(i.TIM_OC3_SetConfig)
    TIM_OC3_SetConfig                        0x08003261   Thumb Code    96  stm32f4xx_hal_tim.o(i.TIM_OC3_SetConfig)
    i.TIM_OC4_SetConfig                      0x080032c8   Section        0  stm32f4xx_hal_tim.o(i.TIM_OC4_SetConfig)
    TIM_OC4_SetConfig                        0x080032c9   Thumb Code    70  stm32f4xx_hal_tim.o(i.TIM_OC4_SetConfig)
    i.TIM_TI1_ConfigInputStage               0x08003318   Section        0  stm32f4xx_hal_tim.o(i.TIM_TI1_ConfigInputStage)
    TIM_TI1_ConfigInputStage                 0x08003319   Thumb Code    34  stm32f4xx_hal_tim.o(i.TIM_TI1_ConfigInputStage)
    i.TIM_TI2_ConfigInputStage               0x0800333a   Section        0  stm32f4xx_hal_tim.o(i.TIM_TI2_ConfigInputStage)
    TIM_TI2_ConfigInputStage                 0x0800333b   Thumb Code    36  stm32f4xx_hal_tim.o(i.TIM_TI2_ConfigInputStage)
    i.UsageFault_Handler                     0x0800335e   Section        0  stm32f4xx_it.o(i.UsageFault_Handler)
    i.__NVIC_SetPriority                     0x08003360   Section        0  stm32f4xx_hal_cortex.o(i.__NVIC_SetPriority)
    __NVIC_SetPriority                       0x08003361   Thumb Code    32  stm32f4xx_hal_cortex.o(i.__NVIC_SetPriority)
    i.asInitialCheck                         0x08003380   Section        0  main.o(i.asInitialCheck)
    i.can_mcu_apu_state_mission_unpack       0x08003648   Section        0  can_mcu.o(i.can_mcu_apu_state_mission_unpack)
    i.can_mcu_asb_pack                       0x0800365e   Section        0  can_mcu.o(i.can_mcu_asb_pack)
    i.can_mcu_dash_apps_brake_unpack         0x08003704   Section        0  can_mcu.o(i.can_mcu_dash_apps_brake_unpack)
    i.can_mcu_ecu_bools_unpack               0x08003798   Section        0  can_mcu.o(i.can_mcu_ecu_bools_unpack)
    i.continuousMonitoring                   0x080037fc   Section        0  main.o(i.continuousMonitoring)
    i.delay_ms                               0x0800397c   Section        0  main.o(i.delay_ms)
    i.isMissionSelectedAutonomous            0x080039b0   Section        0  main.o(i.isMissionSelectedAutonomous)
    i.isMissionSelectedManual                0x080039c8   Section        0  main.o(i.isMissionSelectedManual)
    i.main                                   0x080039dc   Section        0  main.o(i.main)
    i.manualInitialCheck                     0x08003bbc   Section        0  main.o(i.manualInitialCheck)
    i.supervisorInit                         0x08003c88   Section        0  main.o(i.supervisorInit)
    i.unpack_left_shift_u16                  0x08003d00   Section        0  can_mcu.o(i.unpack_left_shift_u16)
    unpack_left_shift_u16                    0x08003d01   Thumb Code     8  can_mcu.o(i.unpack_left_shift_u16)
    i.variablesInit                          0x08003d08   Section        0  main.o(i.variablesInit)
    x$fpl$d2f                                0x08003e08   Section       98  d2f.o(x$fpl$d2f)
    $v0                                      0x08003e08   Number         0  d2f.o(x$fpl$d2f)
    x$fpl$dcmpinf                            0x08003e6a   Section       24  dcmpi.o(x$fpl$dcmpinf)
    $v0                                      0x08003e6a   Number         0  dcmpi.o(x$fpl$dcmpinf)
    x$fpl$ddiv                               0x08003e84   Section      688  ddiv.o(x$fpl$ddiv)
    $v0                                      0x08003e84   Number         0  ddiv.o(x$fpl$ddiv)
    ddiv_entry                               0x08003e8b   Thumb Code     0  ddiv.o(x$fpl$ddiv)
    x$fpl$dfltu                              0x08004134   Section       38  dflt_clz.o(x$fpl$dfltu)
    $v0                                      0x08004134   Number         0  dflt_clz.o(x$fpl$dfltu)
    x$fpl$dleqf                              0x0800415c   Section      120  dleqf.o(x$fpl$dleqf)
    $v0                                      0x0800415c   Number         0  dleqf.o(x$fpl$dleqf)
    x$fpl$dmul                               0x080041d4   Section      340  dmul.o(x$fpl$dmul)
    $v0                                      0x080041d4   Number         0  dmul.o(x$fpl$dmul)
    x$fpl$dnaninf                            0x08004328   Section      156  dnaninf.o(x$fpl$dnaninf)
    $v0                                      0x08004328   Number         0  dnaninf.o(x$fpl$dnaninf)
    x$fpl$dretinf                            0x080043c4   Section       12  dretinf.o(x$fpl$dretinf)
    $v0                                      0x080043c4   Number         0  dretinf.o(x$fpl$dretinf)
    x$fpl$drleqf                             0x080043d0   Section      108  drleqf.o(x$fpl$drleqf)
    $v0                                      0x080043d0   Number         0  drleqf.o(x$fpl$drleqf)
    x$fpl$f2d                                0x0800443c   Section       86  f2d.o(x$fpl$f2d)
    $v0                                      0x0800443c   Number         0  f2d.o(x$fpl$f2d)
    x$fpl$fnaninf                            0x08004492   Section      140  fnaninf.o(x$fpl$fnaninf)
    $v0                                      0x08004492   Number         0  fnaninf.o(x$fpl$fnaninf)
    x$fpl$fpinit                             0x0800451e   Section       10  fpinit.o(x$fpl$fpinit)
    $v0                                      0x0800451e   Number         0  fpinit.o(x$fpl$fpinit)
    x$fpl$fretinf                            0x08004528   Section       10  fretinf.o(x$fpl$fretinf)
    $v0                                      0x08004528   Number         0  fretinf.o(x$fpl$fretinf)
    .constdata                               0x08004532   Section        8  stm32f4xx_hal_dma.o(.constdata)
    x$fpl$usenofp                            0x08004532   Section        0  usenofp.o(x$fpl$usenofp)
    flagBitshiftOffset                       0x08004532   Data           8  stm32f4xx_hal_dma.o(.constdata)
    .constdata                               0x0800453a   Section       16  system_stm32f4xx.o(.constdata)
    .constdata                               0x0800454a   Section        8  system_stm32f4xx.o(.constdata)
    .data                                    0x20000000   Section       68  main.o(.data)
    watchdog_running                         0x20000001   Data           1  main.o(.data)
    .data                                    0x20000044   Section       12  stm32f4xx_hal.o(.data)
    .data                                    0x20000050   Section        4  system_stm32f4xx.o(.data)
    .bss                                     0x20000054   Section      830  main.o(.bss)
    .bss                                     0x20000394   Section       96  main.o(.bss)
    .bss                                     0x200003f4   Section       96  libspace.o(.bss)
    HEAP                                     0x20000458   Section      512  startup_stm32f446xx.o(HEAP)
    Heap_Mem                                 0x20000458   Data         512  startup_stm32f446xx.o(HEAP)
    STACK                                    0x20000658   Section     1024  startup_stm32f446xx.o(STACK)
    Stack_Mem                                0x20000658   Data        1024  startup_stm32f446xx.o(STACK)
    __initial_sp                             0x20000a58   Data           0  startup_stm32f446xx.o(STACK)

    Global Symbols

    Symbol Name                              Value     Ov Type        Size  Object(Section)

    BuildAttributes$$THM_ISAv4$E$P$D$K$B$S$7EM$VFPi3$EXTD16$VFPS$VFMA$PE$A:L22UL41UL21$X:L11$S22US41US21$IEEE1$IW$USESV6$~STKCKD$USESV7$~SHL$OSPACE$ROPI$EBA8$UX$STANDARDLIB$REQ8$PRES8$EABIv2 0x00000000   Number         0  anon$$obj.o ABSOLUTE
    __ARM_use_no_argv                        0x00000000   Number         0  main.o ABSOLUTE
    __ARM_exceptions_init                     - Undefined Weak Reference
    __alloca_initialize                       - Undefined Weak Reference
    __arm_fini_                               - Undefined Weak Reference
    __arm_preinit_                            - Undefined Weak Reference
    __cpp_initialize__aeabi_                  - Undefined Weak Reference
    __cxa_finalize                            - Undefined Weak Reference
    __rt_locale                               - Undefined Weak Reference
    __sigvec_lookup                           - Undefined Weak Reference
    _atexit_init                              - Undefined Weak Reference
    _call_atexit_fns                          - Undefined Weak Reference
    _clock_init                               - Undefined Weak Reference
    _fp_trap_init                             - Undefined Weak Reference
    _fp_trap_shutdown                         - Undefined Weak Reference
    _get_lc_collate                           - Undefined Weak Reference
    _get_lc_ctype                             - Undefined Weak Reference
    _get_lc_monetary                          - Undefined Weak Reference
    _get_lc_numeric                           - Undefined Weak Reference
    _get_lc_time                              - Undefined Weak Reference
    _getenv_init                              - Undefined Weak Reference
    _handle_redirection                       - Undefined Weak Reference
    _init_alloc                               - Undefined Weak Reference
    _init_user_alloc                          - Undefined Weak Reference
    _initio                                   - Undefined Weak Reference
    _rand_init                                - Undefined Weak Reference
    _signal_finish                            - Undefined Weak Reference
    _signal_init                              - Undefined Weak Reference
    _terminate_alloc                          - Undefined Weak Reference
    _terminate_user_alloc                     - Undefined Weak Reference
    _terminateio                              - Undefined Weak Reference
    __Vectors_Size                           0x000001c4   Number         0  startup_stm32f446xx.o ABSOLUTE
    __Vectors                                0x08000000   Data           4  startup_stm32f446xx.o(RESET)
    __Vectors_End                            0x080001c4   Data           0  startup_stm32f446xx.o(RESET)
    __main                                   0x080001c5   Thumb Code     8  __main.o(!!!main)
    __scatterload                            0x080001cd   Thumb Code     0  __scatter.o(!!!scatter)
    __scatterload_rt2                        0x080001cd   Thumb Code    44  __scatter.o(!!!scatter)
    __scatterload_rt2_thumb_only             0x080001cd   Thumb Code     0  __scatter.o(!!!scatter)
    __scatterload_null                       0x080001db   Thumb Code     0  __scatter.o(!!!scatter)
    __scatterload_copy                       0x08000201   Thumb Code    26  __scatter_copy.o(!!handler_copy)
    __scatterload_zeroinit                   0x0800021d   Thumb Code    28  __scatter_zi.o(!!handler_zi)
    __rt_lib_init                            0x08000239   Thumb Code     0  libinit.o(.ARM.Collect$$libinit$$00000000)
    __rt_lib_init_fp_1                       0x0800023b   Thumb Code     0  libinit2.o(.ARM.Collect$$libinit$$00000001)
    __rt_lib_init_alloca_1                   0x0800023f   Thumb Code     0  libinit2.o(.ARM.Collect$$libinit$$0000002E)
    __rt_lib_init_argv_1                     0x0800023f   Thumb Code     0  libinit2.o(.ARM.Collect$$libinit$$0000002C)
    __rt_lib_init_atexit_1                   0x0800023f   Thumb Code     0  libinit2.o(.ARM.Collect$$libinit$$0000001B)
    __rt_lib_init_clock_1                    0x0800023f   Thumb Code     0  libinit2.o(.ARM.Collect$$libinit$$00000021)
    __rt_lib_init_cpp_1                      0x0800023f   Thumb Code     0  libinit2.o(.ARM.Collect$$libinit$$00000032)
    __rt_lib_init_exceptions_1               0x0800023f   Thumb Code     0  libinit2.o(.ARM.Collect$$libinit$$00000030)
    __rt_lib_init_fp_trap_1                  0x0800023f   Thumb Code     0  libinit2.o(.ARM.Collect$$libinit$$0000001F)
    __rt_lib_init_getenv_1                   0x0800023f   Thumb Code     0  libinit2.o(.ARM.Collect$$libinit$$00000023)
    __rt_lib_init_heap_1                     0x0800023f   Thumb Code     0  libinit2.o(.ARM.Collect$$libinit$$0000000A)
    __rt_lib_init_lc_collate_1               0x0800023f   Thumb Code     0  libinit2.o(.ARM.Collect$$libinit$$00000011)
    __rt_lib_init_lc_ctype_1                 0x0800023f   Thumb Code     0  libinit2.o(.ARM.Collect$$libinit$$00000013)
    __rt_lib_init_lc_monetary_1              0x0800023f   Thumb Code     0  libinit2.o(.ARM.Collect$$libinit$$00000015)
    __rt_lib_init_lc_numeric_1               0x0800023f   Thumb Code     0  libinit2.o(.ARM.Collect$$libinit$$00000017)
    __rt_lib_init_lc_time_1                  0x0800023f   Thumb Code     0  libinit2.o(.ARM.Collect$$libinit$$00000019)
    __rt_lib_init_preinit_1                  0x0800023f   Thumb Code     0  libinit2.o(.ARM.Collect$$libinit$$00000004)
    __rt_lib_init_rand_1                     0x0800023f   Thumb Code     0  libinit2.o(.ARM.Collect$$libinit$$0000000E)
    __rt_lib_init_return                     0x0800023f   Thumb Code     0  libinit2.o(.ARM.Collect$$libinit$$00000033)
    __rt_lib_init_signal_1                   0x0800023f   Thumb Code     0  libinit2.o(.ARM.Collect$$libinit$$0000001D)
    __rt_lib_init_stdio_1                    0x0800023f   Thumb Code     0  libinit2.o(.ARM.Collect$$libinit$$00000025)
    __rt_lib_init_user_alloc_1               0x0800023f   Thumb Code     0  libinit2.o(.ARM.Collect$$libinit$$0000000C)
    __rt_lib_shutdown                        0x08000241   Thumb Code     0  libshutdown.o(.ARM.Collect$$libshutdown$$00000000)
    __rt_lib_shutdown_cpp_1                  0x08000243   Thumb Code     0  libshutdown2.o(.ARM.Collect$$libshutdown$$00000004)
    __rt_lib_shutdown_fini_1                 0x08000243   Thumb Code     0  libshutdown2.o(.ARM.Collect$$libshutdown$$00000002)
    __rt_lib_shutdown_fp_trap_1              0x08000243   Thumb Code     0  libshutdown2.o(.ARM.Collect$$libshutdown$$00000009)
    __rt_lib_shutdown_heap_1                 0x08000243   Thumb Code     0  libshutdown2.o(.ARM.Collect$$libshutdown$$00000011)
    __rt_lib_shutdown_return                 0x08000243   Thumb Code     0  libshutdown2.o(.ARM.Collect$$libshutdown$$00000012)
    __rt_lib_shutdown_signal_1               0x08000243   Thumb Code     0  libshutdown2.o(.ARM.Collect$$libshutdown$$0000000C)
    __rt_lib_shutdown_stdio_1                0x08000243   Thumb Code     0  libshutdown2.o(.ARM.Collect$$libshutdown$$00000006)
    __rt_lib_shutdown_user_alloc_1           0x08000243   Thumb Code     0  libshutdown2.o(.ARM.Collect$$libshutdown$$0000000E)
    __rt_entry                               0x08000245   Thumb Code     0  __rtentry.o(.ARM.Collect$$rtentry$$00000000)
    __rt_entry_presh_1                       0x08000245   Thumb Code     0  __rtentry2.o(.ARM.Collect$$rtentry$$00000002)
    __rt_entry_sh                            0x08000245   Thumb Code     0  __rtentry4.o(.ARM.Collect$$rtentry$$00000004)
    __rt_entry_li                            0x0800024b   Thumb Code     0  __rtentry2.o(.ARM.Collect$$rtentry$$0000000A)
    __rt_entry_postsh_1                      0x0800024b   Thumb Code     0  __rtentry2.o(.ARM.Collect$$rtentry$$00000009)
    __rt_entry_main                          0x0800024f   Thumb Code     0  __rtentry2.o(.ARM.Collect$$rtentry$$0000000D)
    __rt_entry_postli_1                      0x0800024f   Thumb Code     0  __rtentry2.o(.ARM.Collect$$rtentry$$0000000C)
    __rt_exit                                0x08000257   Thumb Code     0  rtexit.o(.ARM.Collect$$rtexit$$00000000)
    __rt_exit_ls                             0x08000259   Thumb Code     0  rtexit2.o(.ARM.Collect$$rtexit$$00000003)
    __rt_exit_prels_1                        0x08000259   Thumb Code     0  rtexit2.o(.ARM.Collect$$rtexit$$00000002)
    __rt_exit_exit                           0x0800025d   Thumb Code     0  rtexit2.o(.ARM.Collect$$rtexit$$00000004)
    Reset_Handler                            0x08000265   Thumb Code     8  startup_stm32f446xx.o(.text)
    ADC_IRQHandler                           0x0800027f   Thumb Code     0  startup_stm32f446xx.o(.text)
    CAN1_RX1_IRQHandler                      0x0800027f   Thumb Code     0  startup_stm32f446xx.o(.text)
    CAN1_SCE_IRQHandler                      0x0800027f   Thumb Code     0  startup_stm32f446xx.o(.text)
    CAN1_TX_IRQHandler                       0x0800027f   Thumb Code     0  startup_stm32f446xx.o(.text)
    CAN2_RX0_IRQHandler                      0x0800027f   Thumb Code     0  startup_stm32f446xx.o(.text)
    CAN2_RX1_IRQHandler                      0x0800027f   Thumb Code     0  startup_stm32f446xx.o(.text)
    CAN2_SCE_IRQHandler                      0x0800027f   Thumb Code     0  startup_stm32f446xx.o(.text)
    CAN2_TX_IRQHandler                       0x0800027f   Thumb Code     0  startup_stm32f446xx.o(.text)
    CEC_IRQHandler                           0x0800027f   Thumb Code     0  startup_stm32f446xx.o(.text)
    DCMI_IRQHandler                          0x0800027f   Thumb Code     0  startup_stm32f446xx.o(.text)
    DMA1_Stream0_IRQHandler                  0x0800027f   Thumb Code     0  startup_stm32f446xx.o(.text)
    DMA1_Stream1_IRQHandler                  0x0800027f   Thumb Code     0  startup_stm32f446xx.o(.text)
    DMA1_Stream2_IRQHandler                  0x0800027f   Thumb Code     0  startup_stm32f446xx.o(.text)
    DMA1_Stream3_IRQHandler                  0x0800027f   Thumb Code     0  startup_stm32f446xx.o(.text)
    DMA1_Stream4_IRQHandler                  0x0800027f   Thumb Code     0  startup_stm32f446xx.o(.text)
    DMA1_Stream5_IRQHandler                  0x0800027f   Thumb Code     0  startup_stm32f446xx.o(.text)
    DMA1_Stream6_IRQHandler                  0x0800027f   Thumb Code     0  startup_stm32f446xx.o(.text)
    DMA1_Stream7_IRQHandler                  0x0800027f   Thumb Code     0  startup_stm32f446xx.o(.text)
    DMA2_Stream1_IRQHandler                  0x0800027f   Thumb Code     0  startup_stm32f446xx.o(.text)
    DMA2_Stream2_IRQHandler                  0x0800027f   Thumb Code     0  startup_stm32f446xx.o(.text)
    DMA2_Stream3_IRQHandler                  0x0800027f   Thumb Code     0  startup_stm32f446xx.o(.text)
    DMA2_Stream4_IRQHandler                  0x0800027f   Thumb Code     0  startup_stm32f446xx.o(.text)
    DMA2_Stream5_IRQHandler                  0x0800027f   Thumb Code     0  startup_stm32f446xx.o(.text)
    DMA2_Stream6_IRQHandler                  0x0800027f   Thumb Code     0  startup_stm32f446xx.o(.text)
    DMA2_Stream7_IRQHandler                  0x0800027f   Thumb Code     0  startup_stm32f446xx.o(.text)
    EXTI0_IRQHandler                         0x0800027f   Thumb Code     0  startup_stm32f446xx.o(.text)
    EXTI15_10_IRQHandler                     0x0800027f   Thumb Code     0  startup_stm32f446xx.o(.text)
    EXTI1_IRQHandler                         0x0800027f   Thumb Code     0  startup_stm32f446xx.o(.text)
    EXTI2_IRQHandler                         0x0800027f   Thumb Code     0  startup_stm32f446xx.o(.text)
    EXTI3_IRQHandler                         0x0800027f   Thumb Code     0  startup_stm32f446xx.o(.text)
    EXTI4_IRQHandler                         0x0800027f   Thumb Code     0  startup_stm32f446xx.o(.text)
    EXTI9_5_IRQHandler                       0x0800027f   Thumb Code     0  startup_stm32f446xx.o(.text)
    FLASH_IRQHandler                         0x0800027f   Thumb Code     0  startup_stm32f446xx.o(.text)
    FMC_IRQHandler                           0x0800027f   Thumb Code     0  startup_stm32f446xx.o(.text)
    FMPI2C1_ER_IRQHandler                    0x0800027f   Thumb Code     0  startup_stm32f446xx.o(.text)
    FMPI2C1_EV_IRQHandler                    0x0800027f   Thumb Code     0  startup_stm32f446xx.o(.text)
    FPU_IRQHandler                           0x0800027f   Thumb Code     0  startup_stm32f446xx.o(.text)
    I2C1_ER_IRQHandler                       0x0800027f   Thumb Code     0  startup_stm32f446xx.o(.text)
    I2C1_EV_IRQHandler                       0x0800027f   Thumb Code     0  startup_stm32f446xx.o(.text)
    I2C2_ER_IRQHandler                       0x0800027f   Thumb Code     0  startup_stm32f446xx.o(.text)
    I2C2_EV_IRQHandler                       0x0800027f   Thumb Code     0  startup_stm32f446xx.o(.text)
    I2C3_ER_IRQHandler                       0x0800027f   Thumb Code     0  startup_stm32f446xx.o(.text)
    I2C3_EV_IRQHandler                       0x0800027f   Thumb Code     0  startup_stm32f446xx.o(.text)
    OTG_FS_IRQHandler                        0x0800027f   Thumb Code     0  startup_stm32f446xx.o(.text)
    OTG_FS_WKUP_IRQHandler                   0x0800027f   Thumb Code     0  startup_stm32f446xx.o(.text)
    OTG_HS_EP1_IN_IRQHandler                 0x0800027f   Thumb Code     0  startup_stm32f446xx.o(.text)
    OTG_HS_EP1_OUT_IRQHandler                0x0800027f   Thumb Code     0  startup_stm32f446xx.o(.text)
    OTG_HS_IRQHandler                        0x0800027f   Thumb Code     0  startup_stm32f446xx.o(.text)
    OTG_HS_WKUP_IRQHandler                   0x0800027f   Thumb Code     0  startup_stm32f446xx.o(.text)
    PVD_IRQHandler                           0x0800027f   Thumb Code     0  startup_stm32f446xx.o(.text)
    QUADSPI_IRQHandler                       0x0800027f   Thumb Code     0  startup_stm32f446xx.o(.text)
    RTC_Alarm_IRQHandler                     0x0800027f   Thumb Code     0  startup_stm32f446xx.o(.text)
    RTC_WKUP_IRQHandler                      0x0800027f   Thumb Code     0  startup_stm32f446xx.o(.text)
    SAI1_IRQHandler                          0x0800027f   Thumb Code     0  startup_stm32f446xx.o(.text)
    SAI2_IRQHandler                          0x0800027f   Thumb Code     0  startup_stm32f446xx.o(.text)
    SDIO_IRQHandler                          0x0800027f   Thumb Code     0  startup_stm32f446xx.o(.text)
    SPDIF_RX_IRQHandler                      0x0800027f   Thumb Code     0  startup_stm32f446xx.o(.text)
    SPI1_IRQHandler                          0x0800027f   Thumb Code     0  startup_stm32f446xx.o(.text)
    SPI2_IRQHandler                          0x0800027f   Thumb Code     0  startup_stm32f446xx.o(.text)
    SPI3_IRQHandler                          0x0800027f   Thumb Code     0  startup_stm32f446xx.o(.text)
    SPI4_IRQHandler                          0x0800027f   Thumb Code     0  startup_stm32f446xx.o(.text)
    TAMP_STAMP_IRQHandler                    0x0800027f   Thumb Code     0  startup_stm32f446xx.o(.text)
    TIM1_BRK_TIM9_IRQHandler                 0x0800027f   Thumb Code     0  startup_stm32f446xx.o(.text)
    TIM1_CC_IRQHandler                       0x0800027f   Thumb Code     0  startup_stm32f446xx.o(.text)
    TIM1_TRG_COM_TIM11_IRQHandler            0x0800027f   Thumb Code     0  startup_stm32f446xx.o(.text)
    TIM1_UP_TIM10_IRQHandler                 0x0800027f   Thumb Code     0  startup_stm32f446xx.o(.text)
    TIM3_IRQHandler                          0x0800027f   Thumb Code     0  startup_stm32f446xx.o(.text)
    TIM6_DAC_IRQHandler                      0x0800027f   Thumb Code     0  startup_stm32f446xx.o(.text)
    TIM8_CC_IRQHandler                       0x0800027f   Thumb Code     0  startup_stm32f446xx.o(.text)
    TIM8_TRG_COM_TIM14_IRQHandler            0x0800027f   Thumb Code     0  startup_stm32f446xx.o(.text)
    TIM8_UP_TIM13_IRQHandler                 0x0800027f   Thumb Code     0  startup_stm32f446xx.o(.text)
    UART4_IRQHandler                         0x0800027f   Thumb Code     0  startup_stm32f446xx.o(.text)
    UART5_IRQHandler                         0x0800027f   Thumb Code     0  startup_stm32f446xx.o(.text)
    USART1_IRQHandler                        0x0800027f   Thumb Code     0  startup_stm32f446xx.o(.text)
    USART2_IRQHandler                        0x0800027f   Thumb Code     0  startup_stm32f446xx.o(.text)
    USART3_IRQHandler                        0x0800027f   Thumb Code     0  startup_stm32f446xx.o(.text)
    USART6_IRQHandler                        0x0800027f   Thumb Code     0  startup_stm32f446xx.o(.text)
    WWDG_IRQHandler                          0x0800027f   Thumb Code     0  startup_stm32f446xx.o(.text)
    __user_initial_stackheap                 0x08000281   Thumb Code     0  startup_stm32f446xx.o(.text)
    __aeabi_uldivmod                         0x080002a5   Thumb Code     0  lludivv7m.o(.text)
    _ll_udiv                                 0x080002a5   Thumb Code   238  lludivv7m.o(.text)
    __aeabi_memclr4                          0x08000393   Thumb Code     0  rt_memclr_w.o(.text)
    __aeabi_memclr8                          0x08000393   Thumb Code     0  rt_memclr_w.o(.text)
    __rt_memclr_w                            0x08000393   Thumb Code    78  rt_memclr_w.o(.text)
    _memset_w                                0x08000397   Thumb Code     0  rt_memclr_w.o(.text)
    __use_two_region_memory                  0x080003e1   Thumb Code     2  heapauxi.o(.text)
    __rt_heap_escrow$2region                 0x080003e3   Thumb Code     2  heapauxi.o(.text)
    __rt_heap_expand$2region                 0x080003e5   Thumb Code     2  heapauxi.o(.text)
    __user_setup_stackheap                   0x080003e7   Thumb Code    74  sys_stackheap_outer.o(.text)
    exit                                     0x08000431   Thumb Code    18  exit.o(.text)
    __user_libspace                          0x08000445   Thumb Code     8  libspace.o(.text)
    __user_perproc_libspace                  0x08000445   Thumb Code     0  libspace.o(.text)
    __user_perthread_libspace                0x08000445   Thumb Code     0  libspace.o(.text)
    _sys_exit                                0x0800044d   Thumb Code     8  sys_exit.o(.text)
    __I$use$semihosting                      0x08000459   Thumb Code     0  use_no_semi.o(.text)
    __use_no_semihosting_swi                 0x08000459   Thumb Code     2  use_no_semi.o(.text)
    __semihosting_library_function           0x0800045b   Thumb Code     0  indicate_semi.o(.text)
    BusFault_Handler                         0x08000611   Thumb Code     2  stm32f4xx_it.o(i.BusFault_Handler)
    CAN1_RX0_IRQHandler                      0x08000615   Thumb Code     6  stm32f4xx_it.o(i.CAN1_RX0_IRQHandler)
    CAN_initialize                           0x08000621   Thumb Code    64  main.o(i.CAN_initialize)
    DMA2_Stream0_IRQHandler                  0x08000669   Thumb Code     6  stm32f4xx_it.o(i.DMA2_Stream0_IRQHandler)
    DebugMon_Handler                         0x08000719   Thumb Code     2  stm32f4xx_it.o(i.DebugMon_Handler)
    Error_Handler                            0x0800071d   Thumb Code    58  main.o(i.Error_Handler)
    HAL_ADC_ConfigChannel                    0x0800075d   Thumb Code   334  stm32f4xx_hal_adc.o(i.HAL_ADC_ConfigChannel)
    HAL_ADC_ConvCpltCallback                 0x080008c1   Thumb Code   114  main.o(i.HAL_ADC_ConvCpltCallback)
    HAL_ADC_ConvHalfCpltCallback             0x08000955   Thumb Code     2  stm32f4xx_hal_adc.o(i.HAL_ADC_ConvHalfCpltCallback)
    HAL_ADC_ErrorCallback                    0x08000957   Thumb Code     2  stm32f4xx_hal_adc.o(i.HAL_ADC_ErrorCallback)
    HAL_ADC_Init                             0x08000959   Thumb Code    84  stm32f4xx_hal_adc.o(i.HAL_ADC_Init)
    HAL_ADC_MspInit                          0x080009ad   Thumb Code   132  stm32f4xx_hal_msp.o(i.HAL_ADC_MspInit)
    HAL_ADC_Start_DMA                        0x08000a45   Thumb Code   302  stm32f4xx_hal_adc.o(i.HAL_ADC_Start_DMA)
    HAL_CAN_ActivateNotification             0x08000b99   Thumb Code    36  stm32f4xx_hal_can.o(i.HAL_CAN_ActivateNotification)
    HAL_CAN_AddTxMessage                     0x08000bbd   Thumb Code   220  stm32f4xx_hal_can.o(i.HAL_CAN_AddTxMessage)
    HAL_CAN_ConfigFilter                     0x08000c99   Thumb Code   262  stm32f4xx_hal_can.o(i.HAL_CAN_ConfigFilter)
    HAL_CAN_ErrorCallback                    0x08000da5   Thumb Code     2  stm32f4xx_hal_can.o(i.HAL_CAN_ErrorCallback)
    HAL_CAN_GetRxMessage                     0x08000da7   Thumb Code   232  stm32f4xx_hal_can.o(i.HAL_CAN_GetRxMessage)
    HAL_CAN_GetTxMailboxesFreeLevel          0x08000e8f   Thumb Code    44  stm32f4xx_hal_can.o(i.HAL_CAN_GetTxMailboxesFreeLevel)
    HAL_CAN_IRQHandler                       0x08000ebb   Thumb Code   508  stm32f4xx_hal_can.o(i.HAL_CAN_IRQHandler)
    HAL_CAN_Init                             0x080010b7   Thumb Code   282  stm32f4xx_hal_can.o(i.HAL_CAN_Init)
    HAL_CAN_MspInit                          0x080011d1   Thumb Code   110  stm32f4xx_hal_msp.o(i.HAL_CAN_MspInit)
    HAL_CAN_RxFifo0FullCallback              0x0800124d   Thumb Code     2  stm32f4xx_hal_can.o(i.HAL_CAN_RxFifo0FullCallback)
    HAL_CAN_RxFifo0MsgPendingCallback        0x08001251   Thumb Code   130  main.o(i.HAL_CAN_RxFifo0MsgPendingCallback)
    HAL_CAN_RxFifo1FullCallback              0x080012e1   Thumb Code     2  stm32f4xx_hal_can.o(i.HAL_CAN_RxFifo1FullCallback)
    HAL_CAN_RxFifo1MsgPendingCallback        0x080012e3   Thumb Code     2  stm32f4xx_hal_can.o(i.HAL_CAN_RxFifo1MsgPendingCallback)
    HAL_CAN_SleepCallback                    0x080012e5   Thumb Code     2  stm32f4xx_hal_can.o(i.HAL_CAN_SleepCallback)
    HAL_CAN_Start                            0x080012e9   Thumb Code    88  stm32f4xx_hal_can.o(i.HAL_CAN_Start)
    HAL_CAN_TxMailbox0AbortCallback          0x08001341   Thumb Code     2  stm32f4xx_hal_can.o(i.HAL_CAN_TxMailbox0AbortCallback)
    HAL_CAN_TxMailbox0CompleteCallback       0x08001343   Thumb Code     2  stm32f4xx_hal_can.o(i.HAL_CAN_TxMailbox0CompleteCallback)
    HAL_CAN_TxMailbox1AbortCallback          0x08001345   Thumb Code     2  stm32f4xx_hal_can.o(i.HAL_CAN_TxMailbox1AbortCallback)
    HAL_CAN_TxMailbox1CompleteCallback       0x08001347   Thumb Code     2  stm32f4xx_hal_can.o(i.HAL_CAN_TxMailbox1CompleteCallback)
    HAL_CAN_TxMailbox2AbortCallback          0x08001349   Thumb Code     2  stm32f4xx_hal_can.o(i.HAL_CAN_TxMailbox2AbortCallback)
    HAL_CAN_TxMailbox2CompleteCallback       0x0800134b   Thumb Code     2  stm32f4xx_hal_can.o(i.HAL_CAN_TxMailbox2CompleteCallback)
    HAL_CAN_WakeUpFromRxMsgCallback          0x0800134d   Thumb Code     2  stm32f4xx_hal_can.o(i.HAL_CAN_WakeUpFromRxMsgCallback)
    HAL_DMA_IRQHandler                       0x08001351   Thumb Code   412  stm32f4xx_hal_dma.o(i.HAL_DMA_IRQHandler)
    HAL_DMA_Init                             0x080014f1   Thumb Code   206  stm32f4xx_hal_dma.o(i.HAL_DMA_Init)
    HAL_DMA_Start_IT                         0x080015c5   Thumb Code   110  stm32f4xx_hal_dma.o(i.HAL_DMA_Start_IT)
    HAL_GPIO_Init                            0x08001635   Thumb Code   434  stm32f4xx_hal_gpio.o(i.HAL_GPIO_Init)
    HAL_GPIO_ReadPin                         0x08001811   Thumb Code    10  stm32f4xx_hal_gpio.o(i.HAL_GPIO_ReadPin)
    HAL_GPIO_WritePin                        0x0800181b   Thumb Code    10  stm32f4xx_hal_gpio.o(i.HAL_GPIO_WritePin)
    HAL_GetTick                              0x08001825   Thumb Code     6  stm32f4xx_hal.o(i.HAL_GetTick)
    HAL_IncTick                              0x08001831   Thumb Code    12  stm32f4xx_hal.o(i.HAL_IncTick)
    HAL_Init                                 0x08001841   Thumb Code    48  stm32f4xx_hal.o(i.HAL_Init)
    HAL_InitTick                             0x08001875   Thumb Code    54  stm32f4xx_hal.o(i.HAL_InitTick)
    HAL_MspInit                              0x080018b5   Thumb Code    60  stm32f4xx_hal_msp.o(i.HAL_MspInit)
    HAL_NVIC_EnableIRQ                       0x080018f5   Thumb Code    26  stm32f4xx_hal_cortex.o(i.HAL_NVIC_EnableIRQ)
    HAL_NVIC_SetPriority                     0x08001911   Thumb Code    60  stm32f4xx_hal_cortex.o(i.HAL_NVIC_SetPriority)
    HAL_NVIC_SetPriorityGrouping             0x08001951   Thumb Code    26  stm32f4xx_hal_cortex.o(i.HAL_NVIC_SetPriorityGrouping)
    HAL_PWREx_EnableOverDrive                0x08001975   Thumb Code    98  stm32f4xx_hal_pwr_ex.o(i.HAL_PWREx_EnableOverDrive)
    HAL_RCC_ClockConfig                      0x080019e5   Thumb Code   288  stm32f4xx_hal_rcc.o(i.HAL_RCC_ClockConfig)
    HAL_RCC_GetPCLK1Freq                     0x08001b19   Thumb Code    20  stm32f4xx_hal_rcc.o(i.HAL_RCC_GetPCLK1Freq)
    HAL_RCC_GetSysClockFreq                  0x08001b39   Thumb Code   140  stm32f4xx_hal_rcc_ex.o(i.HAL_RCC_GetSysClockFreq)
    HAL_RCC_OscConfig                        0x08001bcd   Thumb Code   900  stm32f4xx_hal_rcc_ex.o(i.HAL_RCC_OscConfig)
    HAL_SYSTICK_Config                       0x08001f65   Thumb Code    40  stm32f4xx_hal_cortex.o(i.HAL_SYSTICK_Config)
    HAL_TIMEx_BreakCallback                  0x08001f8d   Thumb Code     2  stm32f4xx_hal_tim_ex.o(i.HAL_TIMEx_BreakCallback)
    HAL_TIMEx_CommutCallback                 0x08001f8f   Thumb Code     2  stm32f4xx_hal_tim_ex.o(i.HAL_TIMEx_CommutCallback)
    HAL_TIMEx_ConfigBreakDeadTime            0x08001f91   Thumb Code    84  stm32f4xx_hal_tim_ex.o(i.HAL_TIMEx_ConfigBreakDeadTime)
    HAL_TIMEx_MasterConfigSynchronization    0x08001fe5   Thumb Code   116  stm32f4xx_hal_tim_ex.o(i.HAL_TIMEx_MasterConfigSynchronization)
    HAL_TIM_Base_Init                        0x08002075   Thumb Code    90  stm32f4xx_hal_tim.o(i.HAL_TIM_Base_Init)
    HAL_TIM_Base_MspInit                     0x080020d1   Thumb Code   264  stm32f4xx_hal_msp.o(i.HAL_TIM_Base_MspInit)
    HAL_TIM_Base_Start                       0x080021f9   Thumb Code    90  stm32f4xx_hal_tim.o(i.HAL_TIM_Base_Start)
    HAL_TIM_Base_Start_IT                    0x08002271   Thumb Code   100  stm32f4xx_hal_tim.o(i.HAL_TIM_Base_Start_IT)
    HAL_TIM_Base_Stop_IT                     0x080022f1   Thumb Code    48  stm32f4xx_hal_tim.o(i.HAL_TIM_Base_Stop_IT)
    HAL_TIM_ConfigClockSource                0x08002321   Thumb Code   214  stm32f4xx_hal_tim.o(i.HAL_TIM_ConfigClockSource)
    HAL_TIM_IC_CaptureCallback               0x080023f7   Thumb Code     2  stm32f4xx_hal_tim.o(i.HAL_TIM_IC_CaptureCallback)
    HAL_TIM_IRQHandler                       0x080023f9   Thumb Code   358  stm32f4xx_hal_tim.o(i.HAL_TIM_IRQHandler)
    HAL_TIM_MspPostInit                      0x08002561   Thumb Code   106  stm32f4xx_hal_msp.o(i.HAL_TIM_MspPostInit)
    HAL_TIM_OC_DelayElapsedCallback          0x080025dd   Thumb Code     2  stm32f4xx_hal_tim.o(i.HAL_TIM_OC_DelayElapsedCallback)
    HAL_TIM_PWM_ConfigChannel                0x080025df   Thumb Code   198  stm32f4xx_hal_tim.o(i.HAL_TIM_PWM_ConfigChannel)
    HAL_TIM_PWM_Init                         0x080026a5   Thumb Code    90  stm32f4xx_hal_tim.o(i.HAL_TIM_PWM_Init)
    HAL_TIM_PWM_MspInit                      0x080026ff   Thumb Code     2  stm32f4xx_hal_tim.o(i.HAL_TIM_PWM_MspInit)
    HAL_TIM_PWM_PulseFinishedCallback        0x08002701   Thumb Code     2  stm32f4xx_hal_tim.o(i.HAL_TIM_PWM_PulseFinishedCallback)
    HAL_TIM_PWM_Start                        0x08002705   Thumb Code   172  stm32f4xx_hal_tim.o(i.HAL_TIM_PWM_Start)
    HAL_TIM_PWM_Stop                         0x080027cd   Thumb Code   114  stm32f4xx_hal_tim.o(i.HAL_TIM_PWM_Stop)
    HAL_TIM_PeriodElapsedCallback            0x08002849   Thumb Code   498  main.o(i.HAL_TIM_PeriodElapsedCallback)
    HAL_TIM_TriggerCallback                  0x08002a65   Thumb Code     2  stm32f4xx_hal_tim.o(i.HAL_TIM_TriggerCallback)
    HardFault_Handler                        0x08002a67   Thumb Code     2  stm32f4xx_it.o(i.HardFault_Handler)
    MemManage_Handler                        0x08002f81   Thumb Code     2  stm32f4xx_it.o(i.MemManage_Handler)
    NMI_Handler                              0x08002f83   Thumb Code     2  stm32f4xx_it.o(i.NMI_Handler)
    PendSV_Handler                           0x08002f85   Thumb Code     2  stm32f4xx_it.o(i.PendSV_Handler)
    RCC_IRQHandler                           0x08002f87   Thumb Code     2  stm32f4xx_it.o(i.RCC_IRQHandler)
    SVC_Handler                              0x08002f89   Thumb Code     2  stm32f4xx_it.o(i.SVC_Handler)
    SysTick_Handler                          0x08002f8b   Thumb Code     4  stm32f4xx_it.o(i.SysTick_Handler)
    SystemClock_Config                       0x08002f91   Thumb Code   150  main.o(i.SystemClock_Config)
    SystemInit                               0x08003031   Thumb Code    12  system_stm32f4xx.o(i.SystemInit)
    TIM2_IRQHandler                          0x08003041   Thumb Code     6  stm32f4xx_it.o(i.TIM2_IRQHandler)
    TIM4_IRQHandler                          0x0800304d   Thumb Code     6  stm32f4xx_it.o(i.TIM4_IRQHandler)
    TIM5_IRQHandler                          0x08003059   Thumb Code     6  stm32f4xx_it.o(i.TIM5_IRQHandler)
    TIM7_IRQHandler                          0x08003065   Thumb Code     6  stm32f4xx_it.o(i.TIM7_IRQHandler)
    TIM8_BRK_TIM12_IRQHandler                0x08003071   Thumb Code    18  stm32f4xx_it.o(i.TIM8_BRK_TIM12_IRQHandler)
    TIM_Base_SetConfig                       0x0800308d   Thumb Code   156  stm32f4xx_hal_tim.o(i.TIM_Base_SetConfig)
    TIM_CCxChannelCmd                        0x08003155   Thumb Code    26  stm32f4xx_hal_tim.o(i.TIM_CCxChannelCmd)
    TIM_ETR_SetConfig                        0x0800316f   Thumb Code    20  stm32f4xx_hal_tim.o(i.TIM_ETR_SetConfig)
    TIM_OC2_SetConfig                        0x080031f5   Thumb Code    98  stm32f4xx_hal_tim.o(i.TIM_OC2_SetConfig)
    UsageFault_Handler                       0x0800335f   Thumb Code     2  stm32f4xx_it.o(i.UsageFault_Handler)
    asInitialCheck                           0x08003381   Thumb Code   678  main.o(i.asInitialCheck)
    can_mcu_apu_state_mission_unpack         0x08003649   Thumb Code    22  can_mcu.o(i.can_mcu_apu_state_mission_unpack)
    can_mcu_asb_pack                         0x0800365f   Thumb Code   166  can_mcu.o(i.can_mcu_asb_pack)
    can_mcu_dash_apps_brake_unpack           0x08003705   Thumb Code   148  can_mcu.o(i.can_mcu_dash_apps_brake_unpack)
    can_mcu_ecu_bools_unpack                 0x08003799   Thumb Code   100  can_mcu.o(i.can_mcu_ecu_bools_unpack)
    continuousMonitoring                     0x080037fd   Thumb Code   340  main.o(i.continuousMonitoring)
    delay_ms                                 0x0800397d   Thumb Code    44  main.o(i.delay_ms)
    isMissionSelectedAutonomous              0x080039b1   Thumb Code    20  main.o(i.isMissionSelectedAutonomous)
    isMissionSelectedManual                  0x080039c9   Thumb Code    16  main.o(i.isMissionSelectedManual)
    main                                     0x080039dd   Thumb Code   462  main.o(i.main)
    manualInitialCheck                       0x08003bbd   Thumb Code   186  main.o(i.manualInitialCheck)
    supervisorInit                           0x08003c89   Thumb Code   110  main.o(i.supervisorInit)
    variablesInit                            0x08003d09   Thumb Code   230  main.o(i.variablesInit)
    __aeabi_d2f                              0x08003e09   Thumb Code     0  d2f.o(x$fpl$d2f)
    _d2f                                     0x08003e09   Thumb Code    98  d2f.o(x$fpl$d2f)
    __fpl_dcmp_Inf                           0x08003e6b   Thumb Code    24  dcmpi.o(x$fpl$dcmpinf)
    __aeabi_ddiv                             0x08003e85   Thumb Code     0  ddiv.o(x$fpl$ddiv)
    _ddiv                                    0x08003e85   Thumb Code   552  ddiv.o(x$fpl$ddiv)
    __aeabi_ui2d                             0x08004135   Thumb Code     0  dflt_clz.o(x$fpl$dfltu)
    _dfltu                                   0x08004135   Thumb Code    38  dflt_clz.o(x$fpl$dfltu)
    __aeabi_cdcmple                          0x0800415d   Thumb Code     0  dleqf.o(x$fpl$dleqf)
    _dcmple                                  0x0800415d   Thumb Code   120  dleqf.o(x$fpl$dleqf)
    __fpl_dcmple_InfNaN                      0x080041bf   Thumb Code     0  dleqf.o(x$fpl$dleqf)
    __aeabi_dmul                             0x080041d5   Thumb Code     0  dmul.o(x$fpl$dmul)
    _dmul                                    0x080041d5   Thumb Code   332  dmul.o(x$fpl$dmul)
    __fpl_dnaninf                            0x08004329   Thumb Code   156  dnaninf.o(x$fpl$dnaninf)
    __fpl_dretinf                            0x080043c5   Thumb Code    12  dretinf.o(x$fpl$dretinf)
    __aeabi_cdrcmple                         0x080043d1   Thumb Code     0  drleqf.o(x$fpl$drleqf)
    _drcmple                                 0x080043d1   Thumb Code   108  drleqf.o(x$fpl$drleqf)
    __aeabi_f2d                              0x0800443d   Thumb Code     0  f2d.o(x$fpl$f2d)
    _f2d                                     0x0800443d   Thumb Code    86  f2d.o(x$fpl$f2d)
    __fpl_fnaninf                            0x08004493   Thumb Code   140  fnaninf.o(x$fpl$fnaninf)
    _fp_init                                 0x0800451f   Thumb Code    10  fpinit.o(x$fpl$fpinit)
    __fplib_config_fpu_vfp                   0x08004527   Thumb Code     0  fpinit.o(x$fpl$fpinit)
    __fplib_config_pureend_doubles           0x08004527   Thumb Code     0  fpinit.o(x$fpl$fpinit)
    __fpl_fretinf                            0x08004529   Thumb Code    10  fretinf.o(x$fpl$fretinf)
    __I$use$fp                               0x08004532   Number         0  usenofp.o(x$fpl$usenofp)
    AHBPrescTable                            0x0800453a   Data          16  system_stm32f4xx.o(.constdata)
    APBPrescTable                            0x0800454a   Data           8  system_stm32f4xx.o(.constdata)
    Region$$Table$$Base                      0x08004554   Number         0  anon$$obj.o(Region$$Table)
    Region$$Table$$Limit                     0x08004574   Number         0  anon$$obj.o(Region$$Table)
    servoCommandReceived                     0x20000000   Data           1  main.o(.data)
    state                                    0x20000002   Data           1  main.o(.data)
    initialCheckStep                         0x20000003   Data           1  main.o(.data)
    message_arrived                          0x20000004   Data           1  main.o(.data)
    ASMS_out                                 0x20000005   Data           1  main.o(.data)
    TSMS_out_NOT                             0x20000006   Data           1  main.o(.data)
    AS_relay_signal_buffered                 0x20000007   Data           1  main.o(.data)
    K2_RES                                   0x20000008   Data           1  main.o(.data)
    K3_RES                                   0x20000009   Data           1  main.o(.data)
    EBS_is_armed                             0x2000000a   Data           1  main.o(.data)
    AS_finished                              0x2000000b   Data           1  main.o(.data)
    Error                                    0x2000000c   Data           1  main.o(.data)
    Brake_engage_NOT                         0x2000000d   Data           1  main.o(.data)
    EBS_set_armed                            0x2000000e   Data           1  main.o(.data)
    AS_driving_mode                          0x2000000f   Data           1  main.o(.data)
    Set_finish_state                         0x20000010   Data           1  main.o(.data)
    AS_close_SDC                             0x20000011   Data           1  main.o(.data)
    DCDC_Enable                              0x20000012   Data           1  main.o(.data)
    Redundancy_Supply_OK                     0x20000013   Data           1  main.o(.data)
    Servo_Interlock                          0x20000014   Data           1  main.o(.data)
    initialChecked                           0x20000015   Data           1  main.o(.data)
    ASB_LED_visibleCheckFlag                 0x20000016   Data           1  main.o(.data)
    servoStatus                              0x20000017   Data           1  main.o(.data)
    ebsState                                 0x20000018   Data           1  main.o(.data)
    adcValue                                 0x2000001a   Data           2  main.o(.data)
    ASB_LED_visibleCheckFlag_counter         0x2000001c   Data           2  main.o(.data)
    canStateMissionStruct                    0x2000001e   Data           2  main.o(.data)
    delay_counter                            0x20000020   Data           4  main.o(.data)
    Vadc                                     0x20000024   Data           4  main.o(.data)
    Vout                                     0x20000028   Data           4  main.o(.data)
    tank_pressure                            0x2000002c   Data           4  main.o(.data)
    txMailbox                                0x20000030   Data           4  main.o(.data)
    rxData                                   0x20000034   Data           8  main.o(.data)
    txData                                   0x2000003c   Data           8  main.o(.data)
    uwTickFreq                               0x20000044   Data           1  stm32f4xx_hal.o(.data)
    uwTickPrio                               0x20000048   Data           4  stm32f4xx_hal.o(.data)
    uwTick                                   0x2000004c   Data           4  stm32f4xx_hal.o(.data)
    SystemCoreClock                          0x20000050   Data           4  system_stm32f4xx.o(.data)
    hadc1                                    0x20000054   Data          72  main.o(.bss)
    hcan1                                    0x2000009c   Data          40  main.o(.bss)
    htim1                                    0x200000c4   Data          72  main.o(.bss)
    htim2                                    0x2000010c   Data          72  main.o(.bss)
    htim3                                    0x20000154   Data          72  main.o(.bss)
    htim4                                    0x2000019c   Data          72  main.o(.bss)
    htim5                                    0x200001e4   Data          72  main.o(.bss)
    htim7                                    0x2000022c   Data          72  main.o(.bss)
    htim8                                    0x20000274   Data          72  main.o(.bss)
    htim12                                   0x200002bc   Data          72  main.o(.bss)
    monitor                                  0x20000304   Data          52  main.o(.bss)
    asbStatusMsgTx                           0x20000338   Data          24  main.o(.bss)
    msgHeaderRx                              0x20000350   Data          28  main.o(.bss)
    canBrakePressureStruct                   0x2000036c   Data          14  main.o(.bss)
    canECUBoolsStruct                        0x2000037a   Data           9  main.o(.bss)
    canTxStruct                              0x20000384   Data          14  main.o(.bss)
    hdma_adc1                                0x20000394   Data          96  main.o(.bss)
    __libspace_start                         0x200003f4   Data          96  libspace.o(.bss)
    __temporary_stack_top$libspace           0x20000454   Data           0  libspace.o(.bss)



==============================================================================

Memory Map of the image

  Image Entry point : 0x080001c5

  Load Region LR_IROM1 (Base: 0x08000000, Size: 0x000045c8, Max: 0x00080000, ABSOLUTE)

    Execution Region ER_IROM1 (Exec base: 0x08000000, Load base: 0x08000000, Size: 0x00004574, Max: 0x00080000, ABSOLUTE)

    Exec Addr    Load Addr    Size         Type   Attr      Idx    E Section Name        Object

    0x08000000   0x08000000   0x000001c4   Data   RO            3    RESET               startup_stm32f446xx.o
    0x080001c4   0x080001c4   0x00000008   Code   RO         7285  * !!!main             c_w.l(__main.o)
    0x080001cc   0x080001cc   0x00000034   Code   RO         7493    !!!scatter          c_w.l(__scatter.o)
    0x08000200   0x08000200   0x0000001a   Code   RO         7495    !!handler_copy      c_w.l(__scatter_copy.o)
    0x0800021a   0x0800021a   0x00000002   PAD
    0x0800021c   0x0800021c   0x0000001c   Code   RO         7497    !!handler_zi        c_w.l(__scatter_zi.o)
    0x08000238   0x08000238   0x00000002   Code   RO         7361    .ARM.Collect$$libinit$$00000000  c_w.l(libinit.o)
    0x0800023a   0x0800023a   0x00000004   Code   RO         7373    .ARM.Collect$$libinit$$00000001  c_w.l(libinit2.o)
    0x0800023e   0x0800023e   0x00000000   Code   RO         7376    .ARM.Collect$$libinit$$00000004  c_w.l(libinit2.o)
    0x0800023e   0x0800023e   0x00000000   Code   RO         7379    .ARM.Collect$$libinit$$0000000A  c_w.l(libinit2.o)
    0x0800023e   0x0800023e   0x00000000   Code   RO         7381    .ARM.Collect$$libinit$$0000000C  c_w.l(libinit2.o)
    0x0800023e   0x0800023e   0x00000000   Code   RO         7383    .ARM.Collect$$libinit$$0000000E  c_w.l(libinit2.o)
    0x0800023e   0x0800023e   0x00000000   Code   RO         7386    .ARM.Collect$$libinit$$00000011  c_w.l(libinit2.o)
    0x0800023e   0x0800023e   0x00000000   Code   RO         7388    .ARM.Collect$$libinit$$00000013  c_w.l(libinit2.o)
    0x0800023e   0x0800023e   0x00000000   Code   RO         7390    .ARM.Collect$$libinit$$00000015  c_w.l(libinit2.o)
    0x0800023e   0x0800023e   0x00000000   Code   RO         7392    .ARM.Collect$$libinit$$00000017  c_w.l(libinit2.o)
    0x0800023e   0x0800023e   0x00000000   Code   RO         7394    .ARM.Collect$$libinit$$00000019  c_w.l(libinit2.o)
    0x0800023e   0x0800023e   0x00000000   Code   RO         7396    .ARM.Collect$$libinit$$0000001B  c_w.l(libinit2.o)
    0x0800023e   0x0800023e   0x00000000   Code   RO         7398    .ARM.Collect$$libinit$$0000001D  c_w.l(libinit2.o)
    0x0800023e   0x0800023e   0x00000000   Code   RO         7400    .ARM.Collect$$libinit$$0000001F  c_w.l(libinit2.o)
    0x0800023e   0x0800023e   0x00000000   Code   RO         7402    .ARM.Collect$$libinit$$00000021  c_w.l(libinit2.o)
    0x0800023e   0x0800023e   0x00000000   Code   RO         7404    .ARM.Collect$$libinit$$00000023  c_w.l(libinit2.o)
    0x0800023e   0x0800023e   0x00000000   Code   RO         7406    .ARM.Collect$$libinit$$00000025  c_w.l(libinit2.o)
    0x0800023e   0x0800023e   0x00000000   Code   RO         7410    .ARM.Collect$$libinit$$0000002C  c_w.l(libinit2.o)
    0x0800023e   0x0800023e   0x00000000   Code   RO         7412    .ARM.Collect$$libinit$$0000002E  c_w.l(libinit2.o)
    0x0800023e   0x0800023e   0x00000000   Code   RO         7414    .ARM.Collect$$libinit$$00000030  c_w.l(libinit2.o)
    0x0800023e   0x0800023e   0x00000000   Code   RO         7416    .ARM.Collect$$libinit$$00000032  c_w.l(libinit2.o)
    0x0800023e   0x0800023e   0x00000002   Code   RO         7417    .ARM.Collect$$libinit$$00000033  c_w.l(libinit2.o)
    0x08000240   0x08000240   0x00000002   Code   RO         7448    .ARM.Collect$$libshutdown$$00000000  c_w.l(libshutdown.o)
    0x08000242   0x08000242   0x00000000   Code   RO         7474    .ARM.Collect$$libshutdown$$00000002  c_w.l(libshutdown2.o)
    0x08000242   0x08000242   0x00000000   Code   RO         7476    .ARM.Collect$$libshutdown$$00000004  c_w.l(libshutdown2.o)
    0x08000242   0x08000242   0x00000000   Code   RO         7478    .ARM.Collect$$libshutdown$$00000006  c_w.l(libshutdown2.o)
    0x08000242   0x08000242   0x00000000   Code   RO         7481    .ARM.Collect$$libshutdown$$00000009  c_w.l(libshutdown2.o)
    0x08000242   0x08000242   0x00000000   Code   RO         7484    .ARM.Collect$$libshutdown$$0000000C  c_w.l(libshutdown2.o)
    0x08000242   0x08000242   0x00000000   Code   RO         7486    .ARM.Collect$$libshutdown$$0000000E  c_w.l(libshutdown2.o)
    0x08000242   0x08000242   0x00000000   Code   RO         7489    .ARM.Collect$$libshutdown$$00000011  c_w.l(libshutdown2.o)
    0x08000242   0x08000242   0x00000002   Code   RO         7490    .ARM.Collect$$libshutdown$$00000012  c_w.l(libshutdown2.o)
    0x08000244   0x08000244   0x00000000   Code   RO         7315    .ARM.Collect$$rtentry$$00000000  c_w.l(__rtentry.o)
    0x08000244   0x08000244   0x00000000   Code   RO         7332    .ARM.Collect$$rtentry$$00000002  c_w.l(__rtentry2.o)
    0x08000244   0x08000244   0x00000006   Code   RO         7344    .ARM.Collect$$rtentry$$00000004  c_w.l(__rtentry4.o)
    0x0800024a   0x0800024a   0x00000000   Code   RO         7334    .ARM.Collect$$rtentry$$00000009  c_w.l(__rtentry2.o)
    0x0800024a   0x0800024a   0x00000004   Code   RO         7335    .ARM.Collect$$rtentry$$0000000A  c_w.l(__rtentry2.o)
    0x0800024e   0x0800024e   0x00000000   Code   RO         7337    .ARM.Collect$$rtentry$$0000000C  c_w.l(__rtentry2.o)
    0x0800024e   0x0800024e   0x00000008   Code   RO         7338    .ARM.Collect$$rtentry$$0000000D  c_w.l(__rtentry2.o)
    0x08000256   0x08000256   0x00000002   Code   RO         7365    .ARM.Collect$$rtexit$$00000000  c_w.l(rtexit.o)
    0x08000258   0x08000258   0x00000000   Code   RO         7421    .ARM.Collect$$rtexit$$00000002  c_w.l(rtexit2.o)
    0x08000258   0x08000258   0x00000004   Code   RO         7422    .ARM.Collect$$rtexit$$00000003  c_w.l(rtexit2.o)
    0x0800025c   0x0800025c   0x00000006   Code   RO         7423    .ARM.Collect$$rtexit$$00000004  c_w.l(rtexit2.o)
    0x08000262   0x08000262   0x00000002   PAD
    0x08000264   0x08000264   0x00000040   Code   RO            4    .text               startup_stm32f446xx.o
    0x080002a4   0x080002a4   0x000000ee   Code   RO         7279    .text               c_w.l(lludivv7m.o)
    0x08000392   0x08000392   0x0000004e   Code   RO         7281    .text               c_w.l(rt_memclr_w.o)
    0x080003e0   0x080003e0   0x00000006   Code   RO         7283    .text               c_w.l(heapauxi.o)
    0x080003e6   0x080003e6   0x0000004a   Code   RO         7348    .text               c_w.l(sys_stackheap_outer.o)
    0x08000430   0x08000430   0x00000012   Code   RO         7350    .text               c_w.l(exit.o)
    0x08000442   0x08000442   0x00000002   PAD
    0x08000444   0x08000444   0x00000008   Code   RO         7362    .text               c_w.l(libspace.o)
    0x0800044c   0x0800044c   0x0000000c   Code   RO         7418    .text               c_w.l(sys_exit.o)
    0x08000458   0x08000458   0x00000002   Code   RO         7437    .text               c_w.l(use_no_semi.o)
    0x0800045a   0x0800045a   0x00000000   Code   RO         7439    .text               c_w.l(indicate_semi.o)
    0x0800045a   0x0800045a   0x0000006e   Code   RO         4523    i.ADC_DMAConvCplt   stm32f4xx_hal_adc.o
    0x080004c8   0x080004c8   0x00000016   Code   RO         4524    i.ADC_DMAError      stm32f4xx_hal_adc.o
    0x080004de   0x080004de   0x0000000a   Code   RO         4525    i.ADC_DMAHalfConvCplt  stm32f4xx_hal_adc.o
    0x080004e8   0x080004e8   0x00000128   Code   RO         4526    i.ADC_Init          stm32f4xx_hal_adc.o
    0x08000610   0x08000610   0x00000002   Code   RO          295    i.BusFault_Handler  stm32f4xx_it.o
    0x08000612   0x08000612   0x00000002   PAD
    0x08000614   0x08000614   0x0000000c   Code   RO          296    i.CAN1_RX0_IRQHandler  stm32f4xx_it.o
    0x08000620   0x08000620   0x00000048   Code   RO           13    i.CAN_initialize    main.o
    0x08000668   0x08000668   0x0000000c   Code   RO          297    i.DMA2_Stream0_IRQHandler  stm32f4xx_it.o
    0x08000674   0x08000674   0x00000028   Code   RO         5344    i.DMA_CalcBaseAndBitshift  stm32f4xx_hal_dma.o
    0x0800069c   0x0800069c   0x00000054   Code   RO         5345    i.DMA_CheckFifoParam  stm32f4xx_hal_dma.o
    0x080006f0   0x080006f0   0x00000028   Code   RO         5346    i.DMA_SetConfig     stm32f4xx_hal_dma.o
    0x08000718   0x08000718   0x00000002   Code   RO          298    i.DebugMon_Handler  stm32f4xx_it.o
    0x0800071a   0x0800071a   0x00000002   PAD
    0x0800071c   0x0800071c   0x00000040   Code   RO           14    i.Error_Handler     main.o
    0x0800075c   0x0800075c   0x00000164   Code   RO         4528    i.HAL_ADC_ConfigChannel  stm32f4xx_hal_adc.o
    0x080008c0   0x080008c0   0x00000094   Code   RO           15    i.HAL_ADC_ConvCpltCallback  main.o
    0x08000954   0x08000954   0x00000002   Code   RO         4530    i.HAL_ADC_ConvHalfCpltCallback  stm32f4xx_hal_adc.o
    0x08000956   0x08000956   0x00000002   Code   RO         4532    i.HAL_ADC_ErrorCallback  stm32f4xx_hal_adc.o
    0x08000958   0x08000958   0x00000054   Code   RO         4537    i.HAL_ADC_Init      stm32f4xx_hal_adc.o
    0x080009ac   0x080009ac   0x00000098   Code   RO          420    i.HAL_ADC_MspInit   stm32f4xx_hal_msp.o
    0x08000a44   0x08000a44   0x00000154   Code   RO         4544    i.HAL_ADC_Start_DMA  stm32f4xx_hal_adc.o
    0x08000b98   0x08000b98   0x00000024   Code   RO         6036    i.HAL_CAN_ActivateNotification  stm32f4xx_hal_can.o
    0x08000bbc   0x08000bbc   0x000000dc   Code   RO         6037    i.HAL_CAN_AddTxMessage  stm32f4xx_hal_can.o
    0x08000c98   0x08000c98   0x0000010c   Code   RO         6038    i.HAL_CAN_ConfigFilter  stm32f4xx_hal_can.o
    0x08000da4   0x08000da4   0x00000002   Code   RO         6041    i.HAL_CAN_ErrorCallback  stm32f4xx_hal_can.o
    0x08000da6   0x08000da6   0x000000e8   Code   RO         6044    i.HAL_CAN_GetRxMessage  stm32f4xx_hal_can.o
    0x08000e8e   0x08000e8e   0x0000002c   Code   RO         6046    i.HAL_CAN_GetTxMailboxesFreeLevel  stm32f4xx_hal_can.o
    0x08000eba   0x08000eba   0x000001fc   Code   RO         6048    i.HAL_CAN_IRQHandler  stm32f4xx_hal_can.o
    0x080010b6   0x080010b6   0x0000011a   Code   RO         6049    i.HAL_CAN_Init      stm32f4xx_hal_can.o
    0x080011d0   0x080011d0   0x0000007c   Code   RO          422    i.HAL_CAN_MspInit   stm32f4xx_hal_msp.o
    0x0800124c   0x0800124c   0x00000002   Code   RO         6056    i.HAL_CAN_RxFifo0FullCallback  stm32f4xx_hal_can.o
    0x0800124e   0x0800124e   0x00000002   PAD
    0x08001250   0x08001250   0x00000090   Code   RO           16    i.HAL_CAN_RxFifo0MsgPendingCallback  main.o
    0x080012e0   0x080012e0   0x00000002   Code   RO         6058    i.HAL_CAN_RxFifo1FullCallback  stm32f4xx_hal_can.o
    0x080012e2   0x080012e2   0x00000002   Code   RO         6059    i.HAL_CAN_RxFifo1MsgPendingCallback  stm32f4xx_hal_can.o
    0x080012e4   0x080012e4   0x00000002   Code   RO         6060    i.HAL_CAN_SleepCallback  stm32f4xx_hal_can.o
    0x080012e6   0x080012e6   0x00000002   PAD
    0x080012e8   0x080012e8   0x00000058   Code   RO         6061    i.HAL_CAN_Start     stm32f4xx_hal_can.o
    0x08001340   0x08001340   0x00000002   Code   RO         6063    i.HAL_CAN_TxMailbox0AbortCallback  stm32f4xx_hal_can.o
    0x08001342   0x08001342   0x00000002   Code   RO         6064    i.HAL_CAN_TxMailbox0CompleteCallback  stm32f4xx_hal_can.o
    0x08001344   0x08001344   0x00000002   Code   RO         6065    i.HAL_CAN_TxMailbox1AbortCallback  stm32f4xx_hal_can.o
    0x08001346   0x08001346   0x00000002   Code   RO         6066    i.HAL_CAN_TxMailbox1CompleteCallback  stm32f4xx_hal_can.o
    0x08001348   0x08001348   0x00000002   Code   RO         6067    i.HAL_CAN_TxMailbox2AbortCallback  stm32f4xx_hal_can.o
    0x0800134a   0x0800134a   0x00000002   Code   RO         6068    i.HAL_CAN_TxMailbox2CompleteCallback  stm32f4xx_hal_can.o
    0x0800134c   0x0800134c   0x00000002   Code   RO         6070    i.HAL_CAN_WakeUpFromRxMsgCallback  stm32f4xx_hal_can.o
    0x0800134e   0x0800134e   0x00000002   PAD
    0x08001350   0x08001350   0x000001a0   Code   RO         5352    i.HAL_DMA_IRQHandler  stm32f4xx_hal_dma.o
    0x080014f0   0x080014f0   0x000000d4   Code   RO         5353    i.HAL_DMA_Init      stm32f4xx_hal_dma.o
    0x080015c4   0x080015c4   0x0000006e   Code   RO         5357    i.HAL_DMA_Start_IT  stm32f4xx_hal_dma.o
    0x08001632   0x08001632   0x00000002   PAD
    0x08001634   0x08001634   0x000001dc   Code   RO         5240    i.HAL_GPIO_Init     stm32f4xx_hal_gpio.o
    0x08001810   0x08001810   0x0000000a   Code   RO         5242    i.HAL_GPIO_ReadPin  stm32f4xx_hal_gpio.o
    0x0800181a   0x0800181a   0x0000000a   Code   RO         5244    i.HAL_GPIO_WritePin  stm32f4xx_hal_gpio.o
    0x08001824   0x08001824   0x0000000c   Code   RO         5790    i.HAL_GetTick       stm32f4xx_hal.o
    0x08001830   0x08001830   0x00000010   Code   RO         5796    i.HAL_IncTick       stm32f4xx_hal.o
    0x08001840   0x08001840   0x00000034   Code   RO         5797    i.HAL_Init          stm32f4xx_hal.o
    0x08001874   0x08001874   0x00000040   Code   RO         5798    i.HAL_InitTick      stm32f4xx_hal.o
    0x080018b4   0x080018b4   0x00000040   Code   RO          423    i.HAL_MspInit       stm32f4xx_hal_msp.o
    0x080018f4   0x080018f4   0x0000001a   Code   RO         5647    i.HAL_NVIC_EnableIRQ  stm32f4xx_hal_cortex.o
    0x0800190e   0x0800190e   0x00000002   PAD
    0x08001910   0x08001910   0x00000040   Code   RO         5653    i.HAL_NVIC_SetPriority  stm32f4xx_hal_cortex.o
    0x08001950   0x08001950   0x00000024   Code   RO         5654    i.HAL_NVIC_SetPriorityGrouping  stm32f4xx_hal_cortex.o
    0x08001974   0x08001974   0x00000070   Code   RO         5576    i.HAL_PWREx_EnableOverDrive  stm32f4xx_hal_pwr_ex.o
    0x080019e4   0x080019e4   0x00000134   Code   RO         4802    i.HAL_RCC_ClockConfig  stm32f4xx_hal_rcc.o
    0x08001b18   0x08001b18   0x00000020   Code   RO         4809    i.HAL_RCC_GetPCLK1Freq  stm32f4xx_hal_rcc.o
    0x08001b38   0x08001b38   0x00000094   Code   RO         4913    i.HAL_RCC_GetSysClockFreq  stm32f4xx_hal_rcc_ex.o
    0x08001bcc   0x08001bcc   0x00000398   Code   RO         4914    i.HAL_RCC_OscConfig  stm32f4xx_hal_rcc_ex.o
    0x08001f64   0x08001f64   0x00000028   Code   RO         5658    i.HAL_SYSTICK_Config  stm32f4xx_hal_cortex.o
    0x08001f8c   0x08001f8c   0x00000002   Code   RO         6975    i.HAL_TIMEx_BreakCallback  stm32f4xx_hal_tim_ex.o
    0x08001f8e   0x08001f8e   0x00000002   Code   RO         6976    i.HAL_TIMEx_CommutCallback  stm32f4xx_hal_tim_ex.o
    0x08001f90   0x08001f90   0x00000054   Code   RO         6978    i.HAL_TIMEx_ConfigBreakDeadTime  stm32f4xx_hal_tim_ex.o
    0x08001fe4   0x08001fe4   0x00000090   Code   RO         6994    i.HAL_TIMEx_MasterConfigSynchronization  stm32f4xx_hal_tim_ex.o
    0x08002074   0x08002074   0x0000005a   Code   RO         6271    i.HAL_TIM_Base_Init  stm32f4xx_hal_tim.o
    0x080020ce   0x080020ce   0x00000002   PAD
    0x080020d0   0x080020d0   0x00000128   Code   RO          425    i.HAL_TIM_Base_MspInit  stm32f4xx_hal_msp.o
    0x080021f8   0x080021f8   0x00000078   Code   RO         6274    i.HAL_TIM_Base_Start  stm32f4xx_hal_tim.o
    0x08002270   0x08002270   0x00000080   Code   RO         6276    i.HAL_TIM_Base_Start_IT  stm32f4xx_hal_tim.o
    0x080022f0   0x080022f0   0x00000030   Code   RO         6279    i.HAL_TIM_Base_Stop_IT  stm32f4xx_hal_tim.o
    0x08002320   0x08002320   0x000000d6   Code   RO         6280    i.HAL_TIM_ConfigClockSource  stm32f4xx_hal_tim.o
    0x080023f6   0x080023f6   0x00000002   Code   RO         6305    i.HAL_TIM_IC_CaptureCallback  stm32f4xx_hal_tim.o
    0x080023f8   0x080023f8   0x00000166   Code   RO         6319    i.HAL_TIM_IRQHandler  stm32f4xx_hal_tim.o
    0x0800255e   0x0800255e   0x00000002   PAD
    0x08002560   0x08002560   0x0000007c   Code   RO          426    i.HAL_TIM_MspPostInit  stm32f4xx_hal_msp.o
    0x080025dc   0x080025dc   0x00000002   Code   RO         6322    i.HAL_TIM_OC_DelayElapsedCallback  stm32f4xx_hal_tim.o
    0x080025de   0x080025de   0x000000c6   Code   RO         6343    i.HAL_TIM_PWM_ConfigChannel  stm32f4xx_hal_tim.o
    0x080026a4   0x080026a4   0x0000005a   Code   RO         6346    i.HAL_TIM_PWM_Init  stm32f4xx_hal_tim.o
    0x080026fe   0x080026fe   0x00000002   Code   RO         6348    i.HAL_TIM_PWM_MspInit  stm32f4xx_hal_tim.o
    0x08002700   0x08002700   0x00000002   Code   RO         6349    i.HAL_TIM_PWM_PulseFinishedCallback  stm32f4xx_hal_tim.o
    0x08002702   0x08002702   0x00000002   PAD
    0x08002704   0x08002704   0x000000c8   Code   RO         6351    i.HAL_TIM_PWM_Start  stm32f4xx_hal_tim.o
    0x080027cc   0x080027cc   0x0000007c   Code   RO         6354    i.HAL_TIM_PWM_Stop  stm32f4xx_hal_tim.o
    0x08002848   0x08002848   0x0000021c   Code   RO           17    i.HAL_TIM_PeriodElapsedCallback  main.o
    0x08002a64   0x08002a64   0x00000002   Code   RO         6362    i.HAL_TIM_TriggerCallback  stm32f4xx_hal_tim.o
    0x08002a66   0x08002a66   0x00000002   Code   RO          299    i.HardFault_Handler  stm32f4xx_it.o
    0x08002a68   0x08002a68   0x00000064   Code   RO           18    i.MX_ADC1_Init      main.o
    0x08002acc   0x08002acc   0x00000044   Code   RO           19    i.MX_CAN1_Init      main.o
    0x08002b10   0x08002b10   0x000000d0   Code   RO           20    i.MX_GPIO_Init      main.o
    0x08002be0   0x08002be0   0x0000004c   Code   RO           21    i.MX_TIM12_Init     main.o
    0x08002c2c   0x08002c2c   0x000000cc   Code   RO           22    i.MX_TIM1_Init      main.o
    0x08002cf8   0x08002cf8   0x00000068   Code   RO           23    i.MX_TIM2_Init      main.o
    0x08002d60   0x08002d60   0x0000009c   Code   RO           24    i.MX_TIM3_Init      main.o
    0x08002dfc   0x08002dfc   0x00000068   Code   RO           25    i.MX_TIM4_Init      main.o
    0x08002e64   0x08002e64   0x00000068   Code   RO           26    i.MX_TIM5_Init      main.o
    0x08002ecc   0x08002ecc   0x00000048   Code   RO           27    i.MX_TIM7_Init      main.o
    0x08002f14   0x08002f14   0x0000006c   Code   RO           28    i.MX_TIM8_Init      main.o
    0x08002f80   0x08002f80   0x00000002   Code   RO          300    i.MemManage_Handler  stm32f4xx_it.o
    0x08002f82   0x08002f82   0x00000002   Code   RO          301    i.NMI_Handler       stm32f4xx_it.o
    0x08002f84   0x08002f84   0x00000002   Code   RO          302    i.PendSV_Handler    stm32f4xx_it.o
    0x08002f86   0x08002f86   0x00000002   Code   RO          303    i.RCC_IRQHandler    stm32f4xx_it.o
    0x08002f88   0x08002f88   0x00000002   Code   RO          304    i.SVC_Handler       stm32f4xx_it.o
    0x08002f8a   0x08002f8a   0x00000004   Code   RO          305    i.SysTick_Handler   stm32f4xx_it.o
    0x08002f8e   0x08002f8e   0x00000002   PAD
    0x08002f90   0x08002f90   0x000000a0   Code   RO           29    i.SystemClock_Config  main.o
    0x08003030   0x08003030   0x00000010   Code   RO         7243    i.SystemInit        system_stm32f4xx.o
    0x08003040   0x08003040   0x0000000c   Code   RO          306    i.TIM2_IRQHandler   stm32f4xx_it.o
    0x0800304c   0x0800304c   0x0000000c   Code   RO          307    i.TIM4_IRQHandler   stm32f4xx_it.o
    0x08003058   0x08003058   0x0000000c   Code   RO          308    i.TIM5_IRQHandler   stm32f4xx_it.o
    0x08003064   0x08003064   0x0000000c   Code   RO          309    i.TIM7_IRQHandler   stm32f4xx_it.o
    0x08003070   0x08003070   0x0000001c   Code   RO          310    i.TIM8_BRK_TIM12_IRQHandler  stm32f4xx_it.o
    0x0800308c   0x0800308c   0x000000c8   Code   RO         6364    i.TIM_Base_SetConfig  stm32f4xx_hal_tim.o
    0x08003154   0x08003154   0x0000001a   Code   RO         6365    i.TIM_CCxChannelCmd  stm32f4xx_hal_tim.o
    0x0800316e   0x0800316e   0x00000014   Code   RO         6375    i.TIM_ETR_SetConfig  stm32f4xx_hal_tim.o
    0x08003182   0x08003182   0x00000010   Code   RO         6376    i.TIM_ITRx_SetConfig  stm32f4xx_hal_tim.o
    0x08003192   0x08003192   0x00000002   PAD
    0x08003194   0x08003194   0x00000060   Code   RO         6377    i.TIM_OC1_SetConfig  stm32f4xx_hal_tim.o
    0x080031f4   0x080031f4   0x0000006c   Code   RO         6378    i.TIM_OC2_SetConfig  stm32f4xx_hal_tim.o
    0x08003260   0x08003260   0x00000068   Code   RO         6379    i.TIM_OC3_SetConfig  stm32f4xx_hal_tim.o
    0x080032c8   0x080032c8   0x00000050   Code   RO         6380    i.TIM_OC4_SetConfig  stm32f4xx_hal_tim.o
    0x08003318   0x08003318   0x00000022   Code   RO         6382    i.TIM_TI1_ConfigInputStage  stm32f4xx_hal_tim.o
    0x0800333a   0x0800333a   0x00000024   Code   RO         6384    i.TIM_TI2_ConfigInputStage  stm32f4xx_hal_tim.o
    0x0800335e   0x0800335e   0x00000002   Code   RO          311    i.UsageFault_Handler  stm32f4xx_it.o
    0x08003360   0x08003360   0x00000020   Code   RO         5660    i.__NVIC_SetPriority  stm32f4xx_hal_cortex.o
    0x08003380   0x08003380   0x000002c8   Code   RO           30    i.asInitialCheck    main.o
    0x08003648   0x08003648   0x00000016   Code   RO          537    i.can_mcu_apu_state_mission_unpack  can_mcu.o
    0x0800365e   0x0800365e   0x000000a6   Code   RO          568    i.can_mcu_asb_pack  can_mcu.o
    0x08003704   0x08003704   0x00000094   Code   RO          891    i.can_mcu_dash_apps_brake_unpack  can_mcu.o
    0x08003798   0x08003798   0x00000064   Code   RO         1032    i.can_mcu_ecu_bools_unpack  can_mcu.o
    0x080037fc   0x080037fc   0x00000180   Code   RO           31    i.continuousMonitoring  main.o
    0x0800397c   0x0800397c   0x00000034   Code   RO           32    i.delay_ms          main.o
    0x080039b0   0x080039b0   0x00000018   Code   RO           33    i.isMissionSelectedAutonomous  main.o
    0x080039c8   0x080039c8   0x00000014   Code   RO           34    i.isMissionSelectedManual  main.o
    0x080039dc   0x080039dc   0x000001e0   Code   RO           35    i.main              main.o
    0x08003bbc   0x08003bbc   0x000000cc   Code   RO           36    i.manualInitialCheck  main.o
    0x08003c88   0x08003c88   0x00000078   Code   RO           37    i.supervisorInit    main.o
    0x08003d00   0x08003d00   0x00000008   Code   RO         1153    i.unpack_left_shift_u16  can_mcu.o
    0x08003d08   0x08003d08   0x00000100   Code   RO           38    i.variablesInit     main.o
    0x08003e08   0x08003e08   0x00000062   Code   RO         7287    x$fpl$d2f           fz_wm.l(d2f.o)
    0x08003e6a   0x08003e6a   0x00000018   Code   RO         7320    x$fpl$dcmpinf       fz_wm.l(dcmpi.o)
    0x08003e82   0x08003e82   0x00000002   PAD
    0x08003e84   0x08003e84   0x000002b0   Code   RO         7290    x$fpl$ddiv          fz_wm.l(ddiv.o)
    0x08004134   0x08004134   0x00000026   Code   RO         7301    x$fpl$dfltu         fz_wm.l(dflt_clz.o)
    0x0800415a   0x0800415a   0x00000002   PAD
    0x0800415c   0x0800415c   0x00000078   Code   RO         7307    x$fpl$dleqf         fz_wm.l(dleqf.o)
    0x080041d4   0x080041d4   0x00000154   Code   RO         7309    x$fpl$dmul          fz_wm.l(dmul.o)
    0x08004328   0x08004328   0x0000009c   Code   RO         7322    x$fpl$dnaninf       fz_wm.l(dnaninf.o)
    0x080043c4   0x080043c4   0x0000000c   Code   RO         7324    x$fpl$dretinf       fz_wm.l(dretinf.o)
    0x080043d0   0x080043d0   0x0000006c   Code   RO         7311    x$fpl$drleqf        fz_wm.l(drleqf.o)
    0x0800443c   0x0800443c   0x00000056   Code   RO         7313    x$fpl$f2d           fz_wm.l(f2d.o)
    0x08004492   0x08004492   0x0000008c   Code   RO         7326    x$fpl$fnaninf       fz_wm.l(fnaninf.o)
    0x0800451e   0x0800451e   0x0000000a   Code   RO         7433    x$fpl$fpinit        fz_wm.l(fpinit.o)
    0x08004528   0x08004528   0x0000000a   Code   RO         7328    x$fpl$fretinf       fz_wm.l(fretinf.o)
    0x08004532   0x08004532   0x00000000   Code   RO         7330    x$fpl$usenofp       fz_wm.l(usenofp.o)
    0x08004532   0x08004532   0x00000008   Data   RO         5359    .constdata          stm32f4xx_hal_dma.o
    0x0800453a   0x0800453a   0x00000010   Data   RO         7244    .constdata          system_stm32f4xx.o
    0x0800454a   0x0800454a   0x00000008   Data   RO         7245    .constdata          system_stm32f4xx.o
    0x08004552   0x08004552   0x00000002   PAD
    0x08004554   0x08004554   0x00000020   Data   RO         7491    Region$$Table       anon$$obj.o


    Execution Region RW_IRAM1 (Exec base: 0x20000000, Load base: 0x08004574, Size: 0x00000a58, Max: 0x00020000, ABSOLUTE)

    Exec Addr    Load Addr    Size         Type   Attr      Idx    E Section Name        Object

    0x20000000   0x08004574   0x00000044   Data   RW           42    .data               main.o
    0x20000044   0x080045b8   0x0000000c   Data   RW         5804    .data               stm32f4xx_hal.o
    0x20000050   0x080045c4   0x00000004   Data   RW         7246    .data               system_stm32f4xx.o
    0x20000054        -       0x0000033e   Zero   RW           39    .bss                main.o
    0x20000392   0x080045c8   0x00000002   PAD
    0x20000394        -       0x00000060   Zero   RW           40    .bss                main.o
    0x200003f4        -       0x00000060   Zero   RW         7363    .bss                c_w.l(libspace.o)
    0x20000454   0x080045c8   0x00000004   PAD
    0x20000458        -       0x00000200   Zero   RW            2    HEAP                startup_stm32f446xx.o
    0x20000658        -       0x00000400   Zero   RW            1    STACK               startup_stm32f446xx.o


==============================================================================

Image component sizes


      Code (inc. data)   RO Data    RW Data    ZI Data      Debug   Object Name

       444          0          0          0          0       7418   can_mcu.o
      4684        386          0         68        926     770125   main.o
        64         26        452          0       1536        904   startup_stm32f446xx.o
       144         24          0         12          0       9053   stm32f4xx_hal.o
      1222         72          0          0          0       7506   stm32f4xx_hal_adc.o
      1702          6          0          0          0      16265   stm32f4xx_hal_can.o
       198         14          0          0          0      34307   stm32f4xx_hal_cortex.o
       902         16          8          0          0       6223   stm32f4xx_hal_dma.o
       496         42          0          0          0       3079   stm32f4xx_hal_gpio.o
       760         88          0          0          0       4531   stm32f4xx_hal_msp.o
       112         14          0          0          0       1408   stm32f4xx_hal_pwr_ex.o
       340         32          0          0          0       2475   stm32f4xx_hal_rcc.o
      1068         28          0          0          0       2986   stm32f4xx_hal_rcc_ex.o
      2300        176          0          0          0      20401   stm32f4xx_hal_tim.o
       232         28          0          0          0       3573   stm32f4xx_hal_tim_ex.o
       122         46          0          0          0       8971   stm32f4xx_it.o
        16          4         24          4          0       1307   system_stm32f4xx.o

    ----------------------------------------------------------------------
     14830       1002        518         84       2464     900532   Object Totals
         0          0         32          0          0          0   (incl. Generated)
        24          0          2          0          2          0   (incl. Padding)

    ----------------------------------------------------------------------

      Code (inc. data)   RO Data    RW Data    ZI Data      Debug   Library Member Name

         8          0          0          0          0         68   __main.o
         0          0          0          0          0          0   __rtentry.o
        12          0          0          0          0          0   __rtentry2.o
         6          0          0          0          0          0   __rtentry4.o
        52          8          0          0          0          0   __scatter.o
        26          0          0          0          0          0   __scatter_copy.o
        28          0          0          0          0          0   __scatter_zi.o
        18          0          0          0          0         80   exit.o
         6          0          0          0          0        152   heapauxi.o
         0          0          0          0          0          0   indicate_semi.o
         2          0          0          0          0          0   libinit.o
         6          0          0          0          0          0   libinit2.o
         2          0          0          0          0          0   libshutdown.o
         2          0          0          0          0          0   libshutdown2.o
         8          4          0          0         96         68   libspace.o
       238          0          0          0          0        100   lludivv7m.o
        78          0          0          0          0         80   rt_memclr_w.o
         2          0          0          0          0          0   rtexit.o
        10          0          0          0          0          0   rtexit2.o
        12          4          0          0          0         68   sys_exit.o
        74          0          0          0          0         80   sys_stackheap_outer.o
         2          0          0          0          0         68   use_no_semi.o
        98          4          0          0          0        140   d2f.o
        24          0          0          0          0        116   dcmpi.o
       688        140          0          0          0        256   ddiv.o
        38          0          0          0          0        116   dflt_clz.o
       120          4          0          0          0        140   dleqf.o
       340         12          0          0          0        152   dmul.o
       156          4          0          0          0        140   dnaninf.o
        12          0          0          0          0        116   dretinf.o
       108          0          0          0          0        128   drleqf.o
        86          4          0          0          0        132   f2d.o
       140          4          0          0          0        132   fnaninf.o
        10          0          0          0          0        116   fpinit.o
        10          0          0          0          0        116   fretinf.o
         0          0          0          0          0          0   usenofp.o

    ----------------------------------------------------------------------
      2432        188          0          0        100       2564   Library Totals
        10          0          0          0          4          0   (incl. Padding)

    ----------------------------------------------------------------------

      Code (inc. data)   RO Data    RW Data    ZI Data      Debug   Library Name

       592         16          0          0         96        764   c_w.l
      1830        172          0          0          0       1800   fz_wm.l

    ----------------------------------------------------------------------
      2432        188          0          0        100       2564   Library Totals

    ----------------------------------------------------------------------

==============================================================================


      Code (inc. data)   RO Data    RW Data    ZI Data      Debug   

     17262       1190        518         84       2564     888836   Grand Totals
     17262       1190        518         84       2564     888836   ELF Image Totals
     17262       1190        518         84          0          0   ROM Totals

==============================================================================

    Total RO  Size (Code + RO Data)                17780 (  17.36kB)
    Total RW  Size (RW Data + ZI Data)              2648 (   2.59kB)
    Total ROM Size (Code + RO Data + RW Data)      17864 (  17.45kB)

==============================================================================

