<html>
<body>
<pre>
<h1>µVision Build Log</h1>
<h2>Tool Versions:</h2>
IDE-Version: µVision V5.35.0.0
Copyright (C) 2021 ARM Ltd and ARM Germany GmbH. All rights reserved.
License Information: Eleftherios Balogiannis, Aristotle University of Thessaloniki, LIC=P961Z-36QYG-U7TRS-Z7KRQ-VUYX7-SS4RH
 
Tool Versions:
Toolchain:       MDK-ARM Community  Version: 5.35.0.2
Toolchain Path:  C:\Keil_v5\ARM\ARMCC\Bin
C Compiler:      Armcc.exe V5.06 update 7 (build 960)
Assembler:       Armasm.exe V5.06 update 7 (build 960)
Linker/Locator:  ArmLink.exe V5.06 update 7 (build 960)
Library Manager: ArmAr.exe V5.06 update 7 (build 960)
Hex Converter:   FromElf.exe V5.06 update 7 (build 960)
CPU DLL:         SARMCM3.DLL V5.35.0.2
Dialog DLL:      DCM.DLL V1.17.3.0
Target DLL:      STLink\ST-LINKIII-KEIL_SWO.dll V3.0.9.0
Dialog DLL:      TCM.DLL V1.53.0.0
 
<h2>Project:</h2>
C:\Users\Lefteris\Documents\THMMY\ARISTURTLE\EV22\ASB_Supervisor\ASB_Supervisor_EV22\ASB_testing\MDK-ARM\ASB_testing.uvprojx
Project File Date:  06/08/2022

<h2>Output:</h2>
*** Using Compiler 'V5.06 update 7 (build 960)', folder: 'C:\Keil_v5\ARM\ARMCC\Bin'
Build target 'ASB_testing'
compiling main.c...
../Core/Src/main.c(965): warning:  #1035-D: single-precision operand implicitly converted to double-precision
  	} while ((tank_pressure < TANK_PRESSURE_THRESHOLD)); // || (canBrakePressureStruct.brake_pressure < BRAKE_PRESSURE_BRAKING)
../Core/Src/main.c(1120): warning:  #1035-D: single-precision operand implicitly converted to double-precision
  	if(tank_pressure < TANK_PRESSURE_LOWER_BOUND || tank_pressure > TANK_PRESSURE_UPPER_BOUND) // Logic says that tank's pressure will always first pass from TANK_PRESSURE_THRESHOLD and then TANK_PRESSURE_LOWER_BOUND
../Core/Src/main.c(1213): warning:  #1035-D: single-precision operand implicitly converted to double-precision
  		tank_pressure = (float)((Vout - 1) / 0.4);		// [bar] - SMC pressure sensor's transfer function: V = 0.4 * P + 1
../Core/Src/main.c(1302): warning:  #1035-D: single-precision operand implicitly converted to double-precision
  		if(tank_pressure < TANK_PRESSURE_THRESHOLD)			// If pressure is not high enough then the EBS is unavailable
../Core/Src/main.c: 4 warnings, 0 errors
linking...
Program Size: Code=17262 RO-data=518 RW-data=84 ZI-data=2564  
FromELF: creating hex file...
"ASB_testing\ASB_testing.axf" - 0 Error(s), 4 Warning(s).

<h2>Software Packages used:</h2>

Package Vendor: ARM
                http://www.keil.com/pack/ARM.CMSIS.5.8.0.pack
                ARM.CMSIS.5.8.0
                CMSIS (Common Microcontroller Software Interface Standard)
   * Component: CORE Version: 5.5.0

Package Vendor: Keil
                http://www.keil.com/pack/Keil.STM32F4xx_DFP.2.15.0.pack
                Keil.STM32F4xx_DFP.2.15.0
                STMicroelectronics STM32F4 Series Device Support, Drivers and Examples

<h2>Collection of Component include folders:</h2>
  .\RTE\_ASB_testing
  C:\Users\Lefteris\AppData\Local\Arm\Packs\ARM\CMSIS\5.8.0\CMSIS\Core\Include
  C:\Users\Lefteris\AppData\Local\Arm\Packs\Keil\STM32F4xx_DFP\2.15.0\Drivers\CMSIS\Device\ST\STM32F4xx\Include

<h2>Collection of Component Files used:</h2>

   * Component: ARM::CMSIS:CORE:5.5.0
      Include file:  CMSIS\Core\Include\tz_context.h
Build Time Elapsed:  00:00:04
</pre>
</body>
</html>
